             VMA              LMA     Size Align Out     In      Symbol
             2a8              2a8       1b     1 .interp
             2a8              2a8       1b     1         <internal>:(.interp)
             2c4              2c4       20     4 .note.ABI-tag
             2c4              2c4       20     4         /usr/aarch64-linux-gnu/lib/Scrt1.o:(.note.ABI-tag)
             2c4              2c4        0     1                 $d
             2c4              2c4       20     1                 __abi_tag
             2e8              2e8      288     8 .dynsym
             2e8              2e8      288     8         <internal>:(.dynsym)
             570              570       36     2 .gnu.version
             570              570       36     2         <internal>:(.gnu.version)
             5a8              5a8       80     4 .gnu.version_r
             5a8              5a8       80     4         <internal>:(.gnu.version_r)
             628              628       1c     8 .gnu.hash
             628              628       1c     8         <internal>:(.gnu.hash)
             644              644      1e3     1 .dynstr
             644              644      1e3     1         <internal>:(.dynstr)
             828              828      1f8     8 .rela.dyn
             828              828      1f8     8         <internal>:(.rela.dyn)
             a20              a20      1f8     8 .rela.plt
             a20              a20      1f8     8         <internal>:(.rela.plt)
             c20              c20      8c0    16 .rodata
             c20              c20      200    16         <internal>:(.rodata.cst16)
             e20              e20        a     1         /home/emeric/.cache/autoport-supervisor-tests/frontier-parity-27fe8d.o:(.rodata._ZTS8Boundary)
             e20              e20        0     1                 $d.5
             e20              e20        a     1                 typeinfo name for Boundary
             e2a              e2a      61e     1         <internal>:(.rodata.str1.1)
            1448             1448       18     4         /home/emeric/.cache/autoport-supervisor-tests/frontier-parity-27fe8d.o:(.rodata..L__const.main.fades)
            1448             1448        0     1                 $d.8
            1460             1460       30     4         /home/emeric/.cache/autoport-supervisor-tests/frontier-parity-27fe8d.o:(.rodata..L__const.main.positions)
            1460             1460        0     1                 $d.9
            1490             1490       50     4         /home/emeric/.cache/autoport-supervisor-tests/frontier-parity-27fe8d.o:(.rodata..L__const._ZL4seedRN6Mips2C16ExecutionContextEj.edge)
            1490             1490        0     1                 $d.10
            14e0             14e0      11c     4 .gcc_except_table
            14e0             14e0       30     4         /home/emeric/.cache/autoport-supervisor-tests/frontier-parity-27fe8d.o:(.gcc_except_table.main)
            14e0             14e0        0     1                 GCC_except_table1
            14e0             14e0        0     1                 $d.3
            1510             1510       24     4         /home/emeric/code/jak-project/.autoport/reports/perf-mips2c-neon/notes/attempt9/arm-clang-before-linked.o:(.gcc_except_table._ZN6Mips2C4jak119sp_process_block_3d7executeEPv)
            1510             1510        0     1                 GCC_except_table0
            1510             1510        0     1                 $d.1
            1534             1534       14     4         /home/emeric/code/jak-project/.autoport/reports/perf-mips2c-neon/notes/attempt9/arm-clang-before-linked.o:(.gcc_except_table._ZN6Mips2C4jak119sp_process_block_3d4linkEv)
            1534             1534        0     1                 GCC_except_table1
            1534             1534        0     1                 $d.3
            1548             1548       24     4         /home/emeric/code/jak-project/.autoport/reports/perf-mips2c-neon/notes/attempt9/arm-clang-before-linked.o:(.gcc_except_table._ZN6Mips2C4jak119sp_process_block_2d7executeEPv)
            1548             1548        0     1                 GCC_except_table2
            1548             1548        0     1                 $d.5
            156c             156c       14     4         /home/emeric/code/jak-project/.autoport/reports/perf-mips2c-neon/notes/attempt9/arm-clang-before-linked.o:(.gcc_except_table._ZN6Mips2C4jak119sp_process_block_2d4linkEv)
            156c             156c        0     1                 GCC_except_table3
            156c             156c        0     1                 $d.7
            1580             1580       30     4         /home/emeric/code/jak-project/.autoport/reports/perf-mips2c-neon/notes/attempt9/arm-clang-after-linked.o:(.gcc_except_table._ZN6Mips2C4jak119sp_process_block_3d7executeEPv)
            1580             1580        0     1                 GCC_except_table0
            1580             1580        0     1                 $d.1
            15b0             15b0       14     4         /home/emeric/code/jak-project/.autoport/reports/perf-mips2c-neon/notes/attempt9/arm-clang-after-linked.o:(.gcc_except_table._ZN6Mips2C4jak119sp_process_block_3d4linkEv)
            15b0             15b0        0     1                 GCC_except_table1
            15b0             15b0        0     1                 $d.3
            15c4             15c4       24     4         /home/emeric/code/jak-project/.autoport/reports/perf-mips2c-neon/notes/attempt9/arm-clang-after-linked.o:(.gcc_except_table._ZN6Mips2C4jak119sp_process_block_2d7executeEPv)
            15c4             15c4        0     1                 GCC_except_table2
            15c4             15c4        0     1                 $d.5
            15e8             15e8       14     4         /home/emeric/code/jak-project/.autoport/reports/perf-mips2c-neon/notes/attempt9/arm-clang-after-linked.o:(.gcc_except_table._ZN6Mips2C4jak119sp_process_block_2d4linkEv)
            15e8             15e8        0     1                 GCC_except_table3
            15e8             15e8        0     1                 $d.7
            15fc             15fc       6c     4 .eh_frame_hdr
            15fc             15fc       6c     4         <internal>:(.eh_frame_hdr)
            1668             1668      270     8 .eh_frame
            1668             1668       28     1         /usr/aarch64-linux-gnu/lib/Scrt1.o:(.eh_frame+0x0)
            1690             1690       64     1         /usr/aarch64-linux-gnu/lib/gcc-cross/12/crtbeginS.o:(.eh_frame+0x14)
            16f4             16f4       14     1         /usr/aarch64-linux-gnu/lib/gcc-cross/12/libgcc.a(ldadd_8_1.o):(.eh_frame+0x14)
            1708             1708       24     1         /usr/aarch64-linux-gnu/lib/gcc-cross/12/libgcc.a(lse-init.o):(.eh_frame+0x14)
            172c             172c       3c     1         /home/emeric/.cache/autoport-supervisor-tests/frontier-parity-27fe8d.o:(.eh_frame+0x0)
            1768             1768       1c     1         /home/emeric/.cache/autoport-supervisor-tests/assert-fail-fast-19260d.o:(.eh_frame+0x14)
            1784             1784       84     1         /home/emeric/.cache/autoport-supervisor-tests/frontier-parity-27fe8d.o:(.eh_frame+0x3c)
            1808             1808       64     1         /home/emeric/code/jak-project/.autoport/reports/perf-mips2c-neon/notes/attempt9/arm-clang-before-linked.o:(.eh_frame+0x20)
            186c             186c       68     1         /home/emeric/code/jak-project/.autoport/reports/perf-mips2c-neon/notes/attempt9/arm-clang-after-linked.o:(.eh_frame+0x20)
           11900            11900     31a4    64 .text
           11900            11900       34    64         /usr/aarch64-linux-gnu/lib/Scrt1.o:(.text)
           11900            11900        0     1                 $x
           11900            11900       34     1                 _start
           11934            11934       14     4         /usr/aarch64-linux-gnu/lib/crti.o:(.text)
           11934            11934        0     1                 $x
           11934            11934       14     1                 call_weak_fn
           11950            11950       c4    16         /usr/aarch64-linux-gnu/lib/gcc-cross/12/crtbeginS.o:(.text)
           11950            11950        0     1                 $x
           11950            11950        0     1                 deregister_tm_clones
           11980            11980        0     1                 register_tm_clones
           119c0            119c0        0     1                 __do_global_dtors_aux
           11a10            11a10        0     1                 frame_dummy
           11a14            11a14       90     4         /home/emeric/.cache/autoport-supervisor-tests/frontier-parity-27fe8d.o:(.text._call_goal8_asm_systemv)
           11a14            11a14        0     1                 $x.0
           11a14            11a14       90     1                 _call_goal8_asm_systemv
           11aa4            11aa4     1334     4         /home/emeric/.cache/autoport-supervisor-tests/frontier-parity-27fe8d.o:(.text.main)
           11aa4            11aa4        0     1                 $x.2
           11aa4            11aa4     1334     1                 main
           12dd8            12dd8       3c     4         /home/emeric/.cache/autoport-supervisor-tests/assert-fail-fast-19260d.o:(.text._Z21private_assert_failedPKcS0_iS0_S0_)
           12dd8            12dd8        0     1                 $x.0
           12dd8            12dd8       3c     1                 private_assert_failed(char const*, char const*, int, char const*, char const*)
           12e14            12e14      e10     4         /home/emeric/code/jak-project/.autoport/reports/perf-mips2c-neon/notes/attempt9/arm-clang-before-linked.o:(.text._ZN6Mips2C4jak119sp_process_block_3d7executeEPv)
           12e14            12e14        0     1                 $x.0
           12e14            12e14      e10     1                 full_before_execute
           13c24            13c24      e24     4         /home/emeric/code/jak-project/.autoport/reports/perf-mips2c-neon/notes/attempt9/arm-clang-after-linked.o:(.text._ZN6Mips2C4jak119sp_process_block_3d7executeEPv)
           13c24            13c24        0     1                 $x.0
           13c24            13c24      e24     1                 full_after_execute
           14a50            14a50       30    16         /usr/aarch64-linux-gnu/lib/gcc-cross/12/libgcc.a(ldadd_8_1.o):(.text)
           14a50            14a50        0     1                 $x
           14a50            14a50       30     1                 __aarch64_ldadd8_relax
           14a80            14a80       24    16         /usr/aarch64-linux-gnu/lib/gcc-cross/12/libgcc.a(lse-init.o):(.text.startup)
           14a80            14a80        0     1                 $x
           14a80            14a80       24     1                 init_have_lse_atomics
           14aa4            14aa4       18     4 .init
           14aa4            14aa4       10     4         /usr/aarch64-linux-gnu/lib/crti.o:(.init)
           14aa4            14aa4        0     1                 $x
           14aa4            14aa4        0     1                 _init
           14ab4            14ab4        8     4         /usr/aarch64-linux-gnu/lib/crtn.o:(.init)
           14ab4            14ab4        0     1                 $x
           14abc            14abc       14     4 .fini
           14abc            14abc        c     4         /usr/aarch64-linux-gnu/lib/crti.o:(.fini)
           14abc            14abc        0     1                 $x
           14abc            14abc        0     1                 _fini
           14ac8            14ac8        8     4         /usr/aarch64-linux-gnu/lib/crtn.o:(.fini)
           14ac8            14ac8        0     1                 $x
           14ad0            14ad0      170    16 .plt
           14ad0            14ad0      170    16         <internal>:(.plt)
           24c40            24c40        8     8 .fini_array
           24c40            24c40        8     8         /usr/aarch64-linux-gnu/lib/gcc-cross/12/crtbeginS.o:(.fini_array)
           24c40            24c40        0     1                 $d
           24c40            24c40        0     1                 __do_global_dtors_aux_fini_array_entry
           24c48            24c48       10     8 .init_array
           24c48            24c48        8     8         /usr/aarch64-linux-gnu/lib/gcc-cross/12/crtbeginS.o:(.init_array)
           24c48            24c48        0     1                 $d
           24c48            24c48        0     1                 __frame_dummy_init_array_entry
           24c50            24c50        8     8         /usr/aarch64-linux-gnu/lib/gcc-cross/12/libgcc.a(lse-init.o):(.init_array)
           24c50            24c50        0     1                 $d
           24c58            24c58       30     8 .data.rel.ro
           24c58            24c58       10     8         /home/emeric/.cache/autoport-supervisor-tests/frontier-parity-27fe8d.o:(.data.rel.ro._ZTI8Boundary)
           24c58            24c58        0     1                 $d.6
           24c58            24c58       10     1                 typeinfo for Boundary
           24c68            24c68       20     8         /home/emeric/.cache/autoport-supervisor-tests/frontier-parity-27fe8d.o:(.data.rel.ro._ZZL10route_namejE5names)
           24c68            24c68       20     1                 route_name(unsigned int)::names
           24c68            24c68        0     1                 $d.11
           24c88            24c88      1d0     8 .dynamic
           24c88            24c88      1d0     8         <internal>:(.dynamic)
           24e58            24e58       48     8 .got
           24e58            24e58       48     8         <internal>:(.got)
           24ea0            24ea0      160     1 .relro_padding
           24ea0            24ea0        0     1         <internal>:(.relro_padding)
           34ea0            34ea0        0     8 .tm_clone_table
           34ea0            34ea0        0     8         /usr/aarch64-linux-gnu/lib/gcc-cross/12/crtbeginS.o:(.tm_clone_table)
           34ea0            34ea0        0     1                 __TMC_LIST__
           34ea0            34ea0        0     8         /usr/aarch64-linux-gnu/lib/gcc-cross/12/crtendS.o:(.tm_clone_table)
           34ea0            34ea0        0     1                 __TMC_END__
           34ea0            34ea0       18     8 .data
           34ea0            34ea0        8     8         /usr/aarch64-linux-gnu/lib/gcc-cross/12/crtbeginS.o:(.data.rel.local)
           34ea0            34ea0        0     1                 $d
           34ea0            34ea0        0     1                 __dso_handle
           34ea8            34ea8        8     8         /home/emeric/.cache/autoport-supervisor-tests/frontier-parity-27fe8d.o:(.data)
           34ea8            34ea8        0     1                 $d.12
           34eb0            34eb0        8     8         /home/emeric/.cache/autoport-supervisor-tests/frontier-parity-27fe8d.o:(.data.DW.ref.__gxx_personality_v0)
           34eb0            34eb0        0     1                 $d.13
           34eb0            34eb0        8     1                 DW.ref.__gxx_personality_v0
           34eb8            34eb8       c0     8 .got.plt
           34eb8            34eb8       c0     8         <internal>:(.got.plt)
           34f78            34f78      1d1     8 .bss
           34f78            34f78        1     1         /usr/aarch64-linux-gnu/lib/gcc-cross/12/crtbeginS.o:(.bss)
           34f78            34f78        1     1                 completed.0
           34f78            34f78        0     1                 $d
           34f80            34f80        8     8         /home/emeric/.cache/autoport-supervisor-tests/frontier-parity-27fe8d.o:(.bss.g_ee_main_mem)
           34f80            34f80        0     1                 $d.4
           34f80            34f80        8     1                 g_ee_main_mem
           34f88            34f88       c0     8         /home/emeric/code/jak-project/.autoport/reports/perf-mips2c-neon/notes/attempt9/arm-clang-before-linked.o:(.bss.g_spart_prof)
           34f88            34f88        0     1                 $d.8
           34f88            34f88       c0     1                 full_before_g_spart_prof
           35048            35048       20     8         /home/emeric/code/jak-project/.autoport/reports/perf-mips2c-neon/notes/attempt9/arm-clang-before-linked.o:(.bss._ZN6Mips2C4jak119sp_process_block_3d5cacheE)
           35048            35048        0     1                 $d.10
           35048            35048       20     1                 full_before_cache
           35068            35068       c0     8         /home/emeric/code/jak-project/.autoport/reports/perf-mips2c-neon/notes/attempt9/arm-clang-after-linked.o:(.bss.g_spart_prof)
           35068            35068        0     1                 $d.8
           35068            35068       c0     1                 full_after_g_spart_prof
           35128            35128       20     8         /home/emeric/code/jak-project/.autoport/reports/perf-mips2c-neon/notes/attempt9/arm-clang-after-linked.o:(.bss._ZN6Mips2C4jak119sp_process_block_3d5cacheE)
           35128            35128        0     1                 $d.10
           35128            35128       20     1                 full_after_cache
           35148            35148        1     1         /usr/aarch64-linux-gnu/lib/gcc-cross/12/libgcc.a(lse-init.o):(.bss)
           35148            35148        0     1                 $d
           35148            35148        1     1                 __aarch64_have_lse_atomics
               0                0       eb     1 .comment
               0                0       eb     1         <internal>:(.comment)
               0                0      cc0     8 .symtab
               0                0      cc0     8         <internal>:(.symtab)
               0                0      133     1 .shstrtab
               0                0      133     1         <internal>:(.shstrtab)
               0                0      600     1 .strtab
               0                0      600     1         <internal>:(.strtab)
