[proof_run lighting-hdr] ecran : mWakefulness=Awake
[proof_run lighting-hdr] HDR batch: .autoport/reports/lighting-hdr/batches/essai21-readback/20260908T035912-3673185 ; refset=/data/data/org.opengoal.gk.jak1/files/hdr-1788839952-3673185
[proof_run lighting-hdr] appareil eae4df44 : org.opengoal.gk.jak1/org.opengoal.gk.LoaderActivity pendant 450s (armed=1)
[proof_run lighting-hdr] HDR captures and paired measurements published after 348s
[proof_run lighting-hdr] ecrit .autoport/reports/lighting-hdr/proof.txt (frames=840 crash=0 duree=360s) ; sortie moteur : .autoport/reports/lighting-hdr/proof-engine.log
[teardown] eae4df44: debug.opengoal.feature etait 'lighting-hdr' -> vide
[teardown] eae4df44: debug.opengoal.feature.armed etait '1' -> vide
[teardown] eae4df44: debug.opengoal.hdr etait '1' -> vide
[teardown] eae4df44: debug.opengoal.level.warp etait 'ogre-start' -> vide
[teardown] eae4df44: debug.opengoal.padreplay etait '/data/data/org.opengoal.gk.jak1/files/neutral.inputs' -> vide
[teardown] eae4df44: debug.opengoal.recharged etait '1' -> vide
[teardown] eae4df44: debug.opengoal.refset etait 'capture' -> vide
[teardown] eae4df44: debug.opengoal.refset.dir etait '/data/data/org.opengoal.gk.jak1/files/hdr-1788839952-3673185' -> vide
[teardown] eae4df44: debug.opengoal.refset.hours etait '0,3,6,9,12,15,18,21' -> vide
[teardown] eae4df44: debug.opengoal.refset.loadsettle etait '12' -> vide
[teardown] eae4df44: debug.opengoal.refset.orderhour etait '1' -> vide
[teardown] eae4df44: debug.opengoal.refset.phases etait '2,3' -> vide
[teardown] eae4df44: debug.opengoal.refset.settle etait '12' -> vide
[teardown] eae4df44: debug.opengoal.refset.vantages etait 'ogre-start' -> vide
[teardown] eae4df44: debug.opengoal.refset.warpat etait '300' -> vide
[teardown] eae4df44: debug.opengoal.rt.light etait '1' -> vide
[teardown] eae4df44: debug.opengoal.want.display etait 'ogre,display' -> vide
[teardown] eae4df44: debug.opengoal.want.levels etait 'ogre' -> vide
[teardown] eae4df44: 18 propriete(s) effacee(s), marqueurs fichier retires.
