[garde-binaire shrub-trunk-contact] ECART : le telephone porte a4656a7d9c9ea78bcdfb8c8bf76ccd64, le build local 5ff265dc1ae1cfdb3313faa0a6410b70
[garde-binaire shrub-trunk-contact] verrou pose (pid=1269130) ; installation de android/app/build/outputs/apk/jak1/debug/app-jak1-debug.apk sur eae4df44
Performing Streamed Install
Success
[garde-binaire shrub-trunk-contact] LIVRE : 5ff265dc1ae1cfdb3313faa0a6410b70 sur eae4df44 ; la course peut mesurer
proof_binary_gate_ran=1
proof_binary_decision=deploye
proof_binary_rc=0
proof_binary_reason=apk-du-constructeur-installe
proof_binary_local_md5=5ff265dc1ae1cfdb3313faa0a6410b70
proof_binary_device_md5=5ff265dc1ae1cfdb3313faa0a6410b70
proof_binary_device_md5_before=a4656a7d9c9ea78bcdfb8c8bf76ccd64
proof_binary_serial=eae4df44
proof_binary_checked_before_measure=1
proof_binary_deploy_attempted=1
proof_binary_deploy_rc=0
proof_binary_deploy_source=android/app/build/outputs/apk/jak1/debug/app-jak1-debug.apk
proof_binary_lock_state=libre
proof_binary_apk_candidates=1
proof_binary_apk_conforming=1
