[0/2] Re-checking globbed directories...
[1/3] Building CXX object android/CMakeFiles/gk.dir/__/game/graphics/opengl_renderer/GrassRenderer.cpp.o
In file included from /home/emeric/code/jak-project/game/graphics/opengl_renderer/GrassRenderer.cpp:2:
In file included from /home/emeric/code/jak-project/game/graphics/opengl_renderer/background/shrub_contact_probe.h:8:
/home/emeric/code/jak-project/game/graphics/pipelines/opengl.h:64:8: warning: 'init_splash' overrides a member function but is not marked 'override' [-Winconsistent-missing-override]
   64 |   void init_splash();
      |        ^
/home/emeric/code/jak-project/game/graphics/display.h:34:16: note: overridden virtual function is here
   34 |   virtual void init_splash() = 0;
      |                ^
In file included from /home/emeric/code/jak-project/game/graphics/opengl_renderer/GrassRenderer.cpp:2:
In file included from /home/emeric/code/jak-project/game/graphics/opengl_renderer/background/shrub_contact_probe.h:8:
/home/emeric/code/jak-project/game/graphics/pipelines/opengl.h:65:8: warning: 'draw_splash' overrides a member function but is not marked 'override' [-Winconsistent-missing-override]
   65 |   void draw_splash(int fb_w, int fb_h);
      |        ^
/home/emeric/code/jak-project/game/graphics/display.h:35:16: note: overridden virtual function is here
   35 |   virtual void draw_splash(int fb_w, int fb_h) = 0;
      |                ^
2 warnings generated.
[2/3] Linking CXX shared library lib/arm64-v8a/libgk.so
[npc-flicker] garde OK — 47 proprietes tenues
