10012 village1-eco-blue-h12 [128, 14, 202, 110]
before_origine-lumiere {'white': 89.33333333333333, 'nearwhite': 217.83333333333334, 'clipped': 2152.8333333333335, 'luma': 164.989184496997, 'detail': 17.02895938476328, 'flat': 0.013794760874789714, 'saturation': 0.5439763650695786}
before_recharged {'white': 0.0, 'nearwhite': 146.33333333333334, 'clipped': 517.0, 'luma': 144.96272053303304, 'detail': 17.528598894496515, 'flat': 0.028406633020908432, 'saturation': 0.6133275985988278}
after_origine-lumiere {'white': 88.66666666666667, 'nearwhite': 217.16666666666666, 'clipped': 2154.3333333333335, 'luma': 164.99732545045046, 'detail': 17.038764720019227, 'flat': 0.013266041816870943, 'saturation': 0.5438686683937314}
after_recharged {'white': 56.666666666666664, 'nearwhite': 155.83333333333334, 'clipped': 2065.5, 'luma': 145.4185200825826, 'detail': 17.7056236481615, 'flat': 0.028046142754145634, 'saturation': 0.6138580386291533}
10012 village1-eco-blue-h18 [116, 18, 204, 105]
before_origine-lumiere {'white': 25.0, 'nearwhite': 89.33333333333333, 'clipped': 1388.6666666666667, 'luma': 102.91877830024383, 'detail': 15.68753898244676, 'flat': 0.010179987525617036, 'saturation': 0.5375772903208559}
before_recharged {'white': 0.0, 'nearwhite': 109.66666666666667, 'clipped': 397.0, 'luma': 101.84106147683734, 'detail': 14.987481065668716, 'flat': 0.012095696337877571, 'saturation': 0.5252806848180996}
after_origine-lumiere {'white': 25.5, 'nearwhite': 89.5, 'clipped': 1387.5, 'luma': 102.92047631487287, 'detail': 15.698699100062372, 'flat': 0.010135436157890048, 'saturation': 0.5375698850314284}
after_recharged {'white': 41.666666666666664, 'nearwhite': 121.16666666666667, 'clipped': 1466.1666666666667, 'luma': 102.02388105189829, 'detail': 15.052860197808073, 'flat': 0.012051144970150585, 'saturation': 0.5254211973033253}
10013 village1-eco-blue-h12 [174, 22, 208, 63]
before_origine-lumiere {'white': 15.5, 'nearwhite': 37.833333333333336, 'clipped': 611.6666666666666, 'luma': 162.7379244380679, 'detail': 14.254040404040403, 'flat': 0.013005050505050506, 'saturation': 0.5533941909976369}
before_recharged {'white': 0.0, 'nearwhite': 44.0, 'clipped': 140.0, 'luma': 162.26960784313727, 'detail': 15.90732323232323, 'flat': 0.023484848484848483, 'saturation': 0.5707008043314313}
after_origine-lumiere {'white': 15.5, 'nearwhite': 37.833333333333336, 'clipped': 611.5, 'luma': 162.71759923481588, 'detail': 14.250378787878788, 'flat': 0.012878787878787878, 'saturation': 0.5533622006881008}
after_recharged {'white': 26.5, 'nearwhite': 45.5, 'clipped': 646.1666666666666, 'luma': 162.80906264945003, 'detail': 16.046085858585858, 'flat': 0.025252525252525252, 'saturation': 0.5712629781502264}
10013 village1-eco-blue-h18 [174, 21, 211, 62]
before_origine-lumiere {'white': 10.0, 'nearwhite': 26.0, 'clipped': 330.6666666666667, 'luma': 129.8277301691936, 'detail': 17.103819444444444, 'flat': 0.01099537037037037, 'saturation': 0.470473858011331}
before_recharged {'white': 0.0, 'nearwhite': 31.0, 'clipped': 91.0, 'luma': 121.53658536585367, 'detail': 15.409837962962962, 'flat': 0.012268518518518519, 'saturation': 0.46389112233559526}
after_origine-lumiere {'white': 10.0, 'nearwhite': 26.0, 'clipped': 330.1666666666667, 'luma': 129.82432432432432, 'detail': 17.107407407407408, 'flat': 0.011111111111111112, 'saturation': 0.4704832125863896}
after_recharged {'white': 15.5, 'nearwhite': 34.166666666666664, 'clipped': 308.6666666666667, 'luma': 121.75368050977806, 'detail': 15.497916666666667, 'flat': 0.013773148148148147, 'saturation': 0.4641751845688673}
