[proof_run lighting-hdr] ecran : mWakefulness=Awake
[proof_run lighting-hdr] HDR batch: .autoport/reports/lighting-hdr/batches/essai25-finite-white/20260908T062547-3759803 ; refset=/data/data/org.opengoal.gk.jak1/files/hdr-1788848747-3759803
[proof_run lighting-hdr] appareil eae4df44 : org.opengoal.gk.jak1/org.opengoal.gk.LoaderActivity pendant 200s (armed=1)
[proof_run lighting-hdr] HDR process emitted its crash trace; collecting the failed batch
[proof_run lighting-hdr] le processus a change ou disparu (avant=4326 apres=)
[proof_run lighting-hdr] files/gk_crash.txt present
[proof_run lighting-hdr] ecrit .autoport/reports/lighting-hdr/proof.txt (frames=360 crash=1 duree=57s) ; sortie moteur : .autoport/reports/lighting-hdr/proof-engine.log
[teardown] eae4df44: debug.opengoal.feature etait 'lighting-hdr' -> vide
[teardown] eae4df44: debug.opengoal.feature.armed etait '1' -> vide
[teardown] eae4df44: debug.opengoal.hdr etait '1' -> vide
[teardown] eae4df44: debug.opengoal.level.warp etait 'village1-hut' -> vide
[teardown] eae4df44: debug.opengoal.padreplay etait '/data/data/org.opengoal.gk.jak1/files/neutral.inputs' -> vide
[teardown] eae4df44: debug.opengoal.recharged etait '1' -> vide
[teardown] eae4df44: debug.opengoal.refset etait 'capture' -> vide
[teardown] eae4df44: debug.opengoal.refset.dir etait '/data/data/org.opengoal.gk.jak1/files/hdr-1788848747-3759803' -> vide
[teardown] eae4df44: debug.opengoal.refset.hours etait '12,18' -> vide
[teardown] eae4df44: debug.opengoal.refset.loadsettle etait '240' -> vide
[teardown] eae4df44: debug.opengoal.refset.orderhour etait '1' -> vide
[teardown] eae4df44: debug.opengoal.refset.phases etait '2,3' -> vide
[teardown] eae4df44: debug.opengoal.refset.settle etait '12' -> vide
[teardown] eae4df44: debug.opengoal.refset.temporal etait '6' -> vide
[teardown] eae4df44: debug.opengoal.refset.vantages etait 'village1-eco-blue' -> vide
[teardown] eae4df44: debug.opengoal.refset.warpat etait '300' -> vide
[teardown] eae4df44: debug.opengoal.rt.light etait '1' -> vide
[teardown] eae4df44: debug.opengoal.want.display etait 'village1,display' -> vide
[teardown] eae4df44: debug.opengoal.want.levels etait 'village1' -> vide
[teardown] eae4df44: 19 propriete(s) effacee(s), marqueurs fichier retires.
