[proof_run lighting-hdr] ecran : mWakefulness=Awake
[proof_run lighting-hdr] HDR batch: .autoport/reports/lighting-hdr/batches/essai25-finite-white/20260908T063147-3766137 ; refset=/data/data/org.opengoal.gk.jak1/files/hdr-1788849107-3766137
[proof_run lighting-hdr] appareil eae4df44 : org.opengoal.gk.jak1/org.opengoal.gk.LoaderActivity pendant 200s (armed=1)
[proof_run lighting-hdr] HDR captures and paired measurements published after 68s
[proof_run lighting-hdr] ecrit .autoport/reports/lighting-hdr/proof.txt (frames=1140 crash=0 duree=81s) ; sortie moteur : .autoport/reports/lighting-hdr/proof-engine.log
[teardown] eae4df44: debug.opengoal.feature etait 'lighting-hdr' -> vide
[teardown] eae4df44: debug.opengoal.feature.armed etait '1' -> vide
[teardown] eae4df44: debug.opengoal.hdr etait '1' -> vide
[teardown] eae4df44: debug.opengoal.level.warp etait 'village1-hut' -> vide
[teardown] eae4df44: debug.opengoal.padreplay etait '/data/data/org.opengoal.gk.jak1/files/neutral.inputs' -> vide
[teardown] eae4df44: debug.opengoal.recharged etait '1' -> vide
[teardown] eae4df44: debug.opengoal.refset etait 'capture' -> vide
[teardown] eae4df44: debug.opengoal.refset.dir etait '/data/data/org.opengoal.gk.jak1/files/hdr-1788849107-3766137' -> vide
[teardown] eae4df44: debug.opengoal.refset.hours etait '12,18' -> vide
[teardown] eae4df44: debug.opengoal.refset.loadsettle etait '240' -> vide
[teardown] eae4df44: debug.opengoal.refset.orderhour etait '1' -> vide
[teardown] eae4df44: debug.opengoal.refset.phases etait '2,3' -> vide
[teardown] eae4df44: debug.opengoal.refset.settle etait '12' -> vide
[teardown] eae4df44: debug.opengoal.refset.temporal etait '6' -> vide
[teardown] eae4df44: debug.opengoal.refset.vantages etait 'village1-eco-blue' -> vide
[teardown] eae4df44: debug.opengoal.refset.warpat etait '300' -> vide
[teardown] eae4df44: debug.opengoal.rt.light etait '1' -> vide
[teardown] eae4df44: debug.opengoal.want.display etait 'village1,display' -> vide
[teardown] eae4df44: debug.opengoal.want.levels etait 'village1' -> vide
[teardown] eae4df44: 19 propriete(s) effacee(s), marqueurs fichier retires.
