started_at=2026-09-15T01:44:48Z
duration_s=133
crash=0
frames=5100
proof_run_id=20260915T014447Z-1553215-9541808a
proof_attempt_id=perf-codegen-arm64-calls@3#1789436561
stale_precheck_stale_total=0
stale_precheck_rc=0
proof_binary_decision=identique
proof_props_effective=14
proof_props_lost=0
proof_prop_obs_recharged=0
proof_prop_obs_perf_buckets=1
proof_prop_obs_fixed_tick=0
proof_prop_obs_level_warp=village1-hut
proof_prop_obs_padreplay=/data/data/org.opengoal.gk.jak1/files/neutral.inputs
proof_prop_obs_pad_replay_realtime=0
proof_prop_obs_refset=replay
proof_prop_obs_refset_dir=/sdcard/Android/data/org.opengoal.gk.jak1/files/codegen-calls-a2
proof_prop_obs_refset_phases=1
proof_prop_obs_refset_vantages=legacy
proof_prop_obs_refset_hours=9
proof_prop_obs_refset_warpat=600
proof_prop_obs_refset_settle=180
proof_prop_obs_refset_loadsettle=600
proof_prop_obs_feature=perf-codegen-arm64-calls
proof_commits_during_run=0
codegen_call_max_instructions=2
codegen_call_sites=47
codegen_lot_defects=1
codegen_marker_0_address=32379956
codegen_marker_0_calls=18
codegen_marker_0_complete=1
codegen_marker_0_instructions=2
codegen_marker_1_address=32382212
codegen_marker_1_calls=11
codegen_marker_1_complete=1
codegen_marker_1_instructions=2
codegen_marker_2_address=32384916
codegen_marker_2_calls=11
codegen_marker_2_complete=1
codegen_marker_2_instructions=2
codegen_marker_3_address=32378308
codegen_marker_3_calls=1
codegen_marker_3_complete=1
codegen_marker_3_instructions=2
codegen_marker_4_address=5333540
codegen_marker_4_calls=6
codegen_marker_4_complete=1
codegen_marker_4_instructions=2
codegen_markers_complete=5
codegen_reduced_call_sites=47
codegen_marker_0_name=display-frame-start
codegen_marker_1_name=display-frame-finish
codegen_marker_2_name=display-sync
codegen_marker_3_name=main-draw-hook
codegen_marker_4_name=update-math-camera
refset_captured=0
refset_compared=1
refset_fixed_tick_armed=0
refset_provenance_bad=0
refset_provenance_checked=1
refset_replay_diffpx=550
refset_replay_maxdiff=57
refset_mode=replay
refset_bin_fp=141bcc7b2d3081bb
refset_data_fp=4eabb0fc1e6d0a6c
refset_refs_fp=3a1feecef859c3a1
