== Gconsolidate run 'consolidated' (census=1 watch=22min break>=11000) ==
  device_require_attached: real device eae4df44
  device free: 6328 MB on /data
  gd3.census=1
    inject: ''
  launch org.opengoal.gk.jak1/.LoaderActivity
== warmup (title attract: sun/particles + A37/A42 boot markers) ==
== title hold 15s ==
== START (progress menu) ==
    inject: 'start'
    inject: ''
== nav to NEW GAME ==
    inject: 'down'
    inject: ''
    inject: 'down'
    inject: ''
    inject: 'up'
    inject: ''
    inject: 'up'
    inject: ''
== X (NEW GAME) ==
    inject: 'x'
    inject: ''
== CONTINUE WITHOUT SAVING ==
    inject: 'down'
    inject: ''
    inject: 'down'
    inject: ''
    inject: 'down'
    inject: ''
    inject: 'down'
    inject: ''
    inject: 'x'
    inject: ''
== watch (poll 3s) ==
   [5/440] render=3720 visible=3593 vblank=5701 fg=1 pid='8618'
   [10/440] render=4440 visible=3593 vblank=6901 fg=1 pid='8618'
   [15/440] render=5220 visible=3593 vblank=7801 fg=1 pid='8618'
   [20/440] render=5880 visible=3593 vblank=8701 fg=1 pid='8618'
   [25/440] render=6420 visible=3593 vblank=9901 fg=1 pid='8618'
   [30/440] render=7080 visible=3593 vblank=10801 fg=1 pid='8618'
   [35/440] render=7800 visible=3593 vblank=11701 fg=1 pid='8618'
   [40/440] render=8340 visible=3593 vblank=12901 fg=1 pid='8618'
   [45/440] render=9000 visible=3593 vblank=13801 fg=1 pid='8618'
   [50/440] render=9540 visible=3593 vblank=14701 fg=1 pid='8618'
   [55/440] render=10080 visible=3593 vblank=15601 fg=1 pid='8618'
   [60/440] render=10680 visible=3593 vblank=16801 fg=1 pid='8618'
   >>> reached BREAK_FRAME 11100
== teardown ==
== scoreboard (consolidated) ==
  highest render   : 11160
  A37 sp-proc-3d   : 06-21 10:38:04.355  8618  8672 I GK_STDERR: A37-MIPS2C-REAL sp-process-block-3d -> arm64 trampoline 0x4d22e0
  A42-STRCLK lines : 59
  GD3-MERC visible : visible=3593
  3D sprite/tris   : 
  crash sigs       : 0
0
  foreground end   :   mCurrentFocus=Window{452d19c u0 org.opengoal.gk.jak1/org.opengoal.gk.MainActivity}  pid=8618  crashed=no
  routed-logcat    : .autoport/reports/Gconsolidate/consolidated-routed-logcat.log
