== 1. install HEAD APK (libgk unchanged) ==
  SKIP_INSTALL=1 — reusing already-installed HEAD APK (GOAL-only change; saves device disk)
== 2. push 28 INSTRUMENTED CGO/DGO -> files/iso_data/jak1 (sha-verify) ==
  pushed + verified all 28 instrumented files
== 3. logcat (LEAN: GCINE- markers + crash sigs only) ==
== 4. launch + drive NEW GAME ==
  warmup 40s
    inject: 'start'
    inject: ''
    inject: 'down'
    inject: ''
    inject: 'down'
    inject: ''
    inject: 'up'
    inject: ''
    inject: 'up'
    inject: ''
    inject: 'x'
    inject: ''
    inject: 'down'
    inject: ''
    inject: 'down'
    inject: ''
    inject: 'down'
    inject: ''
    inject: 'down'
    inject: ''
    inject: 'x'
    inject: ''
== 5. watch (poll 3s; finish when sequenceB camera joints cji 43/44 appear) ==
   [5/260] part=5 seqB_cji=0 fg=1 pid='31865' SP=1376 JC=0 GUARD=0
   [10/260] part=8 seqB_cji=0 fg=1 pid='31865' SP=1776 JC=0 GUARD=0
   [15/260] part=9 seqB_cji=0 fg=1 pid='31865' SP=1952 JC=0 GUARD=0
   [20/260] part=13 seqB_cji=0 fg=1 pid='31865' SP=2262 JC=16 GUARD=944
   [25/260] part=15 seqB_cji=0 fg=1 pid='31865' SP=2525 JC=40 GUARD=944
   [30/260] part=18 seqB_cji=0 fg=1 pid='31865' SP=2713 JC=48 GUARD=944
   [35/260] part=20 seqB_cji=0 fg=1 pid='31865' SP=2832 JC=64 GUARD=944
   >>> app GONE x4
== scoreboard ==
  GCINE-SP : 2844
  GCINE-OC : 10245
  GCINE-JC : 64
  max af   : 45066.0000
  crashed  : procgone   focus=  mCurrentFocus=Window{179ab59 u0 com.miui.home/com.miui.home.launcher.Launcher}
  --- all GCINE-JC (joint commands fired) ---
GCINE-JC ct=332320 joint="cameraB" movie?=#<othercam othercam suspended :state othercam-running :flags  :stack 176/256 :heap 480/480 @ #x1f1414>
GCINE-JC ct=335180 joint="camera" movie?=#<othercam othercam suspended :state othercam-running :flags  :stack 176/256 :heap 480/480 @ #x1f1414>
GCINE-JC ct=336680 joint="cameraB" movie?=#<othercam othercam suspended :state othercam-running :flags  :stack 176/256 :heap 480/480 @ #x1f1414>
GCINE-JC ct=340450 joint="camera" movie?=#<othercam othercam suspended :state othercam-running :flags  :stack 176/256 :heap 480/480 @ #x1f1414>
GCINE-JC ct=340950 joint="cameraB" movie?=#<othercam othercam suspended :state othercam-running :flags  :stack 176/256 :heap 480/480 @ #x1f1414>
GCINE-JC ct=345235 joint="camera" movie?=#<othercam othercam suspended :state othercam-running :flags  :stack 176/256 :heap 480/480 @ #x1f1414>
GCINE-JC ct=347805 joint="cameraB" movie?=#<othercam othercam suspended :state othercam-running :flags  :stack 176/256 :heap 480/480 @ #x1efe94>
GCINE-JC ct=352340 joint="camera" movie?=#<othercam othercam suspended :state othercam-running :flags  :stack 176/256 :heap 480/480 @ #x1e8544>
GCINE-JC ct=332320 joint="cameraB" movie?=#<othercam othercam suspended :state othercam-running :flags  :stack 176/256 :heap 480/480 @ #x1f1414>
GCINE-JC ct=335180 joint="camera" movie?=#<othercam othercam suspended :state othercam-running :flags  :stack 176/256 :heap 480/480 @ #x1f1414>
GCINE-JC ct=336680 joint="cameraB" movie?=#<othercam othercam suspended :state othercam-running :flags  :stack 176/256 :heap 480/480 @ #x1f1414>
GCINE-JC ct=340450 joint="camera" movie?=#<othercam othercam suspended :state othercam-running :flags  :stack 176/256 :heap 480/480 @ #x1f1414>
GCINE-JC ct=340950 joint="cameraB" movie?=#<othercam othercam suspended :state othercam-running :flags  :stack 176/256 :heap 480/480 @ #x1f1414>
GCINE-JC ct=345235 joint="camera" movie?=#<othercam othercam suspended :state othercam-running :flags  :stack 176/256 :heap 480/480 @ #x1f1414>
GCINE-JC ct=347805 joint="cameraB" movie?=#<othercam othercam suspended :state othercam-running :flags  :stack 176/256 :heap 480/480 @ #x1efe94>
GCINE-JC ct=352340 joint="camera" movie?=#<othercam othercam suspended :state othercam-running :flags  :stack 176/256 :heap 480/480 @ #x1e8544>
GCINE-JC ct=332320 joint="cameraB" movie?=#<othercam othercam suspended :state othercam-running :flags  :stack 176/256 :heap 480/480 @ #x1f1414>
GCINE-JC ct=335180 joint="camera" movie?=#<othercam othercam suspended :state othercam-running :flags  :stack 176/256 :heap 480/480 @ #x1f1414>
GCINE-JC ct=336680 joint="cameraB" movie?=#<othercam othercam suspended :state othercam-running :flags  :stack 176/256 :heap 480/480 @ #x1f1414>
GCINE-JC ct=340450 joint="camera" movie?=#<othercam othercam suspended :state othercam-running :flags  :stack 176/256 :heap 480/480 @ #x1f1414>
GCINE-JC ct=340950 joint="cameraB" movie?=#<othercam othercam suspended :state othercam-running :flags  :stack 176/256 :heap 480/480 @ #x1f1414>
GCINE-JC ct=345235 joint="camera" movie?=#<othercam othercam suspended :state othercam-running :flags  :stack 176/256 :heap 480/480 @ #x1f1414>
GCINE-JC ct=347805 joint="cameraB" movie?=#<othercam othercam suspended :state othercam-running :flags  :stack 176/256 :heap 480/480 @ #x1efe94>
GCINE-JC ct=352340 joint="camera" movie?=#<othercam othercam suspended :state othercam-running :flags  :stack 176/256 :heap 480/480 @ #x1e8544>
GCINE-JC ct=332320 joint="cameraB" movie?=#<othercam othercam suspended :state othercam-running :flags  :stack 176/256 :heap 480/480 @ #x1f1414>
GCINE-JC ct=335180 joint="camera" movie?=#<othercam othercam suspended :state othercam-running :flags  :stack 176/256 :heap 480/480 @ #x1f1414>
GCINE-JC ct=336680 joint="cameraB" movie?=#<othercam othercam suspended :state othercam-running :flags  :stack 176/256 :heap 480/480 @ #x1f1414>
GCINE-JC ct=340450 joint="camera" movie?=#<othercam othercam suspended :state othercam-running :flags  :stack 176/256 :heap 480/480 @ #x1f1414>
GCINE-JC ct=340950 joint="cameraB" movie?=#<othercam othercam suspended :state othercam-running :flags  :stack 176/256 :heap 480/480 @ #x1f1414>
GCINE-JC ct=345235 joint="camera" movie?=#<othercam othercam suspended :state othercam-running :flags  :stack 176/256 :heap 480/480 @ #x1f1414>
GCINE-JC ct=347805 joint="cameraB" movie?=#<othercam othercam suspended :state othercam-running :flags  :stack 176/256 :heap 480/480 @ #x1efe94>
GCINE-JC ct=352340 joint="camera" movie?=#<othercam othercam suspended :state othercam-running :flags  :stack 176/256 :heap 480/480 @ #x1e8544>
GCINE-JC ct=332320 joint="cameraB" movie?=#<othercam othercam suspended :state othercam-running :flags  :stack 176/256 :heap 480/480 @ #x1f1414>
GCINE-JC ct=335180 joint="camera" movie?=#<othercam othercam suspended :state othercam-running :flags  :stack 176/256 :heap 480/480 @ #x1f1414>
GCINE-JC ct=336680 joint="cameraB" movie?=#<othercam othercam suspended :state othercam-running :flags  :stack 176/256 :heap 480/480 @ #x1f1414>
GCINE-JC ct=340450 joint="camera" movie?=#<othercam othercam suspended :state othercam-running :flags  :stack 176/256 :heap 480/480 @ #x1f1414>
GCINE-JC ct=340950 joint="cameraB" movie?=#<othercam othercam suspended :state othercam-running :flags  :stack 176/256 :heap 480/480 @ #x1f1414>
GCINE-JC ct=345235 joint="camera" movie?=#<othercam othercam suspended :state othercam-running :flags  :stack 176/256 :heap 480/480 @ #x1f1414>
GCINE-JC ct=347805 joint="cameraB" movie?=#<othercam othercam suspended :state othercam-running :flags  :stack 176/256 :heap 480/480 @ #x1efe94>
GCINE-JC ct=352340 joint="camera" movie?=#<othercam othercam suspended :state othercam-running :flags  :stack 176/256 :heap 480/480 @ #x1e8544>
GCINE-JC ct=332320 joint="cameraB" movie?=#<othercam othercam suspended :state othercam-running :flags  :stack 176/256 :heap 480/480 @ #x1f1414>
GCINE-JC ct=335180 joint="camera" movie?=#<othercam othercam suspended :state othercam-running :flags  :stack 176/256 :heap 480/480 @ #x1f1414>
GCINE-JC ct=336680 joint="cameraB" movie?=#<othercam othercam suspended :state othercam-running :flags  :stack 176/256 :heap 480/480 @ #x1f1414>
GCINE-JC ct=340450 joint="camera" movie?=#<othercam othercam suspended :state othercam-running :flags  :stack 176/256 :heap 480/480 @ #x1f1414>
GCINE-JC ct=340950 joint="cameraB" movie?=#<othercam othercam suspended :state othercam-running :flags  :stack 176/256 :heap 480/480 @ #x1f1414>
GCINE-JC ct=345235 joint="camera" movie?=#<othercam othercam suspended :state othercam-running :flags  :stack 176/256 :heap 480/480 @ #x1f1414>
GCINE-JC ct=347805 joint="cameraB" movie?=#<othercam othercam suspended :state othercam-running :flags  :stack 176/256 :heap 480/480 @ #x1efe94>
GCINE-JC ct=352340 joint="camera" movie?=#<othercam othercam suspended :state othercam-running :flags  :stack 176/256 :heap 480/480 @ #x1e8544>
GCINE-JC ct=332320 joint="cameraB" movie?=#<othercam othercam suspended :state othercam-running :flags  :stack 176/256 :heap 480/480 @ #x1f1414>
GCINE-JC ct=335180 joint="camera" movie?=#<othercam othercam suspended :state othercam-running :flags  :stack 176/256 :heap 480/480 @ #x1f1414>
GCINE-JC ct=336680 joint="cameraB" movie?=#<othercam othercam suspended :state othercam-running :flags  :stack 176/256 :heap 480/480 @ #x1f1414>
GCINE-JC ct=340450 joint="camera" movie?=#<othercam othercam suspended :state othercam-running :flags  :stack 176/256 :heap 480/480 @ #x1f1414>
GCINE-JC ct=340950 joint="cameraB" movie?=#<othercam othercam suspended :state othercam-running :flags  :stack 176/256 :heap 480/480 @ #x1f1414>
GCINE-JC ct=345235 joint="camera" movie?=#<othercam othercam suspended :state othercam-running :flags  :stack 176/256 :heap 480/480 @ #x1f1414>
GCINE-JC ct=347805 joint="cameraB" movie?=#<othercam othercam suspended :state othercam-running :flags  :stack 176/256 :heap 480/480 @ #x1efe94>
GCINE-JC ct=352340 joint="camera" movie?=#<othercam othercam suspended :state othercam-running :flags  :stack 176/256 :heap 480/480 @ #x1e8544>
GCINE-JC ct=332320 joint="cameraB" movie?=#<othercam othercam suspended :state othercam-running :flags  :stack 176/256 :heap 480/480 @ #x1f1414>
GCINE-JC ct=335180 joint="camera" movie?=#<othercam othercam suspended :state othercam-running :flags  :stack 176/256 :heap 480/480 @ #x1f1414>
GCINE-JC ct=336680 joint="cameraB" movie?=#<othercam othercam suspended :state othercam-running :flags  :stack 176/256 :heap 480/480 @ #x1f1414>
GCINE-JC ct=340450 joint="camera" movie?=#<othercam othercam suspended :state othercam-running :flags  :stack 176/256 :heap 480/480 @ #x1f1414>
GCINE-JC ct=340950 joint="cameraB" movie?=#<othercam othercam suspended :state othercam-running :flags  :stack 176/256 :heap 480/480 @ #x1f1414>
GCINE-JC ct=345235 joint="camera" movie?=#<othercam othercam suspended :state othercam-running :flags  :stack 176/256 :heap 480/480 @ #x1f1414>
GCINE-JC ct=347805 joint="cameraB" movie?=#<othercam othercam suspended :state othercam-running :flags  :stack 176/256 :heap 480/480 @ #x1efe94>
GCINE-JC ct=352340 joint="camera" movie?=#<othercam othercam suspended :state othercam-running :flags  :stack 176/256 :heap 480/480 @ #x1e8544>
  log: .autoport/reports/Gcine-cut/device-diag.log
