== 1. install HEAD APK (libgk unchanged) ==
Performing Streamed Install
Success
== 2. push 28 INSTRUMENTED CGO/DGO -> files/iso_data/jak1 (sha-verify) ==
  pushed + verified all 28 instrumented files
== 3. logcat (LEAN: GCINE- markers + crash sigs only) ==
== 4. launch + drive NEW GAME ==
  warmup 40s
    inject: 'start'
    inject: ''
    inject: 'down'
    inject: ''
    inject: 'down'
    inject: ''
    inject: 'up'
    inject: ''
    inject: 'up'
    inject: ''
    inject: 'x'
    inject: ''
    inject: 'down'
    inject: ''
    inject: 'down'
    inject: ''
    inject: 'down'
    inject: ''
    inject: 'down'
    inject: ''
    inject: 'x'
    inject: ''
== 5. watch (poll 3s; finish when sequenceB camera joints cji 43/44 appear) ==
   [5/260] part=4 seqB_cji=0 fg=1 pid='24099' SP=840 JC=0 GUARD=0
   [10/260] part=7 seqB_cji=0 fg=1 pid='24099' SP=1095 JC=0 GUARD=0
   [15/260] part=10 seqB_cji=0 fg=1 pid='24099' SP=1210 JC=0 GUARD=0
   >>> sequenceB (cji 43/44) reached — full sequenceA cut set captured
== scoreboard ==
  GCINE-SP : 1390
  GCINE-OC : 5160
  GCINE-JC : 45
  max af   : 2572.4667
  crashed  : no   focus=  mCurrentFocus=Window{e8a4801 u0 org.opengoal.gk.jak1/org.opengoal.gk.MainActivity}
  --- all GCINE-JC (joint commands fired) ---
GCINE-JC ct=331940 joint="cameraB" movie?=#<othercam othercam suspended :state othercam-running :flags  :stack 176/256 :heap 480/480 @ #x1f1414>
GCINE-JC ct=331940 joint="camera" movie?=#<othercam othercam suspended :state othercam-running :flags  :stack 176/256 :heap 480/480 @ #x1f1414>
GCINE-JC ct=331940 joint="cameraB" movie?=#<othercam othercam suspended :state othercam-running :flags  :stack 176/256 :heap 480/480 @ #x1f1414>
GCINE-JC ct=331940 joint="camera" movie?=#<othercam othercam suspended :state othercam-running :flags  :stack 176/256 :heap 480/480 @ #x1f1414>
GCINE-JC ct=331940 joint="cameraB" movie?=#<othercam othercam suspended :state othercam-running :flags  :stack 176/256 :heap 480/480 @ #x1f1414>
GCINE-JC ct=331940 joint="camera" movie?=#<othercam othercam suspended :state othercam-running :flags  :stack 176/256 :heap 480/480 @ #x1f1414>
GCINE-JC ct=331940 joint="cameraB" movie?=#<othercam othercam suspended :state othercam-running :flags  :stack 176/256 :heap 480/480 @ #x1f1414>
GCINE-JC ct=331940 joint="camera" movie?=#<othercam othercam suspended :state othercam-running :flags  :stack 176/256 :heap 480/480 @ #x1f1414>
GCINE-JC ct=331940 joint="cameraB" movie?=#<othercam othercam suspended :state othercam-running :flags  :stack 176/256 :heap 480/480 @ #x1f1414>
GCINE-JC ct=331940 joint="cameraB" movie?=#<othercam othercam suspended :state othercam-running :flags  :stack 176/256 :heap 480/480 @ #x1f1414>
GCINE-JC ct=331940 joint="camera" movie?=#<othercam othercam suspended :state othercam-running :flags  :stack 176/256 :heap 480/480 @ #x1f1414>
GCINE-JC ct=331940 joint="cameraB" movie?=#<othercam othercam suspended :state othercam-running :flags  :stack 176/256 :heap 480/480 @ #x1f1414>
GCINE-JC ct=331940 joint="camera" movie?=#<othercam othercam suspended :state othercam-running :flags  :stack 176/256 :heap 480/480 @ #x1f1414>
GCINE-JC ct=331940 joint="cameraB" movie?=#<othercam othercam suspended :state othercam-running :flags  :stack 176/256 :heap 480/480 @ #x1f1414>
GCINE-JC ct=331940 joint="camera" movie?=#<othercam othercam suspended :state othercam-running :flags  :stack 176/256 :heap 480/480 @ #x1f1414>
GCINE-JC ct=331940 joint="cameraB" movie?=#<othercam othercam suspended :state othercam-running :flags  :stack 176/256 :heap 480/480 @ #x1f1414>
GCINE-JC ct=331940 joint="camera" movie?=#<othercam othercam suspended :state othercam-running :flags  :stack 176/256 :heap 480/480 @ #x1f1414>
GCINE-JC ct=331940 joint="cameraB" movie?=#<othercam othercam suspended :state othercam-running :flags  :stack 176/256 :heap 480/480 @ #x1f1414>
GCINE-JC ct=331940 joint="cameraB" movie?=#<othercam othercam suspended :state othercam-running :flags  :stack 176/256 :heap 480/480 @ #x1f1414>
GCINE-JC ct=331940 joint="camera" movie?=#<othercam othercam suspended :state othercam-running :flags  :stack 176/256 :heap 480/480 @ #x1f1414>
GCINE-JC ct=331940 joint="cameraB" movie?=#<othercam othercam suspended :state othercam-running :flags  :stack 176/256 :heap 480/480 @ #x1f1414>
GCINE-JC ct=331940 joint="camera" movie?=#<othercam othercam suspended :state othercam-running :flags  :stack 176/256 :heap 480/480 @ #x1f1414>
GCINE-JC ct=331940 joint="cameraB" movie?=#<othercam othercam suspended :state othercam-running :flags  :stack 176/256 :heap 480/480 @ #x1f1414>
GCINE-JC ct=331940 joint="camera" movie?=#<othercam othercam suspended :state othercam-running :flags  :stack 176/256 :heap 480/480 @ #x1f1414>
GCINE-JC ct=331940 joint="cameraB" movie?=#<othercam othercam suspended :state othercam-running :flags  :stack 176/256 :heap 480/480 @ #x1f1414>
GCINE-JC ct=331940 joint="camera" movie?=#<othercam othercam suspended :state othercam-running :flags  :stack 176/256 :heap 480/480 @ #x1f1414>
GCINE-JC ct=331940 joint="cameraB" movie?=#<othercam othercam suspended :state othercam-running :flags  :stack 176/256 :heap 480/480 @ #x1f1414>
GCINE-JC ct=331940 joint="cameraB" movie?=#<othercam othercam suspended :state othercam-running :flags  :stack 176/256 :heap 480/480 @ #x1f1414>
GCINE-JC ct=331940 joint="camera" movie?=#<othercam othercam suspended :state othercam-running :flags  :stack 176/256 :heap 480/480 @ #x1f1414>
GCINE-JC ct=331940 joint="cameraB" movie?=#<othercam othercam suspended :state othercam-running :flags  :stack 176/256 :heap 480/480 @ #x1f1414>
GCINE-JC ct=331940 joint="camera" movie?=#<othercam othercam suspended :state othercam-running :flags  :stack 176/256 :heap 480/480 @ #x1f1414>
GCINE-JC ct=331940 joint="cameraB" movie?=#<othercam othercam suspended :state othercam-running :flags  :stack 176/256 :heap 480/480 @ #x1f1414>
GCINE-JC ct=331940 joint="camera" movie?=#<othercam othercam suspended :state othercam-running :flags  :stack 176/256 :heap 480/480 @ #x1f1414>
GCINE-JC ct=331940 joint="cameraB" movie?=#<othercam othercam suspended :state othercam-running :flags  :stack 176/256 :heap 480/480 @ #x1f1414>
GCINE-JC ct=331940 joint="camera" movie?=#<othercam othercam suspended :state othercam-running :flags  :stack 176/256 :heap 480/480 @ #x1f1414>
GCINE-JC ct=331940 joint="cameraB" movie?=#<othercam othercam suspended :state othercam-running :flags  :stack 176/256 :heap 480/480 @ #x1f1414>
GCINE-JC ct=331940 joint="cameraB" movie?=#<othercam othercam suspended :state othercam-running :flags  :stack 176/256 :heap 480/480 @ #x1f1414>
GCINE-JC ct=331940 joint="camera" movie?=#<othercam othercam suspended :state othercam-running :flags  :stack 176/256 :heap 480/480 @ #x1f1414>
GCINE-JC ct=331940 joint="cameraB" movie?=#<othercam othercam suspended :state othercam-running :flags  :stack 176/256 :heap 480/480 @ #x1f1414>
GCINE-JC ct=331940 joint="camera" movie?=#<othercam othercam suspended :state othercam-running :flags  :stack 176/256 :heap 480/480 @ #x1f1414>
GCINE-JC ct=331940 joint="cameraB" movie?=#<othercam othercam suspended :state othercam-running :flags  :stack 176/256 :heap 480/480 @ #x1f1414>
GCINE-JC ct=331940 joint="camera" movie?=#<othercam othercam suspended :state othercam-running :flags  :stack 176/256 :heap 480/480 @ #x1f1414>
GCINE-JC ct=331940 joint="cameraB" movie?=#<othercam othercam suspended :state othercam-running :flags  :stack 176/256 :heap 480/480 @ #x1f1414>
GCINE-JC ct=331940 joint="camera" movie?=#<othercam othercam suspended :state othercam-running :flags  :stack 176/256 :heap 480/480 @ #x1f1414>
GCINE-JC ct=331940 joint="cameraB" movie?=#<othercam othercam suspended :state othercam-running :flags  :stack 176/256 :heap 480/480 @ #x1f1414>
  log: .autoport/reports/Gcine-cut/device-diag.log
