== launch our-x86 gk (OG_GCINE_CAM=1) ==
  gk pid=1819318
== wait for title (link finish: default-menu) ==
  title up at ~5s
== goalc (lt)+(build-game) to intern *game-info*, then trigger cinematic ==
  build-game sent; waiting up to 180s for symbol intern...
  build-game done ~18s
== send NEW-GAME intro trigger ==
== watch cinematic up to 420s ==
   [0s] frame=1498 levels: lvl=title lvl=village1 
   [5s] frame=1794 levels: lvl=title lvl=village1 
   [10s] frame=2094 levels: lvl=title lvl=village1 
   [15s] frame=2394 levels: lvl=title lvl=village1 
   [20s] frame=2695 levels: lvl=title lvl=village1 
   [25s] frame=2996 levels: lvl=title lvl=village1 
   [30s] frame=3293 levels: lvl=title lvl=village1 
   [35s] frame=3595 levels: lvl=title lvl=village1 
   [40s] frame=3896 levels: lvl=title lvl=village1 
   [45s] frame=4197 levels: lvl=title lvl=village1 
   [50s] frame=4499 levels: lvl=title lvl=village1 
   [55s] frame=4799 levels: lvl=title lvl=village1 
   [60s] frame=5101 levels: lvl=title lvl=village1 
   [65s] frame=5403 levels: lvl=title lvl=village1 
   [70s] frame=5706 levels: lvl=title lvl=village1 
   [75s] frame=6009 levels: lvl=title lvl=village1 
   [80s] frame=6311 levels: lvl=title lvl=village1 
   [85s] frame=6615 levels: lvl=title lvl=village1 
   [90s] frame=6917 levels: lvl=misty lvl=title lvl=village1 
   [95s] frame=7220 levels: lvl=misty lvl=title lvl=village1 
   [100s] frame=7523 levels: lvl=misty lvl=title lvl=village1 
   [106s] frame=7827 levels: lvl=misty lvl=title lvl=village1 
   [111s] frame=8131 levels: lvl=misty lvl=title lvl=village1 
   [116s] frame=8435 levels: lvl=misty lvl=title lvl=village1 
   [121s] frame=8739 levels: lvl=misty lvl=title lvl=village1 
   [126s] frame=9044 levels: lvl=misty lvl=title lvl=village1 
   [131s] frame=9348 levels: lvl=misty lvl=title lvl=village1 
   [136s] frame=9651 levels: lvl=misty lvl=title lvl=village1 
   [141s] frame=9955 levels: lvl=misty lvl=title lvl=village1 
   [146s] frame=10260 levels: lvl=misty lvl=title lvl=village1 
