== launch our-x86 gk (OG_GCINE_CAM=1) ==
  gk pid=1783267
== wait for title (link finish: default-menu) ==
  title up at ~5s
== goalc (lt)+(build-game) to intern *game-info*, then trigger cinematic ==
  build-game sent; waiting up to 180s for symbol intern...
  build-game done ~16s
== send NEW-GAME intro trigger ==
== watch cinematic up to 420s ==
   [0s] frame=1404 levels: lvl=title lvl=village1 
   [5s] frame=1704 levels: lvl=title lvl=village1 
   [10s] frame=2005 levels: lvl=title lvl=village1 
   [15s] frame=2305 levels: lvl=title lvl=village1 
   [20s] frame=2606 levels: lvl=title lvl=village1 
   [25s] frame=2906 levels: lvl=title lvl=village1 
   [30s] frame=3204 levels: lvl=title lvl=village1 
   [35s] frame=3506 levels: lvl=title lvl=village1 
   [41s] frame=3808 levels: lvl=title lvl=village1 
   [46s] frame=4105 levels: lvl=misty lvl=title lvl=village1 
   [51s] frame=4406 levels: lvl=misty lvl=title lvl=village1 
   [56s] frame=4706 levels: lvl=misty lvl=title lvl=village1 
   [61s] frame=5008 levels: lvl=misty lvl=title lvl=village1 
   [66s] frame=5311 levels: lvl=misty lvl=title lvl=village1 
   [71s] frame=5614 levels: lvl=misty lvl=title lvl=village1 
   [76s] frame=5916 levels: lvl=misty lvl=title lvl=village1 
   [81s] frame=6212 levels: lvl=misty lvl=title lvl=village1 
   [86s] frame=6507 levels: lvl=misty lvl=title lvl=village1 
   [91s] frame=6810 levels: lvl=misty lvl=title lvl=village1 
   [96s] frame=7114 levels: lvl=misty lvl=title lvl=village1 
   [101s] frame=7417 levels: lvl=misty lvl=title lvl=village1 
   [106s] frame=7719 levels: lvl=misty lvl=title lvl=village1 
   [111s] frame=8023 levels: lvl=misty lvl=title lvl=village1 
   [116s] frame=8327 levels: lvl=misty lvl=title lvl=village1 
   [121s] frame=8625 levels: lvl=misty lvl=title lvl=village1 
   [126s] frame=8904 levels: lvl=misty lvl=title lvl=village1 
   [132s] frame=9194 levels: lvl=misty lvl=title lvl=village1 
   [137s] frame=9461 levels: lvl=misty lvl=title lvl=village1 
   [142s] frame=9704 levels: lvl=misty lvl=title lvl=village1 
   [147s] frame=9890 levels: lvl=misty lvl=title lvl=village1 
   [152s] frame=10195 levels: lvl=misty lvl=title lvl=village1 
   [157s] frame=10427 levels: lvl=misty lvl=title lvl=village1 
   [162s] frame=10657 levels: lvl=misty lvl=title lvl=village1 
   [167s] frame=10897 levels: lvl=misty lvl=title lvl=village1 
   [172s] frame=11177 levels: lvl=misty lvl=title lvl=village1 
  cinematic complete (misty seen, frame=11177)
== scoreboard ==
  GCINE-CAM lines : 9998
  max frame       : 11182
  distinct levels : lvl=misty lvl=title lvl=village1 
  goalc errors    : 
  log: .autoport/reports/Gcine-cut/ourx86-cam.log
