== launch our-x86 gk (lean dumps; no GCINE-CAM flood) ==
  gk pid=1867356
== wait for title (link finish: default-menu) ==
  title up at ~5s
== goalc (lt)+(build-game) to intern *game-info*, then trigger cinematic ==
  build-game sent; waiting up to 200s for symbol intern...
  build-game done ~15s
== send NEW-GAME intro trigger ==
== watch cinematic up to 360s (target af>=2560 = past last joint cmd 2490) ==
   [0s] af=186.0086 part=2 JC=0 GUARD=0 SP=81 OC=82
   [5s] af=140.3027 part=1 JC=0 GUARD=0 SP=98 OC=371
   [10s] af=292.2949 part=2 JC=0 GUARD=0 SP=117 OC=669
   [15s] af=443.9355 part=3 JC=0 GUARD=0 SP=136 OC=881
   [20s] af=595.3417 part=5 JC=0 GUARD=0 SP=154 OC=899
   [25s] af=739.3652 part=6 JC=0 GUARD=0 SP=173 OC=918
   [30s] af=889.7167 part=7 JC=0 GUARD=0 SP=192 OC=937
   [35s] af=1041.3574 part=8 JC=0 GUARD=0 SP=210 OC=955
   [40s] af=1193.3494 part=10 JC=0 GUARD=0 SP=229 OC=974
   [45s] af=1344.4041 part=11 JC=1 GUARD=0 SP=248 OC=993
   [50s] af=1495.2244 part=12 JC=2 GUARD=0 SP=267 OC=1012
   [55s] af=1647.0993 part=14 JC=3 GUARD=0 SP=286 OC=1031
   [60s] af=1798.8571 part=15 JC=4 GUARD=0 SP=305 OC=1050
   [65s] af=1950.8492 part=16 JC=5 GUARD=0 SP=324 OC=1069
   [70s] af=2094.1696 part=17 JC=5 GUARD=0 SP=342 OC=1087
   [75s] af=2246.1618 part=19 JC=6 GUARD=0 SP=361 OC=1309
   [80s] af=2394.6381 part=20 JC=7 GUARD=0 SP=381 OC=1366
   [85s] af=2550.8491 part=21 JC=9 GUARD=0 SP=399 OC=1384
   [90s] af=121.4355 part=1 JC=9 GUARD=0 SP=418 OC=1403
   [95s] af=273.0761 part=2 JC=10 GUARD=0 SP=436 OC=1567
   [100s] af=423.4277 part=3 JC=11 GUARD=0 SP=454 OC=1782
   [105s] af=572.9589 part=4 JC=13 GUARD=0 SP=472 OC=2076
   [110s] af=724.5996 part=6 JC=14 GUARD=0 SP=491 OC=2376
   [115s] af=876.5917 part=7 JC=15 GUARD=0 SP=510 OC=2488
   [120s] af=1020.6152 part=8 JC=17 GUARD=0 SP=528 OC=2677
   [125s] af=1175.4199 part=10 JC=18 GUARD=0 SP=548 OC=2865
   [130s] af=34.9511 part=0 JC=19 GUARD=0 SP=566 OC=2966
   [135s] af=186.0058 part=1 JC=20 GUARD=0 SP=582 OC=3241
   [140s] af=334.4824 part=2 JC=22 GUARD=0 SP=599 OC=3499
   [145s] af=473.0000 part=4 JC=23 GUARD=0 SP=609 OC=3665
   [150s] af=644.3261 part=5 JC=25 GUARD=0 SP=628 OC=3965
  gk exited at 155s
== scoreboard ==
  GCINE-SP    : 635
  GCINE-OC    : 4070
  GCINE-JC    : 25
  GCINE-GUARD : 0   (MUST be 0 on x86)
  max af      : 2574.8725
  af>5000     : 0  (af-spike count; MUST be 0 on x86)
  log: .autoport/reports/Gcine-cut/ourx86-fix.log
