== launch our-x86 gk (lean dumps; no GCINE-CAM flood) ==
  gk pid=1970673
== wait for title (link finish: default-menu) ==
  title up at ~5s
== goalc (lt)+(build-game) to intern *game-info*, then trigger cinematic ==
  build-game sent; waiting up to 200s for symbol intern...
  build-game done ~16s
== send NEW-GAME intro trigger ==
== watch cinematic up to 120s (target af>=2560 = past last joint cmd 2490) ==
   [0s] af=193.7431 part=2 JC=0 GUARD=0 SP=82 OC=87
   [5s] af=142.8808 part=1 JC=0 GUARD=0 SP=99 OC=380
   [10s] af=294.5214 part=2 JC=0 GUARD=0 SP=118 OC=679
   [15s] af=438.5449 part=3 JC=0 GUARD=0 SP=136 OC=891
   [20s] af=590.5371 part=5 JC=0 GUARD=0 SP=155 OC=910
   [25s] af=742.5292 part=6 JC=0 GUARD=0 SP=174 OC=929
   [31s] af=893.9355 part=7 JC=0 GUARD=0 SP=193 OC=948
   [36s] af=1046.1621 part=8 JC=0 GUARD=0 SP=212 OC=967
   [41s] af=1197.9197 part=10 JC=0 GUARD=0 SP=231 OC=986
   [46s] af=1333.8572 part=11 JC=1 GUARD=0 SP=248 OC=1003
   [51s] af=1493.5838 part=12 JC=2 GUARD=0 SP=267 OC=1022
   [56s] af=1645.5759 part=14 JC=3 GUARD=0 SP=286 OC=1041
   [61s] af=1797.5681 part=15 JC=4 GUARD=0 SP=305 OC=1060
   [66s] af=1948.9742 part=16 JC=5 GUARD=0 SP=324 OC=1079
   [71s] af=2100.9665 part=17 JC=5 GUARD=0 SP=343 OC=1098
   [76s] af=2244.6384 part=19 JC=6 GUARD=0 SP=361 OC=1318
   [81s] af=2395.9272 part=20 JC=7 GUARD=0 SP=380 OC=1377
   [86s] af=2547.9194 part=21 JC=9 GUARD=0 SP=399 OC=1396
   [91s] af=119.7949 part=1 JC=9 GUARD=0 SP=418 OC=1415
   [96s] af=271.2011 part=2 JC=10 GUARD=0 SP=437 OC=1581
   [101s] af=423.4277 part=3 JC=11 GUARD=0 SP=456 OC=1794
   [106s] af=573.8964 part=4 JC=13 GUARD=0 SP=475 OC=2092
   [111s] af=725.1855 part=6 JC=14 GUARD=0 SP=494 OC=2392
   [116s] af=877.2949 part=7 JC=15 GUARD=0 SP=513 OC=2503
  wall cap
== scoreboard ==
  GCINE-SP    : 531
  GCINE-OC    : 2693
  GCINE-JC    : 17
  GCINE-GUARD : 0   (MUST be 0 on x86)
  max af      : 2571.9428
  af>5000     : 0  (af-spike count; MUST be 0 on x86)
  log: .autoport/reports/Gcine-cut/ourx86-fix.log
