== launch our-x86 gk (lean dumps; no GCINE-CAM flood) ==
  gk pid=1913695
== wait for title (link finish: default-menu) ==
  title up at ~5s
== goalc (lt)+(build-game) to intern *game-info*, then trigger cinematic ==
  build-game sent; waiting up to 200s for symbol intern...
  build-game done ~20s
== send NEW-GAME intro trigger ==
== watch cinematic up to 130s (target af>=2560 = past last joint cmd 2490) ==
   [0s] af=342.1877 part=0 JC=0 GUARD=0 SP=94 OC=102
   [5s] af=142.1777 part=1 JC=0 GUARD=0 SP=112 OC=393
   [10s] af=294.1699 part=2 JC=0 GUARD=0 SP=131 OC=694
   [15s] af=446.1621 part=3 JC=0 GUARD=0 SP=150 OC=906
   [20s] af=590.1855 part=5 JC=0 GUARD=0 SP=168 OC=924
   [25s] af=742.1777 part=6 JC=0 GUARD=0 SP=187 OC=943
   [30s] af=894.1699 part=7 JC=0 GUARD=0 SP=206 OC=962
   [35s] af=1046.1621 part=8 JC=0 GUARD=0 SP=225 OC=981
   [40s] af=1197.2166 part=10 JC=0 GUARD=0 SP=244 OC=1000
   [45s] af=1348.6229 part=11 JC=1 GUARD=0 SP=262 OC=1018
   [50s] af=1500.6151 part=12 JC=2 GUARD=0 SP=281 OC=1037
   [55s] af=1643.9353 part=14 JC=3 GUARD=0 SP=299 OC=1056
   [60s] af=1795.9274 part=15 JC=4 GUARD=0 SP=318 OC=1074
   [65s] af=1947.9195 part=16 JC=5 GUARD=0 SP=337 OC=1093
   [70s] af=2099.6774 part=17 JC=5 GUARD=0 SP=356 OC=1112
   [75s] af=2251.6696 part=19 JC=6 GUARD=0 SP=375 OC=1336
   [80s] af=2402.9584 part=20 JC=7 GUARD=0 SP=393 OC=1391
   [85s] af=2554.9506 part=21 JC=9 GUARD=0 SP=412 OC=1410
   [90s] af=118.8574 part=1 JC=9 GUARD=0 SP=429 OC=1428
   [95s] af=270.4980 part=2 JC=10 GUARD=0 SP=448 OC=1599
   [100s] af=421.9042 part=3 JC=11 GUARD=0 SP=466 OC=1812
   [105s] af=573.8964 part=4 JC=13 GUARD=0 SP=485 OC=2113
   [110s] af=725.8886 part=6 JC=14 GUARD=0 SP=504 OC=2415
   [115s] af=877.8808 part=7 JC=15 GUARD=0 SP=523 OC=2521
   [120s] af=1028.9355 part=8 JC=17 GUARD=0 SP=542 OC=2713
   [125s] af=1177.4121 part=10 JC=18 GUARD=0 SP=559 OC=2898
  wall cap
== scoreboard ==
  GCINE-SP    : 578
  GCINE-OC    : 3005
  GCINE-JC    : 19
  GCINE-GUARD : 0   (MUST be 0 on x86)
  max af      : 2571.0053
  af>5000     : 0  (af-spike count; MUST be 0 on x86)
  log: .autoport/reports/Gcine-cut/ourx86-fix.log
