== launch our-x86 gk (lean dumps; no GCINE-CAM flood) ==
  gk pid=1949727
== wait for title (link finish: default-menu) ==
  title up at ~5s
== goalc (lt)+(build-game) to intern *game-info*, then trigger cinematic ==
  build-game sent; waiting up to 200s for symbol intern...
  build-game done ~16s
== send NEW-GAME intro trigger ==
== watch cinematic up to 120s (target af>=2560 = past last joint cmd 2490) ==
   [0s] af=193.9775 part=2 JC=0 GUARD=0 SP=81 OC=85
   [5s] af=139.9511 part=1 JC=0 GUARD=0 SP=99 OC=378
   [10s] af=291.3574 part=2 JC=0 GUARD=0 SP=118 OC=678
   [15s] af=443.3496 part=3 JC=0 GUARD=0 SP=137 OC=890
   [20s] af=595.3417 part=5 JC=0 GUARD=0 SP=156 OC=909
   [25s] af=746.6308 part=6 JC=0 GUARD=0 SP=175 OC=928
   [30s] af=891.0058 part=7 JC=0 GUARD=0 SP=193 OC=946
   [35s] af=1042.4121 part=8 JC=0 GUARD=0 SP=212 OC=965
   [40s] af=1194.4041 part=10 JC=0 GUARD=0 SP=231 OC=984
   [45s] af=1346.3963 part=11 JC=1 GUARD=0 SP=250 OC=1003
   [50s] af=1498.3885 part=12 JC=2 GUARD=0 SP=269 OC=1022
   [55s] af=1642.4118 part=14 JC=3 GUARD=0 SP=288 OC=1041
   [60s] af=1794.4040 part=15 JC=4 GUARD=0 SP=306 OC=1059
   [65s] af=1945.6929 part=16 JC=5 GUARD=0 SP=324 OC=1077
   [70s] af=2098.0368 part=17 JC=5 GUARD=0 SP=343 OC=1096
   [75s] af=2249.6774 part=19 JC=6 GUARD=0 SP=362 OC=1316
   [80s] af=2400.7319 part=20 JC=7 GUARD=0 SP=381 OC=1375
   [85s] af=2551.7866 part=21 JC=9 GUARD=0 SP=400 OC=1394
   [90s] af=115.3417 part=1 JC=9 GUARD=0 SP=419 OC=1413
   [95s] af=266.6308 part=2 JC=10 GUARD=0 SP=437 OC=1578
   [100s] af=418.9745 part=3 JC=11 GUARD=0 SP=456 OC=1795
   [105s] af=570.9667 part=4 JC=13 GUARD=0 SP=475 OC=2096
   [110s] af=722.3730 part=6 JC=14 GUARD=0 SP=494 OC=2396
   [115s] af=874.3652 part=7 JC=15 GUARD=0 SP=513 OC=2509
  wall cap
== scoreboard ==
  GCINE-SP    : 532
  GCINE-OC    : 2694
  GCINE-JC    : 16
  GCINE-GUARD : 0   (MUST be 0 on x86)
  max af      : 2575.8100
  af>5000     : 0  (af-spike count; MUST be 0 on x86)
  log: .autoport/reports/Gcine-cut/ourx86-fix.log
