=== Gjak2-ingame twoyears RUN run2 start mer. 08 juil. 2026 08:05:22 CEST ===
== stage 1: boot/title warmup (jak2 unpack already done; title flythrough) ==
  [01-title] pid=[11287]   mCurrentFocus=Window{10ae1c1 u0 org.opengoal.gk.jak2/org.opengoal.gk.MainActivity} -> twoyears-runrun2-01-title-jak2focus.png (1379187B)
== stage 2: START -> progress menu ==
    inject: 'start'
  [02-menu] pid=[11287]   mCurrentFocus=Window{10ae1c1 u0 org.opengoal.gk.jak2/org.opengoal.gk.MainActivity} -> twoyears-runrun2-02-menu-jak2focus.png (755821B)
== stage 3: X -> NEW GAME (top entry) ==
    inject: 'x'
  [03-after-newgame-x] pid=[11287]   mCurrentFocus=Window{10ae1c1 u0 org.opengoal.gk.jak2/org.opengoal.gk.MainActivity} -> twoyears-runrun2-03-after-newgame-x-jak2focus.png (936386B)
== stage 4: navigate save/continue screen (down x4 -> continue w/o saving) then X ==
    inject: 'down'
    inject: 'down'
    inject: 'down'
    inject: 'down'
  [04-continue-sel] pid=[11287]   mCurrentFocus=Window{10ae1c1 u0 org.opengoal.gk.jak2/org.opengoal.gk.MainActivity} -> twoyears-runrun2-04-continue-sel-jak2focus.png (785710B)
    inject: 'x'
  [05-newgame-start] pid=[11287]   mCurrentFocus=Window{10ae1c1 u0 org.opengoal.gk.jak2/org.opengoal.gk.MainActivity} -> twoyears-runrun2-05-newgame-start-jak2focus.png (159357B)
   post-newgame log offset: 5475
== stage 5: intro cinematic window (~6-8 min); watch for crash ==
  [06-cine-t31s] pid=[11287]   mCurrentFocus=Window{10ae1c1 u0 org.opengoal.gk.jak2/org.opengoal.gk.MainActivity} -> twoyears-runrun2-06-cine-t31s-jak2focus.png (1298644B)
  t=31s pid=[11287] crashed=0
  [06-cine-t62s] pid=[11287]   mCurrentFocus=Window{10ae1c1 u0 org.opengoal.gk.jak2/org.opengoal.gk.MainActivity} -> twoyears-runrun2-06-cine-t62s-jak2focus.png (1315539B)
  t=62s pid=[11287] crashed=0
  [06-cine-t93s] pid=[11287]   mCurrentFocus=Window{10ae1c1 u0 org.opengoal.gk.jak2/org.opengoal.gk.MainActivity} -> twoyears-runrun2-06-cine-t93s-jak2focus.png (891836B)
  t=93s pid=[11287] crashed=0
  [06-cine-t124s] pid=[11287]   mCurrentFocus=Window{10ae1c1 u0 org.opengoal.gk.jak2/org.opengoal.gk.MainActivity} -> twoyears-runrun2-06-cine-t124s-jak2focus.png (14800B)
  t=124s pid=[11287] crashed=0
  [06-cine-t154s] pid=[11287]   mCurrentFocus=Window{10ae1c1 u0 org.opengoal.gk.jak2/org.opengoal.gk.MainActivity} -> twoyears-runrun2-06-cine-t154s-jak2focus.png (1255816B)
  t=154s pid=[11287] crashed=0
  [06-cine-t185s] pid=[11287]   mCurrentFocus=Window{10ae1c1 u0 org.opengoal.gk.jak2/org.opengoal.gk.MainActivity} -> twoyears-runrun2-06-cine-t185s-jak2focus.png (1129079B)
  t=185s pid=[11287] crashed=0
  [06-cine-t216s] pid=[11287]   mCurrentFocus=Window{10ae1c1 u0 org.opengoal.gk.jak2/org.opengoal.gk.MainActivity} -> twoyears-runrun2-06-cine-t216s-jak2focus.png (966855B)
  t=216s pid=[11287] crashed=0
  [06-cine-t247s] pid=[11287]   mCurrentFocus=Window{10ae1c1 u0 org.opengoal.gk.jak2/org.opengoal.gk.MainActivity} -> twoyears-runrun2-06-cine-t247s-jak2focus.png (905576B)
  t=247s pid=[11287] crashed=0
  [06-cine-t278s] pid=[11287]   mCurrentFocus=Window{10ae1c1 u0 org.opengoal.gk.jak2/org.opengoal.gk.MainActivity} -> twoyears-runrun2-06-cine-t278s-jak2focus.png (1106089B)
  t=278s pid=[11287] crashed=0
  [06-cine-t309s] pid=[11287]   mCurrentFocus=Window{10ae1c1 u0 org.opengoal.gk.jak2/org.opengoal.gk.MainActivity} -> twoyears-runrun2-06-cine-t309s-jak2focus.png (1338860B)
  t=309s pid=[11287] crashed=0
  [06-cine-t341s] pid=[11287]   mCurrentFocus=Window{10ae1c1 u0 org.opengoal.gk.jak2/org.opengoal.gk.MainActivity} -> twoyears-runrun2-06-cine-t341s-jak2focus.png (1220078B)
  t=341s pid=[11287] crashed=0
  [06-cine-t372s] pid=[11287]   mCurrentFocus=Window{10ae1c1 u0 org.opengoal.gk.jak2/org.opengoal.gk.MainActivity} -> twoyears-runrun2-06-cine-t372s-jak2focus.png (982631B)
  t=372s pid=[11287] crashed=0
  [06-cine-t403s] pid=[11287]   mCurrentFocus=Window{10ae1c1 u0 org.opengoal.gk.jak2/org.opengoal.gk.MainActivity} -> twoyears-runrun2-06-cine-t403s-jak2focus.png (619958B)
  t=403s pid=[11287] crashed=0
  [06-cine-t434s] pid=[11287]   mCurrentFocus=Window{10ae1c1 u0 org.opengoal.gk.jak2/org.opengoal.gk.MainActivity} -> twoyears-runrun2-06-cine-t434s-jak2focus.png (1252870B)
  t=434s pid=[11287] crashed=0
  [06-cine-t465s] pid=[11287]   mCurrentFocus=Window{10ae1c1 u0 org.opengoal.gk.jak2/org.opengoal.gk.MainActivity} -> twoyears-runrun2-06-cine-t465s-jak2focus.png (1104533B)
  t=465s pid=[11287] crashed=0
  [06-cine-t496s] pid=[11287]   mCurrentFocus=Window{10ae1c1 u0 org.opengoal.gk.jak2/org.opengoal.gk.MainActivity} -> twoyears-runrun2-06-cine-t496s-jak2focus.png (886106B)
  t=496s pid=[11287] crashed=0
  [06-cine-t527s] pid=[11287]   mCurrentFocus=Window{10ae1c1 u0 org.opengoal.gk.jak2/org.opengoal.gk.MainActivity} -> twoyears-runrun2-06-cine-t527s-jak2focus.png (16504B)
  t=527s pid=[11287] crashed=0
  [06-cine-t557s] pid=[11287]   mCurrentFocus=Window{10ae1c1 u0 org.opengoal.gk.jak2/org.opengoal.gk.MainActivity} -> twoyears-runrun2-06-cine-t557s-jak2focus.png (1252048B)
  t=557s pid=[11287] crashed=0
  [06-cine-t590s] pid=[11287]   mCurrentFocus=Window{10ae1c1 u0 org.opengoal.gk.jak2/org.opengoal.gk.MainActivity} -> twoyears-runrun2-06-cine-t590s-jak2focus.png (1134183B)
  t=590s pid=[11287] crashed=0
  [06-cine-t622s] pid=[11287]   mCurrentFocus=Window{10ae1c1 u0 org.opengoal.gk.jak2/org.opengoal.gk.MainActivity} -> twoyears-runrun2-06-cine-t622s-jak2focus.png (1005082B)
  t=622s pid=[11287] crashed=0
  [06-cine-t655s] pid=[11287]   mCurrentFocus=Window{10ae1c1 u0 org.opengoal.gk.jak2/org.opengoal.gk.MainActivity} -> twoyears-runrun2-06-cine-t655s-jak2focus.png (798124B)
  t=655s pid=[11287] crashed=0
  [06-cine-t687s] pid=[11287]   mCurrentFocus=Window{10ae1c1 u0 org.opengoal.gk.jak2/org.opengoal.gk.MainActivity} -> twoyears-runrun2-06-cine-t687s-jak2focus.png (85691B)
  t=687s pid=[11287] crashed=0
  [06-cine-t718s] pid=[11287]   mCurrentFocus=Window{10ae1c1 u0 org.opengoal.gk.jak2/org.opengoal.gk.MainActivity} -> twoyears-runrun2-06-cine-t718s-jak2focus.png (1275028B)
  t=718s pid=[11287] crashed=0
  [06-cine-t750s] pid=[11287]   mCurrentFocus=Window{10ae1c1 u0 org.opengoal.gk.jak2/org.opengoal.gk.MainActivity} -> twoyears-runrun2-06-cine-t750s-jak2focus.png (1175470B)
  t=750s pid=[11287] crashed=0
== teardown ==
  [08-final] pid=[11287]   mCurrentFocus=Window{10ae1c1 u0 org.opengoal.gk.jak2/org.opengoal.gk.MainActivity} -> twoyears-runrun2-08-final-jak2focus.png (1153355B)
=== RUN run2 done mer. 08 juil. 2026 08:19:27 CEST; log lines: 52517 crashed=0 ===
LOG: /home/emeric/code/jak-project/.autoport/reports/Gjak2-ingame/twoyears-repro-runrun2-routed-logcat.log
