== build current-HEAD libgk ==
  building gk target (incremental; first build can take 3-5 min)...
[0/2] Re-checking globbed directories...
ninja: no work to do.
  libgk.so produced at build-android/lib/arm64-v8a/libgk.so (65643272 bytes)
== assemble slim APK ==
Unable to strip the following libraries, packaging them as they are: libgk.so.

> Task :app:packageJak1Debug
> Task :app:createJak1DebugApkListingFileRedirect UP-TO-DATE
> Task :app:assembleJak1Debug

BUILD SUCCESSFUL in 2s
37 actionable tasks: 6 executed, 31 up-to-date
== install + deploy_verify ==
  device_require_attached: real device eae4df44
  device is unlocked
  ok: libgk.so newer than newest source
  ok: chain build==APK==device (637fb8f3f4051c24)
DEPLOY-VERIFY PASS: device eae4df44 provably runs the fresh HEAD (b069d4413) libgk.so.
== arm warp + collision log, (re)launch ==
== wait for link finish + F1-SPAWN (up to 120s) ==
== baseline: 6s no input ==
  pass1 last: 06-25 19:23:47.132 I/GK_STDOUT( 8776): GWALL2 f=2813 st=target-duck-stance tx=-5022378.5 ty=21544.7 tz=4262539.5 ta=1.0000 f60=-0.0481 f61=0.1757 button0=0x0000 l1r1=0 ov=0x0000 ij=0x0000 ntris=1 nprims=4098
  pass2 last: 06-25 19:24:30.062 I/GK_STDOUT( 8776): GWALL2 f=5344 st=target-death tx=-4525188.5 ty=-8192.0 tz=4584787.5 ta=0.0000 f60=0.0000 f61=0.0000 button0=0x0000 l1r1=0 ov=0x0000 ij=0x0000 ntris=0 nprims=4098
  pass3 last: 06-25 19:25:14.459 I/GK_STDOUT( 8776): GWALL2 f=7691 st=target-duck-stance tx=-5386185.0 ty=24680.8 tz=4064615.5 ta=1.0000 f60=0.2822 f61=-0.4206 button0=0x0000 l1r1=0 ov=0x0000 ij=0x0000 ntris=1 nprims=4098
  pass4 last: 06-25 19:25:58.405 I/GK_STDOUT( 8776): GWALL2 f=10320 st=target-stance tx=-5483039.0 ty=20798.0 tz=4214280.0 ta=1.0000 f60=0.0754 f61=-0.0160 button0=0x0000 l1r1=0 ov=0x0000 ij=0x0000 ntris=1 nprims=4098
  pass5 last: 06-25 19:26:42.960 I/GK_STDOUT( 8776): GWALL2 f=12800 st=target-stance tx=-5372556.5 ty=28272.8 tz=4317401.5 ta=1.0000 f60=0.0353 f61=0.0395 button0=0x0000 l1r1=0 ov=0x0000 ij=0x0000 ntris=0 nprims=4098
  pass6 last: 06-25 19:27:27.080 I/GK_STDOUT( 8776): GWALL2 f=14756 st=target-duck-stance tx=-5289363.0 ty=32613.8 tz=4079201.2 ta=1.0000 f60=0.0162 f61=-0.2291 button0=0x0000 l1r1=0 ov=0x0000 ij=0x0000 ntris=1 nprims=4098
== ANALYSIS ==
-- distinct states seen --
   3498 st=target-duck-walk
   2694 st=target-duck-stance
   1615 st=target-jump
    693 st=target-swim-jump-jump
    194 st=target-swim-jump
    103 st=target-stance
     92 st=target-swim-walk
     87 st=target-walk
     48 st=target-swim-stance
     40 st=target-falling
     37 st=target-title
     24 st=target-death
     15 st=target-grab
      4 st=target-continue
      2 st=target-warp-in
      1 st=target-slide-down
      1 st=target-edge-grab
-- duck-stance frames: l1r1 distribution --
   2695 l1r1=0
-- duck-stance sample lines (first 6, last 6) --
06-25 19:22:46.641 I/GK_STDOUT( 8776): GWALL2 f=681 st=target-duck-stance tx=-5392828.0 ty=28350.6 tz=4363783.0 ta=0.3154 f60=-0.0335 f61=0.0351 button0=0x0000 l1r1=0 ov=0x0000 ij=0x0000 ntris=1 nprims=2
06-25 19:23:18.379 I/GK_STDOUT( 8776): GWALL2 f=1643 st=target-duck-stance tx=-5117346.5 ty=29650.6 tz=4173276.0 ta=1.0000 f60=0.0335 f61=-0.0096 button0=0x0000 l1r1=0 ov=0x0000 ij=0x0000 ntris=1 nprims=4098
06-25 19:23:19.491 I/GK_STDOUT( 8776): GWALL2 f=1684 st=target-duck-stance tx=-5117346.5 ty=29650.7 tz=4173281.8 ta=1.0000 f60=0.0335 f61=-0.0096 button0=0x4000 l1r1=0 ov=0x0000 ij=0x4000 ntris=1 nprims=4098
06-25 19:23:21.597 I/GK_STDOUT( 8776): GWALL2 f=1763 st=target-duck-stance tx=-5104892.0 ty=21811.4 tz=4192804.8 ta=0.7921 f60=0.0109 f61=-0.0594 button0=0x0000 l1r1=0 ov=0x0000 ij=0x0000 ntris=0 nprims=2
06-25 19:23:21.621 I/GK_STDOUT( 8776): GWALL2 f=1764 st=target-duck-stance tx=-5104887.0 ty=21809.0 tz=4192813.2 ta=1.0000 f60=0.0109 f61=-0.0594 button0=0x0000 l1r1=0 ov=0x0000 ij=0x0000 ntris=0 nprims=2
06-25 19:23:21.645 I/GK_STDOUT( 8776): GWALL2 f=1765 st=target-duck-stance tx=-5104887.0 ty=21809.0 tz=4192813.2 ta=1.0000 f60=0.0109 f61=-0.0594 button0=0x0000 l1r1=0 ov=0x0000 ij=0x0000 ntris=0 nprims=2
  ...
06-25 19:27:36.765 I/GK_STDOUT( 8776): GWALL2 f=15336 st=target-duck-stance tx=-5289363.0 ty=32613.8 tz=4079201.2 ta=1.0000 f60=0.0162 f61=-0.2291 button0=0x0000 l1r1=0 ov=0x0000 ij=0x0000 ntris=1 nprims=4098
06-25 19:27:36.781 I/GK_STDOUT( 8776): GWALL2 f=15337 st=target-duck-stance tx=-5289363.0 ty=32613.8 tz=4079201.2 ta=1.0000 f60=0.0162 f61=-0.2291 button0=0x0000 l1r1=0 ov=0x0000 ij=0x0000 ntris=1 nprims=4098
06-25 19:27:36.799 I/GK_STDOUT( 8776): GWALL2 f=15338 st=target-duck-stance tx=-5289363.0 ty=32613.8 tz=4079201.2 ta=1.0000 f60=0.0162 f61=-0.2291 button0=0x0000 l1r1=0 ov=0x0000 ij=0x0000 ntris=1 nprims=4098
06-25 19:27:36.814 I/GK_STDOUT( 8776): GWALL2 f=15339 st=target-duck-stance tx=-5289363.0 ty=32613.8 tz=4079201.2 ta=1.0000 f60=0.0162 f61=-0.2291 button0=0x0000 l1r1=0 ov=0x0000 ij=0x0000 ntris=1 nprims=4098
06-25 19:27:36.831 I/GK_STDOUT( 8776): GWALL2 f=15340 st=target-duck-stance tx=-5289363.0 ty=32613.8 tz=4079201.2 ta=1.0000 f60=0.0162 f61=-0.2291 button0=0x0000 l1r1=0 ov=0x0000 ij=0x0000 ntris=1 nprims=4098
06-25 19:27:36.848 I/GK_STDOUT( 8776): GWALL2 f=15341 st=target-duck-stance tx=-5289363.0 ty=32613.8 tz=4079201.2 ta=1.0000 f60=0.0162 f61=-0.2291 button0=0x0000 l1r1=0 ov=0x0000 ij=0x0000 ntris=1 nprims=4098
-- LATCHED runs (>=20 consecutive duck-stance frames at same tx) --
  latched 55 frames tx=-5104887.0 l1r1=0
  latched 48 frames tx=-5117967.5 l1r1=0
  latched 71 frames tx=-5089720.0 l1r1=0
  latched 282 frames tx=-5022378.5 l1r1=0
  latched 96 frames tx=-4883203.5 l1r1=0
  latched 80 frames tx=-5365112.0 l1r1=0
  latched 97 frames tx=-5386436.5 l1r1=0
  latched 96 frames tx=-5380932.5 l1r1=0
  latched 327 frames tx=-5386185.0 l1r1=0
  latched 90 frames tx=-5386336.0 l1r1=0
  latched 92 frames tx=-5386378.5 l1r1=0
  latched 96 frames tx=-5380914.5 l1r1=0
  latched 95 frames tx=-5386745.0 l1r1=0
  latched 95 frames tx=-5292289.5 l1r1=0
  latched 97 frames tx=-5289354.0 l1r1=0
  latched 898 frames tx=-5289363.0 l1r1=0
-- any non-finite floats? --
0
focus_app=1  logcat=.autoport/reports/Gcollision-wallslide/run4-logcat.log
DONE run4
