  device_require_attached: real device eae4df44
  device is unlocked
== arm warp + collision log, (re)launch ==
  pussret mode = 'host'
== wait for link finish + F1-SPAWN (up to 120s) ==
== baseline: 6s no input ==
  pass1 last: 06-25 19:39:30.048 I/GK_STDOUT(13752): GWALL2 f=3296 st=target-stance tx=-5500891.0 ty=21662.0 tz=4099556.2 ta=1.0000 f60=-0.0961 f61=-0.0079 button0=0x0000 l1r1=0 ov=0x0000 ij=0x0000 ntris=1 nprims=4098
  pass2 last: 06-25 19:40:14.154 I/GK_STDOUT(13752): GWALL2 f=5760 st=target-stance tx=-5376269.5 ty=28138.2 tz=4320056.0 ta=1.0000 f60=0.0256 f61=0.0464 button0=0x0000 l1r1=0 ov=0x0000 ij=0x0000 ntris=0 nprims=4098
  pass3 last: 06-25 19:40:49.700 I/GK_STDOUT(13752): GWALL2 f=7182 st=target-jump tx=-5228572.0 ty=52254.1 tz=4124017.5 ta=0.3865 f60=0.0000 f61=0.0000 button0=0x4000 l1r1=0 ov=0x0000 ij=0x4000 ntris=0 nprims=2
  pass4 last: 06-25 19:40:49.700 I/GK_STDOUT(13752): GWALL2 f=7182 st=target-jump tx=-5228572.0 ty=52254.1 tz=4124017.5 ta=0.3865 f60=0.0000 f61=0.0000 button0=0x4000 l1r1=0 ov=0x0000 ij=0x4000 ntris=0 nprims=2
  pass5 last: 06-25 19:40:49.700 I/GK_STDOUT(13752): GWALL2 f=7182 st=target-jump tx=-5228572.0 ty=52254.1 tz=4124017.5 ta=0.3865 f60=0.0000 f61=0.0000 button0=0x4000 l1r1=0 ov=0x0000 ij=0x4000 ntris=0 nprims=2
  pass6 last: 06-25 19:40:49.700 I/GK_STDOUT(13752): GWALL2 f=7182 st=target-jump tx=-5228572.0 ty=52254.1 tz=4124017.5 ta=0.3865 f60=0.0000 f61=0.0000 button0=0x4000 l1r1=0 ov=0x0000 ij=0x4000 ntris=0 nprims=2
== ANALYSIS ==
-- distinct states seen --
    587 st=target-jump
    271 st=target-swim-jump-jump
    197 st=target-falling
    183 st=target-duck-walk
    108 st=target-stance
    106 st=target-walk
     77 st=target-swim-jump
     48 st=target-swim-walk
     37 st=target-title
     35 st=target-slide-down
     16 st=target-swim-stance
     16 st=target-death
     15 st=target-grab
      7 st=target-wade-walk
      6 st=target-wade-stance
      3 st=target-edge-grab
      3 st=target-continue
      2 st=target-warp-in
      2 st=target-hit-ground
      1 st=target-duck-stance
-- duck-stance frames: l1r1 distribution --
      1 l1r1=0
-- duck-stance sample lines (first 6, last 6) --
06-25 19:38:29.759 I/GK_STDOUT(13752): GWALL2 f=680 st=target-duck-stance tx=-5392828.0 ty=28350.6 tz=4363783.0 ta=0.3154 f60=-0.0335 f61=0.0351 button0=0x0000 l1r1=0 ov=0x0000 ij=0x0000 ntris=1 nprims=2
  ...
06-25 19:38:29.759 I/GK_STDOUT(13752): GWALL2 f=680 st=target-duck-stance tx=-5392828.0 ty=28350.6 tz=4363783.0 ta=0.3154 f60=-0.0335 f61=0.0351 button0=0x0000 l1r1=0 ov=0x0000 ij=0x0000 ntris=1 nprims=2
-- LATCHED runs (>=20 consecutive duck-stance frames at same tx) --
-- any non-finite floats? --
0
focus_app=0  logcat=.autoport/reports/Gcollision-wallslide/run5host-logcat.log
DONE run5host
