== build current-HEAD libgk ==
  building gk target (incremental; first build can take 3-5 min)...
[0/2] Re-checking globbed directories...
ninja: no work to do.
  libgk.so produced at build-android/lib/arm64-v8a/libgk.so (65646152 bytes)
== assemble slim APK ==
Unable to strip the following libraries, packaging them as they are: libgk.so.

> Task :app:packageJak1Debug
> Task :app:createJak1DebugApkListingFileRedirect UP-TO-DATE
> Task :app:assembleJak1Debug

BUILD SUCCESSFUL in 1s
37 actionable tasks: 6 executed, 31 up-to-date
== install + deploy_verify ==
  device_require_attached: real device eae4df44
  device is unlocked
  ok: libgk.so newer than newest source
  ok: chain build==APK==device (6db97b296f256e15)
DEPLOY-VERIFY PASS: device eae4df44 provably runs the fresh HEAD (b069d4413) libgk.so.
== arm warp + collision log, (re)launch ==
  pussret mode = 'bare'
== wait for link finish + F1-SPAWN (up to 120s) ==
== baseline: 6s no input ==
  pass1 last: 06-25 19:33:06.973 I/GK_STDOUT(11664): GWALL2 f=3280 st=target-stance tx=-5544326.0 ty=16845.3 tz=4063258.8 ta=1.0000 f60=-0.0779 f61=-0.0025 button0=0x0000 l1r1=0 ov=0x0000 ij=0x0000 ntris=0 nprims=4098
  pass2 last: 06-25 19:33:51.264 I/GK_STDOUT(11664): GWALL2 f=5680 st=target-stance tx=-5302430.0 ty=30354.0 tz=4263158.5 ta=1.0000 f60=0.0752 f61=0.0200 button0=0x0000 l1r1=0 ov=0x0000 ij=0x0000 ntris=0 nprims=4098
  pass3 last: 06-25 19:34:34.993 I/GK_STDOUT(11664): GWALL2 f=7744 st=target-swim-stance tx=-4840209.5 ty=-8192.0 tz=4533870.0 ta=0.0000 f60=0.0000 f61=0.0000 button0=0x0000 l1r1=0 ov=0x0000 ij=0x0000 ntris=0 nprims=4098
  pass4 last: 06-25 19:35:19.056 I/GK_STDOUT(11664): GWALL2 f=10336 st=target-stance tx=-5371792.5 ty=32051.5 tz=4390449.0 ta=1.0000 f60=0.0758 f61=0.3187 button0=0x0000 l1r1=0 ov=0x0000 ij=0x0000 ntris=1 nprims=4098
  pass5 last: 06-25 19:36:02.865 I/GK_STDOUT(11664): GWALL2 f=12848 st=target-stance tx=-5643091.5 ty=6091.5 tz=3996059.5 ta=1.0000 f60=-0.1932 f61=0.1531 button0=0x0000 l1r1=0 ov=0x0000 ij=0x0000 ntris=1 nprims=4098
  pass6 last: 06-25 19:36:46.821 I/GK_STDOUT(11664): GWALL2 f=15152 st=target-stance tx=-5181798.0 ty=21131.3 tz=4297950.5 ta=1.0000 f60=0.0551 f61=0.0962 button0=0x0000 l1r1=0 ov=0x0000 ij=0x0000 ntris=0 nprims=4098
== ANALYSIS ==
-- distinct states seen --
   1351 st=target-jump
   1071 st=target-swim-jump-jump
    310 st=target-swim-jump
    227 st=target-walk
    206 st=target-stance
    200 st=target-falling
    149 st=target-swim-walk
    120 st=target-duck-walk
     97 st=target-duck-stance
     83 st=target-swim-stance
     39 st=target-death
     37 st=target-title
     35 st=target-hit-ground
     15 st=target-grab
      4 st=target-continue
      2 st=target-warp-in
      2 st=target-wade-walk
      2 st=target-wade-stance
      2 st=target-edge-grab
-- duck-stance frames: l1r1 distribution --
     97 l1r1=0
-- duck-stance sample lines (first 6, last 6) --
06-25 19:35:31.221 I/GK_STDOUT(11664): GWALL2 f=11064 st=target-duck-stance tx=-5371951.5 ty=32213.7 tz=4390889.0 ta=1.0000 f60=0.2235 f61=0.2396 button0=0x0000 l1r1=0 ov=0x0000 ij=0x0000 ntris=1 nprims=4098
06-25 19:35:31.236 I/GK_STDOUT(11664): GWALL2 f=11065 st=target-duck-stance tx=-5371951.5 ty=32213.7 tz=4390889.0 ta=0.9923 f60=0.2235 f61=0.2396 button0=0x0000 l1r1=0 ov=0x0000 ij=0x0000 ntris=1 nprims=4098
06-25 19:35:31.253 I/GK_STDOUT(11664): GWALL2 f=11066 st=target-duck-stance tx=-5371951.5 ty=32213.7 tz=4390889.0 ta=1.0000 f60=0.2235 f61=0.2396 button0=0x0000 l1r1=0 ov=0x0000 ij=0x0000 ntris=1 nprims=4098
06-25 19:35:31.271 I/GK_STDOUT(11664): GWALL2 f=11067 st=target-duck-stance tx=-5371951.5 ty=32213.7 tz=4390889.0 ta=0.9923 f60=0.2235 f61=0.2396 button0=0x0000 l1r1=0 ov=0x0000 ij=0x0000 ntris=1 nprims=4098
06-25 19:35:31.286 I/GK_STDOUT(11664): GWALL2 f=11068 st=target-duck-stance tx=-5371951.5 ty=32213.7 tz=4390889.0 ta=1.0000 f60=0.2235 f61=0.2396 button0=0x0000 l1r1=0 ov=0x0000 ij=0x0000 ntris=1 nprims=4098
06-25 19:35:31.304 I/GK_STDOUT(11664): GWALL2 f=11069 st=target-duck-stance tx=-5371951.5 ty=32213.7 tz=4390889.0 ta=0.9923 f60=0.2235 f61=0.2396 button0=0x0000 l1r1=0 ov=0x0000 ij=0x0000 ntris=1 nprims=4098
  ...
06-25 19:35:32.744 I/GK_STDOUT(11664): GWALL2 f=11155 st=target-duck-stance tx=-5371951.5 ty=32213.7 tz=4390889.0 ta=1.0000 f60=0.2235 f61=0.2396 button0=0x0000 l1r1=0 ov=0x0000 ij=0x0000 ntris=1 nprims=4098
06-25 19:35:32.756 I/GK_STDOUT(11664): GWALL2 f=11156 st=target-duck-stance tx=-5371951.5 ty=32213.7 tz=4390889.0 ta=0.9923 f60=0.2235 f61=0.2396 button0=0x0000 l1r1=0 ov=0x0000 ij=0x0000 ntris=1 nprims=4098
06-25 19:35:32.773 I/GK_STDOUT(11664): GWALL2 f=11157 st=target-duck-stance tx=-5371951.5 ty=32213.7 tz=4390889.0 ta=1.0000 f60=0.2235 f61=0.2396 button0=0x0000 l1r1=0 ov=0x0000 ij=0x0000 ntris=1 nprims=4098
06-25 19:35:32.792 I/GK_STDOUT(11664): GWALL2 f=11158 st=target-duck-stance tx=-5371951.5 ty=32213.7 tz=4390889.0 ta=0.9923 f60=0.2235 f61=0.2396 button0=0x0000 l1r1=0 ov=0x0000 ij=0x0000 ntris=1 nprims=4098
06-25 19:35:32.806 I/GK_STDOUT(11664): GWALL2 f=11159 st=target-duck-stance tx=-5371951.5 ty=32213.7 tz=4390889.0 ta=1.0000 f60=0.2235 f61=0.2396 button0=0x0000 l1r1=0 ov=0x0000 ij=0x0000 ntris=1 nprims=4098
06-25 19:35:32.824 I/GK_STDOUT(11664): GWALL2 f=11160 st=target-duck-stance tx=-5371951.5 ty=32213.7 tz=4390889.0 ta=0.9923 f60=0.2235 f61=0.2396 button0=0x0000 l1r1=0 ov=0x0000 ij=0x0000 ntris=1 nprims=4098
-- LATCHED runs (>=20 consecutive duck-stance frames at same tx) --
  latched 97 frames tx=-5371951.5 l1r1=0
-- any non-finite floats? --
0
focus_app=1  logcat=.autoport/reports/Gcollision-wallslide/run5bare-logcat.log
DONE run5bare
