[refset] replay pendant 240s (census armed=1) -> .autoport/refset/refset-replay.log
--- REFSET ---
LEVEL-WARP-POS name=village1-hut x=-116.0 y=14.0 z=40.0
LEVEL-WARP-SPAWN name=village1-hut target=#x1be2b4
REFSET cmp origine/h18 maxdiff=0 diffpx=0
REFSET rewarp armed
LEVEL-WARP-POS name=village1-hut x=-116.0 y=14.0 z=40.0
LEVEL-WARP-SPAWN name=village1-hut target=#x1be2b4
REFSET cmp origine/h21 maxdiff=0 diffpx=0
REFSET rewarp armed
LEVEL-WARP-POS name=village1-hut x=-116.0 y=14.0 z=40.0
LEVEL-WARP-SPAWN name=village1-hut target=#x1be2b4
REFSET cmp recharged/h00 maxdiff=0 diffpx=0
REFSET rewarp armed
LEVEL-WARP-POS name=village1-hut x=-116.0 y=14.0 z=40.0
LEVEL-WARP-SPAWN name=village1-hut target=#x1be2b4
REFSET cmp recharged/h03 maxdiff=0 diffpx=0
REFSET rewarp armed
LEVEL-WARP-POS name=village1-hut x=-116.0 y=14.0 z=40.0
LEVEL-WARP-SPAWN name=village1-hut target=#x1be2b4
REFSET cmp recharged/h06 maxdiff=0 diffpx=0
REFSET rewarp armed
LEVEL-WARP-POS name=village1-hut x=-116.0 y=14.0 z=40.0
LEVEL-WARP-SPAWN name=village1-hut target=#x1be2b4
REFSET cmp recharged/h09 maxdiff=0 diffpx=0
REFSET rewarp armed
LEVEL-WARP-POS name=village1-hut x=-116.0 y=14.0 z=40.0
LEVEL-WARP-SPAWN name=village1-hut target=#x1be2b4
REFSET cmp recharged/h12 maxdiff=0 diffpx=0
REFSET rewarp armed
LEVEL-WARP-POS name=village1-hut x=-116.0 y=14.0 z=40.0
LEVEL-WARP-SPAWN name=village1-hut target=#x1be2b4
REFSET cmp recharged/h15 maxdiff=0 diffpx=0
REFSET rewarp armed
LEVEL-WARP-POS name=village1-hut x=-116.0 y=14.0 z=40.0
LEVEL-WARP-SPAWN name=village1-hut target=#x1be2b4
REFSET cmp recharged/h18 maxdiff=0 diffpx=0
REFSET rewarp armed
LEVEL-WARP-POS name=village1-hut x=-116.0 y=14.0 z=40.0
LEVEL-WARP-SPAWN name=village1-hut target=#x1be2b4
REFSET cmp recharged/h21 maxdiff=0 diffpx=0
REFSET done steps=16 captured=0 compared=16 maxdiff=0 diffpx=0 missing=0 slip=0..0 rewarps=16 settle=180
--- grandeurs ---
refset_raw_alpha_n=2939
refset_raw_alpha_n=2999
refset_raw_alpha_n=3059
refset_raw_alpha_n=3119
refset_raw_alpha_n=3179
refset_raw_alpha_n=3239
refset_raw_alpha_n=3299
refset_raw_alpha_n=3359
refset_raw_alpha_n=3419
refset_raw_alpha_n=3479
refset_raw_alpha_n=3539
refset_raw_alpha_n=3599
refset_raw_alpha_n=3659
refset_raw_alpha_n=3719
refset_raw_alpha_n=3779
refset_raw_alpha_n=3829
refset_raw_alpha_n=959
refset_replay_diffpx=0
refset_replay_maxdiff=0
refset_replay_maxdiff=254
refset_rewarps=1
refset_rewarps=10
refset_rewarps=11
refset_rewarps=12
refset_rewarps=13
refset_rewarps=14
refset_rewarps=15
refset_rewarps=16
refset_rewarps=2
refset_rewarps=3
refset_rewarps=4
refset_rewarps=5
refset_rewarps=6
refset_rewarps=7
refset_rewarps=8
refset_rewarps=9
refset_roundtrip_bad=0
refset_settle=180
refset_size_bad=0
refset_slip_max=0
refset_slip_min=0
refset_step_anchor_set=1
refset_step_done=0
refset_step_done=1
refset_step_done=10
refset_step_done=11
refset_step_done=12
refset_step_done=13
refset_step_done=14
refset_step_done=15
refset_step_done=16
refset_step_done=2
refset_step_done=3
refset_step_done=4
refset_step_done=5
refset_step_done=6
refset_step_done=7
refset_step_done=8
refset_step_done=9
refset_steps=16
[refset] refset_replay_maxdiff=0 (gk sorti en 124)
