== real1: warp village2-dock pos=(434.1 3.5 -1750)m, drive south across (load village2 swamp) ==
  waiting title...
  waiting LEVEL-WARP-SPAWN...
  warp fired ~12s
07-04 09:10:13.074 29142 29193 I GK_STDOUT: LEVEL-WARP-POS name=village2-dock x=434.1 y=3.5 z=-1750.0
07-04 09:10:08.047 29142 29218 I opengoal-gk: [TASK-CLOSE] armed *listener-function* = #x38bc134 for spec '33'
07-04 09:10:08.047 29142 29193 I GK_STDOUT: TASK-CLOSE task=33 status=7 -> #x0
  calib#1 p0=(1778073.6 -7168000.0) p1=(1737391.9 -7133276.0) p2=(1715341.9 -7118618.5) -> bad
  calib#2 p0=(1778073.6 -7168000.0) p1=(1745335.2 -7139229.5) p2=(1778073.6 -7168000.0) -> bad
  calib#3 p0=(1767860.4 -7168927.0) p1=(1767860.4 -7168927.0) p2=(1741947.2 -7197511.0) -> bad
  calib never validated — driving with last probe anyway
  step1 pos=(1754580.2 -7214237.5) wp=1 stick ly=0 lx=127 D
  calib#1 p0=(1754539.6 -7214223.0) p1=(1777963.5 -7164674.0) p2=(1757679.1 -7200656.5) -> bad
  calib#2 p0=(1756038.0 -7208906.5) p1=(1776545.0 -7154767.5) p2=(1760872.6 -7189735.0) -> bad
  calib#3 p0=(1778073.6 -7168000.0) p1=(1799475.0 -7149113.0) p2=(1776539.6 -7168076.0) -> bad
  step2 pos=(1744831.1 -7176835.5) wp=1 stick ly=0 lx=127 D
  calib#1 p0=(1744822.8 -7176838.5) p1=(1744822.8 -7176838.5) p2=(1738520.6 -7195205.5) -> bad
  calib#2 p0=(1754875.0 -7214333.0) p1=(1778069.4 -7167872.0) p2=(1757959.9 -7199310.0) -> bad
  calib#3 p0=(1755995.1 -7206223.0) p1=(1777609.4 -7154644.0) p2=(1744951.6 -7194626.5) -> bad
  step3 pos=(1753303.6 -7204226.5) wp=1 stick ly=0 lx=127 D
  calib#1 p0=(1778073.6 -7168000.0) p1=(1734836.4 -7129961.0) p2=(1732630.5 -7128043.5) -> bad
  calib#2 p0=(1778073.6 -7168000.0) p1=(1783434.1 -7160682.5) p2=(1746930.6 -7179704.0) -> ok
  step4 pos=(1746930.6 -7179704.0) wp=1 stick ly=251 lx=101 K
  step5 pos=(1775754.2 -7171906.5) wp=1 stick ly=252 lx=103 K
  step6 pos=(1775754.2 -7171906.5) wp=1 stick ly=252 lx=103 K
  step7 pos=(1781115.4 -7181972.0) wp=1 stick ly=252 lx=103 K
  step8 pos=(1781114.9 -7181967.5) wp=1 stick ly=252 lx=103 K
  calib#1 p0=(1778073.6 -7168000.0) p1=(1789936.4 -7153981.5) p2=(1760834.5 -7171867.5) -> bad
  calib#2 p0=(1741048.4 -7204955.5) p1=(1741048.4 -7204955.5) p2=(1751414.9 -7204809.5) -> bad
  calib#3 p0=(1755090.8 -7207688.5) p1=(1776871.8 -7156605.0) p2=(1757845.1 -7199916.0) -> bad
  step9 pos=(1756611.8 -7205957.0) wp=1 stick ly=252 lx=103 D
  calib#1 p0=(1756611.8 -7205957.0) p1=(1769482.1 -7153964.0) p2=(1747367.4 -7189451.5) -> bad
  calib#2 p0=(1778073.6 -7168000.0) p1=(1796287.2 -7152871.5) p2=(1772196.9 -7168430.0) -> bad
  calib#3 p0=(1739029.9 -7185346.5) p1=(1739029.9 -7185346.5) p2=(1748629.0 -7201351.0) -> bad
  step10 pos=(1755732.5 -7210332.0) wp=1 stick ly=252 lx=103 D
  calib#1 p0=(1755732.5 -7210332.0) p1=(1777685.8 -7156139.0) p2=(1757719.1 -7197531.0) -> bad
  calib#2 p0=(1756358.8 -7200763.5) p1=(1777983.9 -7154028.5) p2=(1758170.0 -7197399.0) -> bad
  calib#3 p0=(1778073.6 -7168000.0) p1=(1793536.4 -7153943.5) p2=(1768321.4 -7169042.0) -> bad
  step11 pos=(1747495.8 -7176292.5) wp=1 stick ly=252 lx=103 D
  calib#1 p0=(1747494.6 -7176293.0) p1=(1747494.6 -7176293.0) p2=(1755483.5 -7206716.0) -> bad
  calib#2 p0=(1756738.1 -7205284.0) p1=(1776793.2 -7155789.0) p2=(1757517.5 -7200255.5) -> bad
  calib#3 p0=(1757245.2 -7202752.5) p1=(1776285.5 -7154191.0) p2=(1744687.5 -7191776.5) -> bad
  step12 pos=(1744687.5 -7191776.5) wp=1 stick ly=252 lx=103 D
  calib#1 p0=(1778073.6 -7168000.0) p1=(1792480.9 -7153738.5) p2=(1772736.4 -7168368.0) -> bad
  calib#2 p0=(1734055.4 -7183778.5) p1=(1734055.4 -7183778.5) p2=(1740357.1 -7197229.5) -> bad
  calib#3 p0=(1753367.1 -7212291.5) p1=(1777963.5 -7164674.0) p2=(1757390.8 -7202184.5) -> bad
  step13 pos=(1756972.8 -7204182.0) wp=1 stick ly=252 lx=103 D
  calib#1 p0=(1756972.8 -7204182.0) p1=(1772744.0 -7156428.5) p2=(1757776.9 -7200255.5) -> bad
  calib#2 p0=(1778073.6 -7168000.0) p1=(1793741.4 -7153151.0) p2=(1772022.6 -7168476.0) -> bad
  calib#3 p0=(1737635.0 -7187350.0) p1=(1737635.0 -7187350.0) p2=(1742005.6 -7196467.5) -> bad
  step14 pos=(1754338.5 -7211195.0) wp=1 stick ly=252 lx=103 D
  calib#1 p0=(1754338.5 -7211195.0) p1=(1777805.0 -7154262.5) p2=(1760297.0 -7190160.5) -> bad
  calib#2 p0=(1760729.6 -7189807.5) p1=(1774042.2 -7156204.0) p2=(1761175.8 -7189570.0) -> bad
  calib#3 p0=(1778073.6 -7168000.0) p1=(1791650.8 -7154153.5) p2=(1759268.0 -7173083.0) -> bad
  step15 pos=(1737948.4 -7199018.5) wp=1 stick ly=252 lx=103 D
  calib#1 p0=(1737938.9 -7199031.0) p1=(1737938.9 -7199031.0) p2=(1756259.2 -7207886.5) -> bad
  calib#2 p0=(1756407.1 -7206955.5) p1=(1777656.8 -7154096.0) p2=(1761739.8 -7189391.0) -> bad
