== real2: warp village2-dock pos=()m, drive south across (load village2 swamp) ==
  waiting title...
  waiting LEVEL-WARP-SPAWN...
  warp fired ~12s
07-04 09:18:11.559 30004 30077 I opengoal-gk: [TASK-CLOSE] armed *listener-function* = #x38bc134 for spec '33'
07-04 09:18:11.560 30004 30051 I GK_STDOUT: TASK-CLOSE task=33 status=7 -> #x0
  calib#1 p0=(1264346.8 -6833563.5) p1=(1261576.5 -6742851.0) p2=(1231602.2 -6751187.5) -> bad
  calib#2 p0=(1233880.6 -6752104.0) p1=(1189033.5 -6721280.5) p2=(1182816.6 -6766745.0) -> bad
  calib#3 p0=(1182647.6 -6766553.0) p1=(1182821.9 -6766748.0) p2=(1177376.0 -6717553.5) -> bad
  calib never validated — driving with last probe anyway
  step1 pos=(1167712.0 -6706508.5) wp=0 stick ly=0 lx=127 D
  calib#1 p0=(1167712.0 -6706508.5) p1=(1219910.0 -6644579.5) p2=(1163918.9 -6650017.0) -> bad
  calib#2 p0=(1161096.2 -6661102.5) p1=(1085877.6 -6653963.0) p2=(1129539.9 -6706172.0) -> bad
  calib#3 p0=(1141304.4 -6703270.5) p1=(1176397.8 -6766746.0) p2=(1183967.5 -6735802.0) -> bad
  step2 pos=(1178716.0 -6719024.0) wp=0 stick ly=0 lx=127 D
  calib#1 p0=(1178716.0 -6719024.0) p1=(1224499.2 -6707355.5) p2=(1163611.6 -6678222.0) -> bad
  calib#2 p0=(1151067.2 -6690454.5) p1=(1082503.4 -6643590.0) p2=(1106550.5 -6711673.5) -> bad
  calib#3 p0=(1122501.6 -6710133.0) p1=(1147294.8 -6766746.0) p2=(1166430.8 -6696720.5) -> bad
  step3 pos=(1155367.6 -6686904.0) wp=0 stick ly=0 lx=127 D
  calib#1 p0=(1155367.6 -6686904.0) p1=(1192664.4 -6622653.5) p2=(1148195.5 -6673232.0) -> bad
  calib#2 p0=(1151646.2 -6684145.0) p1=(1092924.0 -6708288.0) p2=(1088791.2 -6707696.0) -> bad
  calib#3 p0=(1092889.6 -6708226.0) p1=(1075707.5 -6712570.5) p2=(1090523.8 -6707255.5) -> bad
  step4 pos=(1104461.2 -6712320.0) wp=0 stick ly=0 lx=127 D
  calib#1 p0=(1104461.2 -6712320.0) p1=(1099796.8 -6713761.0) p2=(1161011.9 -6681797.0) -> bad
  calib#2 p0=(1162214.6 -6661745.0) p1=(1242823.5 -6663527.5) p2=(1203714.2 -6623231.5) -> bad
  calib#3 p0=(1182611.8 -6629594.0) p1=(1136594.1 -6625520.5) p2=(1154895.1 -6687474.0) -> bad
  step5 pos=(1161620.6 -6687465.0) wp=0 stick ly=0 lx=127 D
  calib#1 p0=(1161620.6 -6687465.0) p1=(1167677.5 -6766746.0) p2=(1178629.1 -6757454.0) -> bad
  calib#2 p0=(1183558.0 -6742338.5) p1=(1191433.8 -6740505.0) p2=(1183191.0 -6692192.0) -> bad
  calib#3 p0=(1164529.8 -6682970.0) p1=(1188236.2 -6623509.5) p2=(1133817.9 -6653063.0) -> bad
  step6 pos=(1131266.2 -6671651.0) wp=0 stick ly=0 lx=127 D
  calib#1 p0=(1131266.2 -6671651.0) p1=(1050590.6 -6681058.5) p2=(1085434.1 -6706078.0) -> bad
  calib#2 p0=(1090793.5 -6706447.5) p1=(1099799.8 -6713760.0) p2=(1160225.2 -6681465.5) -> bad
  calib#3 p0=(1161000.9 -6660055.5) p1=(1189070.5 -6639424.5) p2=(1139656.5 -6636312.5) -> bad
  step7 pos=(1132027.4 -6645712.5) wp=0 stick ly=0 lx=127 D
  calib#1 p0=(1132027.4 -6645712.5) p1=(1101116.0 -6599579.0) p2=(1098250.9 -6608330.0) -> bad
  calib#2 p0=(1098252.2 -6608333.0) p1=(1102061.6 -6572521.0) p2=(1102488.9 -6579259.0) -> bad
  calib#3 p0=(1102488.9 -6579258.5) p1=(1101100.8 -6570678.5) p2=(1102488.5 -6579256.0) -> bad
  step8 pos=(1102489.2 -6579261.0) wp=0 stick ly=0 lx=127 D
  calib#1 p0=(1102489.2 -6579261.0) p1=(1101100.4 -6570677.0) p2=(1143370.4 -6585577.5) -> ok
  step9 pos=(1143370.4 -6585577.5) wp=0 stick ly=252 lx=147 K
  step10 pos=(1130452.1 -6492325.0) wp=0 stick ly=253 lx=144 K
  step11 pos=(1109544.2 -6428769.0) wp=0 stick ly=253 lx=142 K
  step12 pos=(1101993.8 -6434582.0) wp=0 stick ly=253 lx=143 K
  step13 pos=(1103804.1 -6437761.0) wp=0 stick ly=253 lx=143 K
  step14 pos=(1468105.8 -6115776.0) wp=0 stick ly=254 lx=125 K
  step15 pos=(1459977.1 -6027735.0) wp=0 stick ly=254 lx=125 K
  step16 pos=(1460178.2 -6027779.0) wp=0 stick ly=254 lx=125 K
  calib#1 p0=(1460232.6 -6027787.5) p1=(1436948.4 -6121824.5) p2=(1492623.0 -6079637.0) -> bad
  calib#2 p0=(1490279.4 -6070709.0) p1=(1494413.8 -6047989.0) p2=(1415546.2 -6056584.0) -> bad
  calib#3 p0=(1413610.0 -6060854.5) p1=(1339820.2 -6019105.0) p2=(1383187.8 -6070787.5) -> bad
  step17 pos=(1394875.0 -6070278.5) wp=0 stick ly=254 lx=125 D
  calib#1 p0=(1394875.0 -6070278.5) p1=(1395705.2 -6070972.5) p2=(1418062.5 -6001876.0) -> bad
  calib#2 p0=(1415756.4 -6000386.0) p1=(1415759.1 -6000380.5) p2=(1389079.2 -6017705.5) -> bad
  calib#3 p0=(1375858.9 -6029363.5) p1=(1323552.1 -5971804.5) p2=(1330823.0 -5991235.0) -> bad
  step18 pos=(1332354.2 -6003276.5) wp=0 stick ly=254 lx=125 D
  calib#1 p0=(1332354.2 -6003276.5) p1=(1316387.5 -5947797.0) p2=(1323093.6 -5968078.5) -> bad
  calib#2 p0=(1325498.6 -5976358.5) p1=(1309551.9 -5937572.5) p2=(1320140.1 -5953902.5) -> bad
  calib#3 p0=(1323739.1 -5965139.5) p1=(1321927.1 -5955952.0) p2=(1363716.1 -5999445.0) -> bad
  step19 pos=(1373426.9 -5994866.0) wp=0 stick ly=254 lx=125 D
  calib#1 p0=(1373426.9 -5994866.0) p1=(1418014.2 -6068329.5) p2=(1417055.5 -6001224.5) -> bad
  calib#2 p0=(1415723.8 -6000451.5) p1=(1415759.1 -6000380.5) p2=(1385035.1 -6020138.0) -> bad
  calib#3 p0=(1376065.8 -6029268.0) p1=(1324618.0 -5974307.5) p2=(1331704.4 -5995736.0) -> bad
  step20 pos=(1331934.1 -6011287.5) wp=0 stick ly=254 lx=125 D
  calib#1 p0=(1331934.1 -6011287.5) p1=(1329994.2 -6010506.5) p2=(1358954.8 -6052598.0) -> bad
  calib#2 p0=(1373860.0 -6060786.5) p1=(1372695.6 -6070768.0) p2=(1432159.8 -6015561.0) -> bad
  calib#3 p0=(1428826.6 -6008576.0) p1=(1454981.2 -6012196.5) p2=(1425620.6 -6006750.0) -> bad
  step21 pos=(1418621.2 -6002233.5) wp=0 stick ly=254 lx=125 D
  calib#1 p0=(1418621.2 -6002233.5) p1=(1419168.4 -6002581.5) p2=(1393991.5 -6015879.5) -> bad
  calib#2 p0=(1383808.4 -6021872.5) p1=(1322071.8 -5955874.5) p2=(1322926.5 -5965678.0) -> bad
  calib#3 p0=(1325667.6 -5976731.0) p1=(1310001.2 -5930677.5) p2=(1309209.9 -5930087.0) -> bad
  step22 pos=(1309968.5 -5938827.5) wp=0 stick ly=254 lx=125 D
  calib#1 p0=(1309968.5 -5938827.5) p1=(1308905.4 -5929723.0) p2=(1324372.9 -5960354.0) -> bad
  calib#2 p0=(1327722.9 -5967907.0) p1=(1326243.9 -5978164.0) p2=(1371348.0 -5977916.5) -> bad
  calib#3 p0=(1370096.5 -5977777.5) p1=(1372128.5 -5986139.5) p2=(1333881.5 -5945935.0) -> bad
  step23 pos=(1327286.6 -5944644.0) wp=0 stick ly=254 lx=125 D
  calib#1 p0=(1327286.6 -5944644.0) p1=(1334256.6 -5895126.5) p2=(1302553.5 -5924532.5) -> bad
  calib#2 p0=(1304393.2 -5926072.5) p1=(1300352.1 -5894724.5) p2=(1304338.1 -5926022.0) -> bad
  calib#3 p0=(1305371.8 -5926892.0) p1=(1300352.1 -5894724.5) p2=(1304082.4 -5925811.5) -> bad
  step24 pos=(1307693.4 -5928826.0) wp=0 stick ly=254 lx=125 D
  calib#1 p0=(1307693.4 -5928826.0) p1=(1300352.1 -5894724.5) p2=(1310824.9 -5933686.0) -> bad
  calib#2 p0=(1311382.2 -5944189.5) p1=(1308794.1 -5940629.5) p2=(1371452.1 -5977925.0) -> bad
  calib#3 p0=(1371423.1 -5977925.5) p1=(1372110.5 -5985933.5) p2=(1333155.1 -5946528.0) -> bad
  step25 pos=(1327198.9 -5945491.5) wp=0 stick ly=254 lx=125 D
