out/jak1-arm64-full/iso/ENGINE.CGO: OK
out/jak1-arm64-full/iso/GAME.CGO: OK
out/jak1-arm64-full/iso/KERNEL.CGO: OK
out/jak1-arm64-full/iso/BEA.DGO: OK
out/jak1-arm64-full/iso/CIT.DGO: OK
out/jak1-arm64-full/iso/DAR.DGO: OK
out/jak1-arm64-full/iso/DEM.DGO: OK
out/jak1-arm64-full/iso/FIC.DGO: OK
out/jak1-arm64-full/iso/FIN.DGO: OK
out/jak1-arm64-full/iso/INT.DGO: OK
out/jak1-arm64-full/iso/JUB.DGO: OK
out/jak1-arm64-full/iso/JUN.DGO: OK
out/jak1-arm64-full/iso/LAV.DGO: OK
out/jak1-arm64-full/iso/MAI.DGO: OK
out/jak1-arm64-full/iso/MIS.DGO: OK
out/jak1-arm64-full/iso/OGR.DGO: OK
out/jak1-arm64-full/iso/ROB.DGO: OK
out/jak1-arm64-full/iso/ROL.DGO: OK
out/jak1-arm64-full/iso/SNO.DGO: OK
out/jak1-arm64-full/iso/SUB.DGO: OK
out/jak1-arm64-full/iso/SUN.DGO: OK
out/jak1-arm64-full/iso/SWA.DGO: OK
out/jak1-arm64-full/iso/TIT.DGO: OK
out/jak1-arm64-full/iso/TRA.DGO: OK
out/jak1-arm64-full/iso/TSZ.DGO: OK
out/jak1-arm64-full/iso/VI1.DGO: OK
out/jak1-arm64-full/iso/VI2.DGO: OK
out/jak1-arm64-full/iso/VI3.DGO: OK
