bx_deps_corrupt_before=0
bx_deps_recompacted=0
bx_deps_quarantined=0
bx_sdl_pin=SDL-3.4.4-jak-project
bx_sdl_pinned=0
bx_rc=0
bx_edges=4
bx_work_edges=3
bx_other_edges=1
bx_other_list=Re-checking_globbed_directories...
bx_seconds=14
bx_residual_edges=0
bx_residual_work=0
bx_residual_other=0
bx_residual_other_list=aucune
bx_cmake_git_inputs=0
bx_sdl_revision=SDL-3.4.4-jak-project
bx_describe=harness-avant-plan-2026-09-11-436-gfd727ed090
bx_bin=game/gk
bx_bin_mtime=1789460006
bx_bin_mtime_ns=1789460006165106619
bx_deps_seen=46
bx_newest_dep=1789460003
bx_newest_dep_ns=1789460003484058229
bx_newest_name=game/libruntime.a
bx_bin_fresh=1
bx_bin_verdict=frais
bx_bin_lag_s=-3
bx_bin_lag_ns=-2681048390
bx_orphans_before=0
bx_orphans_after=0
bx_orphans_moved=0
bx_orphans_quarantine=-
build_x86: arbre propre : 4 arete(s) jouee(s) en 14s, 0 a refaire, binaire game/gk plus recent que ses 46 entrees.

exit_code=0
