bx_deps_corrupt_before=0
bx_deps_recompacted=0
bx_deps_quarantined=0
bx_sdl_pin=SDL-3.4.4-jak-project
bx_sdl_pinned=0
bx_rc=0
bx_edges=4
bx_work_edges=3
bx_other_edges=1
bx_other_list=Re-checking_globbed_directories...
bx_seconds=13
bx_residual_edges=0
bx_residual_work=0
bx_residual_other=0
bx_residual_other_list=aucune
bx_cmake_git_inputs=0
bx_sdl_revision=SDL-3.4.4-jak-project
bx_describe=harness-avant-plan-2026-09-11-434-g3162e9a979
bx_bin=game/gk
bx_bin_mtime=1789459188
bx_bin_mtime_ns=1789459188645468580
bx_deps_seen=46
bx_newest_dep=1789459185
bx_newest_dep_ns=1789459185964420576
bx_newest_name=game/libruntime.a
bx_bin_fresh=1
bx_bin_verdict=frais
bx_bin_lag_s=-3
bx_bin_lag_ns=-2681048004
bx_orphans_before=0
bx_orphans_after=0
bx_orphans_moved=0
bx_orphans_quarantine=-
build_x86: arbre propre : 4 arete(s) jouee(s) en 13s, 0 a refaire, binaire game/gk plus recent que ses 46 entrees.
