-- The C compiler identification is GNU 15.2.1
-- The CXX compiler identification is GNU 15.2.1
-- Detecting C compiler ABI info
-- Detecting C compiler ABI info - done
-- Check for working C compiler: /usr/bin/cc - skipped
-- Detecting C compile features
-- Detecting C compile features - done
-- Detecting CXX compiler ABI info
-- Detecting CXX compiler ABI info - done
-- Check for working CXX compiler: /usr/bin/c++ - skipped
-- Detecting CXX compile features
-- Detecting CXX compile features - done
-- Statically Link? OFF
-- GCC detected - Setting Defaults
-- curl version=[8.3.0-DEV]
-- Performing Test OPT_Wdouble_promotion
-- Performing Test OPT_Wdouble_promotion - Success
-- Performing Test OPT_Wenum_conversion
-- Performing Test OPT_Wenum_conversion - Success
-- Performing Test OPT_Wunused_const_variable
-- Performing Test OPT_Wunused_const_variable - Success
-- Picky compiler options: -W -Wall -pedantic -Wbad-function-cast -Wconversion -Winline -Wmissing-declarations -Wmissing-prototypes -Wnested-externs -Wno-long-long -Wno-multichar -Wpointer-arith -Wshadow -Wsign-compare -Wundef -Wunused -Wwrite-strings -Wcast-align -Wdeclaration-after-statement -Wempty-body -Wendif-labels -Wfloat-equal -Wignored-qualifiers -Wno-format-nonliteral -Wno-sign-conversion -Wno-system-headers -Wstrict-prototypes -Wtype-limits -Wvla -Wmissing-parameter-type -Wold-style-declaration -Wstrict-aliasing=3 -Wformat=2 -Warray-bounds=2 -ftree-vrp -Wduplicated-cond -Wnull-dereference -fdelete-null-pointer-checks -Wshift-negative-value -Wshift-overflow=2 -Walloc-zero -Wduplicated-branches -Wformat-overflow=2 -Wformat-truncation=1 -Wrestrict -Warith-conversion -Wdouble-promotion -Wenum-conversion -Wunused-const-variable
-- Performing Test HAVE_SOCKADDR_IN6_SIN6_ADDR
-- Performing Test HAVE_SOCKADDR_IN6_SIN6_ADDR - Success
-- Performing Test HAVE_SOCKADDR_IN6_SIN6_SCOPE_ID
-- Performing Test HAVE_SOCKADDR_IN6_SIN6_SCOPE_ID - Success
-- Found Perl: /usr/bin/perl (found version "5.42.1")
-- Performing Test CMAKE_HAVE_LIBC_PTHREAD
-- Performing Test CMAKE_HAVE_LIBC_PTHREAD - Success
-- Found Threads: TRUE
-- Looking for connect in socket;
-- Looking for connect in socket; - not found
-- Looking for gethostname
-- Looking for gethostname - found
-- Found OpenSSL: /usr/lib64/libcrypto.so (found version "3.5.4")
-- Looking for OPENSSL_IS_BORINGSSL
-- Looking for OPENSSL_IS_BORINGSSL - not found
-- Looking for OPENSSL_IS_AWSLC
-- Looking for OPENSSL_IS_AWSLC - not found
-- Found ZLIB: /usr/lib64/libz.so (found version "1.3.1")
-- Looking for SSL_set0_wbio
-- Looking for SSL_set0_wbio - found
-- Looking for ldap_init in ldap;OpenSSL::SSL;OpenSSL::Crypto;ZLIB::ZLIB
-- Looking for ldap_init in ldap;OpenSSL::SSL;OpenSSL::Crypto;ZLIB::ZLIB - not found
-- Looking for ber_init in lber;OpenSSL::SSL;OpenSSL::Crypto;ZLIB::ZLIB
-- Looking for ber_init in lber;OpenSSL::SSL;OpenSSL::Crypto;ZLIB::ZLIB - not found
-- Looking for include file ldap.h
-- Looking for include file ldap.h - not found
-- Looking for include file lber.h
-- Looking for include file lber.h - not found
-- LDAP_H not found CURL_DISABLE_LDAP set ON
-- LDAP needs to be enabled to support LDAPS
-- Found LibPSL: /usr/lib64/libpsl.so (found version "0.21.5")
-- Performing Test USE_UNIX_SOCKETS
-- Performing Test USE_UNIX_SOCKETS - Success
-- Found CA bundle: /etc/ssl/certs/ca-certificates.crt
-- Looking for include file inttypes.h
-- Looking for include file inttypes.h - found
-- Looking for include files inttypes.h, sys/filio.h
-- Looking for include files inttypes.h, sys/filio.h - not found
-- Looking for include files inttypes.h, sys/ioctl.h
-- Looking for include files inttypes.h, sys/ioctl.h - found
-- Looking for 3 include files inttypes.h, ..., sys/param.h
-- Looking for 3 include files inttypes.h, ..., sys/param.h - found
-- Looking for 4 include files inttypes.h, ..., sys/poll.h
-- Looking for 4 include files inttypes.h, ..., sys/poll.h - found
-- Looking for 5 include files inttypes.h, ..., sys/resource.h
-- Looking for 5 include files inttypes.h, ..., sys/resource.h - found
-- Looking for 6 include files inttypes.h, ..., sys/select.h
-- Looking for 6 include files inttypes.h, ..., sys/select.h - found
-- Looking for 7 include files inttypes.h, ..., sys/socket.h
-- Looking for 7 include files inttypes.h, ..., sys/socket.h - found
-- Looking for 8 include files inttypes.h, ..., sys/sockio.h
-- Looking for 8 include files inttypes.h, ..., sys/sockio.h - not found
-- Looking for 8 include files inttypes.h, ..., sys/stat.h
-- Looking for 8 include files inttypes.h, ..., sys/stat.h - found
-- Looking for 9 include files inttypes.h, ..., sys/time.h
-- Looking for 9 include files inttypes.h, ..., sys/time.h - found
-- Looking for 10 include files inttypes.h, ..., sys/types.h
-- Looking for 10 include files inttypes.h, ..., sys/types.h - found
-- Looking for 11 include files inttypes.h, ..., sys/un.h
-- Looking for 11 include files inttypes.h, ..., sys/un.h - found
-- Looking for 12 include files inttypes.h, ..., sys/utime.h
-- Looking for 12 include files inttypes.h, ..., sys/utime.h - not found
-- Looking for 12 include files inttypes.h, ..., sys/xattr.h
-- Looking for 12 include files inttypes.h, ..., sys/xattr.h - found
-- Looking for 13 include files inttypes.h, ..., arpa/inet.h
-- Looking for 13 include files inttypes.h, ..., arpa/inet.h - found
-- Looking for 14 include files inttypes.h, ..., arpa/tftp.h
-- Looking for 14 include files inttypes.h, ..., arpa/tftp.h - found
-- Looking for 15 include files inttypes.h, ..., fcntl.h
-- Looking for 15 include files inttypes.h, ..., fcntl.h - found
-- Looking for 16 include files inttypes.h, ..., idn2.h
-- Looking for 16 include files inttypes.h, ..., idn2.h - not found
-- Looking for 16 include files inttypes.h, ..., ifaddrs.h
-- Looking for 16 include files inttypes.h, ..., ifaddrs.h - found
-- Looking for 17 include files inttypes.h, ..., io.h
-- Looking for 17 include files inttypes.h, ..., io.h - not found
-- Looking for 17 include files inttypes.h, ..., libgen.h
-- Looking for 17 include files inttypes.h, ..., libgen.h - found
-- Looking for 18 include files inttypes.h, ..., locale.h
-- Looking for 18 include files inttypes.h, ..., locale.h - found
-- Looking for 19 include files inttypes.h, ..., net/if.h
-- Looking for 19 include files inttypes.h, ..., net/if.h - found
-- Looking for 20 include files inttypes.h, ..., netdb.h
-- Looking for 20 include files inttypes.h, ..., netdb.h - found
-- Looking for 21 include files inttypes.h, ..., netinet/in.h
-- Looking for 21 include files inttypes.h, ..., netinet/in.h - found
-- Looking for 22 include files inttypes.h, ..., netinet/tcp.h
-- Looking for 22 include files inttypes.h, ..., netinet/tcp.h - found
-- Looking for linux/tcp.h
-- Looking for linux/tcp.h - found
-- Looking for 23 include files inttypes.h, ..., poll.h
-- Looking for 23 include files inttypes.h, ..., poll.h - found
-- Looking for 24 include files inttypes.h, ..., pwd.h
-- Looking for 24 include files inttypes.h, ..., pwd.h - found
-- Looking for 25 include files inttypes.h, ..., setjmp.h
-- Looking for 25 include files inttypes.h, ..., setjmp.h - found
-- Looking for 26 include files inttypes.h, ..., signal.h
-- Looking for 26 include files inttypes.h, ..., signal.h - found
-- Looking for 27 include files inttypes.h, ..., stdatomic.h
-- Looking for 27 include files inttypes.h, ..., stdatomic.h - found
-- Looking for 28 include files inttypes.h, ..., stdbool.h
-- Looking for 28 include files inttypes.h, ..., stdbool.h - found
-- Looking for 29 include files inttypes.h, ..., stdint.h
-- Looking for 29 include files inttypes.h, ..., stdint.h - found
-- Looking for 30 include files inttypes.h, ..., stdlib.h
-- Looking for 30 include files inttypes.h, ..., stdlib.h - found
-- Looking for 31 include files inttypes.h, ..., string.h
-- Looking for 31 include files inttypes.h, ..., string.h - found
-- Looking for 32 include files inttypes.h, ..., strings.h
-- Looking for 32 include files inttypes.h, ..., strings.h - found
-- Looking for 33 include files inttypes.h, ..., stropts.h
-- Looking for 33 include files inttypes.h, ..., stropts.h - not found
-- Looking for 33 include files inttypes.h, ..., termio.h
-- Looking for 33 include files inttypes.h, ..., termio.h - not found
-- Looking for 33 include files inttypes.h, ..., termios.h
-- Looking for 33 include files inttypes.h, ..., termios.h - found
-- Looking for 34 include files inttypes.h, ..., time.h
-- Looking for 34 include files inttypes.h, ..., time.h - found
-- Looking for 35 include files inttypes.h, ..., unistd.h
-- Looking for 35 include files inttypes.h, ..., unistd.h - found
-- Looking for 36 include files inttypes.h, ..., utime.h
-- Looking for 36 include files inttypes.h, ..., utime.h - found
-- Looking for 37 include files inttypes.h, ..., stddef.h
-- Looking for 37 include files inttypes.h, ..., stddef.h - found
-- Check size of size_t
-- Check size of size_t - done
-- Check size of ssize_t
-- Check size of ssize_t - done
-- Check size of long long
-- Check size of long long - done
-- Check size of long
-- Check size of long - done
-- Check size of int
-- Check size of int - done
-- Check size of __int64
-- Check size of __int64 - failed
-- Check size of time_t
-- Check size of time_t - done
-- Looking for fchmod
-- Looking for fchmod - found
-- Looking for basename
-- Looking for basename - found
-- Looking for socket
-- Looking for socket - found
-- Looking for socketpair
-- Looking for socketpair - found
-- Looking for recv
-- Looking for recv - found
-- Looking for send
-- Looking for send - found
-- Looking for sendmsg
-- Looking for sendmsg - found
-- Looking for select
-- Looking for select - found
-- Looking for strdup
-- Looking for strdup - found
-- Looking for strtok_r
-- Looking for strtok_r - found
-- Looking for strcasecmp
-- Looking for strcasecmp - found
-- Looking for stricmp
-- Looking for stricmp - not found
-- Looking for strcmpi
-- Looking for strcmpi - not found
-- Looking for alarm
-- Looking for alarm - found
-- Looking for getppid
-- Looking for getppid - found
-- Looking for utimes
-- Looking for utimes - found
-- Looking for gettimeofday
-- Looking for gettimeofday - found
-- Looking for closesocket
-- Looking for closesocket - not found
-- Looking for sigsetjmp
-- Looking for sigsetjmp - found
-- Looking for getpass_r
-- Looking for getpass_r - not found
-- Looking for getpwuid
-- Looking for getpwuid - found
-- Looking for getpwuid_r
-- Looking for getpwuid_r - found
-- Looking for geteuid
-- Looking for geteuid - found
-- Looking for utime
-- Looking for utime - found
-- Looking for gmtime_r
-- Looking for gmtime_r - found
-- Looking for gethostbyname_r
-- Looking for gethostbyname_r - found
-- Looking for signal
-- Looking for signal - found
-- Looking for strtoll
-- Looking for strtoll - found
-- Looking for strerror_r
-- Looking for strerror_r - found
-- Looking for siginterrupt
-- Looking for siginterrupt - found
-- Looking for getaddrinfo
-- Looking for getaddrinfo - found
-- Looking for freeaddrinfo
-- Looking for freeaddrinfo - found
-- Looking for pipe
-- Looking for pipe - found
-- Looking for ftruncate
-- Looking for ftruncate - found
-- Looking for getpeername
-- Looking for getpeername - found
-- Looking for getsockname
-- Looking for getsockname - found
-- Looking for if_nametoindex
-- Looking for if_nametoindex - found
-- Looking for getrlimit
-- Looking for getrlimit - found
-- Looking for setlocale
-- Looking for setlocale - found
-- Looking for setmode
-- Looking for setmode - not found
-- Looking for setrlimit
-- Looking for setrlimit - found
-- Looking for snprintf
-- Looking for snprintf - found
-- Looking for mach_absolute_time
-- Looking for mach_absolute_time - not found
-- Looking for inet_ntop
-- Looking for inet_ntop - found
-- Looking for inet_pton
-- Looking for inet_pton - found
-- Looking for fsetxattr
-- Looking for fsetxattr - found
-- Performing Curl Test HAVE_FSETXATTR_5
-- Performing Curl Test HAVE_FSETXATTR_5 - Success
-- Performing Curl Test HAVE_FSETXATTR_6
-- Performing Curl Test HAVE_FSETXATTR_6 - Failed
-- Check size of sa_family_t
-- Check size of sa_family_t - done
-- Check size of ADDRESS_FAMILY
-- Check size of ADDRESS_FAMILY - failed
-- Looking for sigaction
-- Looking for sigaction - found
-- Performing Curl Test HAVE_FCNTL_O_NONBLOCK
-- Performing Curl Test HAVE_FCNTL_O_NONBLOCK - Success
-- Performing Curl Test HAVE_IOCTLSOCKET
-- Performing Curl Test HAVE_IOCTLSOCKET - Failed
-- Performing Curl Test HAVE_IOCTLSOCKET_CAMEL
-- Performing Curl Test HAVE_IOCTLSOCKET_CAMEL - Failed
-- Performing Curl Test HAVE_IOCTLSOCKET_CAMEL_FIONBIO
-- Performing Curl Test HAVE_IOCTLSOCKET_CAMEL_FIONBIO - Failed
-- Performing Curl Test HAVE_IOCTLSOCKET_FIONBIO
-- Performing Curl Test HAVE_IOCTLSOCKET_FIONBIO - Failed
-- Performing Curl Test HAVE_IOCTL_FIONBIO
-- Performing Curl Test HAVE_IOCTL_FIONBIO - Success
-- Performing Curl Test HAVE_IOCTL_SIOCGIFADDR
-- Performing Curl Test HAVE_IOCTL_SIOCGIFADDR - Success
-- Performing Curl Test HAVE_SETSOCKOPT_SO_NONBLOCK
-- Performing Curl Test HAVE_SETSOCKOPT_SO_NONBLOCK - Failed
-- Performing Curl Test TIME_WITH_SYS_TIME
-- Performing Curl Test TIME_WITH_SYS_TIME - Success
-- Performing Curl Test HAVE_O_NONBLOCK
-- Performing Curl Test HAVE_O_NONBLOCK - Failed
-- Performing Curl Test HAVE_GETHOSTBYNAME_R_3
-- Performing Curl Test HAVE_GETHOSTBYNAME_R_3 - Failed
-- Performing Curl Test HAVE_GETHOSTBYNAME_R_5
-- Performing Curl Test HAVE_GETHOSTBYNAME_R_5 - Failed
-- Performing Curl Test HAVE_GETHOSTBYNAME_R_6
-- Performing Curl Test HAVE_GETHOSTBYNAME_R_6 - Success
-- Performing Curl Test HAVE_GETHOSTBYNAME_R_3_REENTRANT
-- Performing Curl Test HAVE_GETHOSTBYNAME_R_3_REENTRANT - Failed
-- Performing Curl Test HAVE_GETHOSTBYNAME_R_5_REENTRANT
-- Performing Curl Test HAVE_GETHOSTBYNAME_R_5_REENTRANT - Failed
-- Performing Curl Test HAVE_GETHOSTBYNAME_R_6_REENTRANT
-- Performing Curl Test HAVE_GETHOSTBYNAME_R_6_REENTRANT - Success
-- Performing Curl Test HAVE_IN_ADDR_T
-- Performing Curl Test HAVE_IN_ADDR_T - Success
-- Performing Curl Test HAVE_BOOL_T
-- Performing Curl Test HAVE_BOOL_T - Success
-- Performing Curl Test STDC_HEADERS
-- Performing Curl Test STDC_HEADERS - Success
-- Performing Curl Test HAVE_FILE_OFFSET_BITS
-- Performing Curl Test HAVE_FILE_OFFSET_BITS - Success
-- Performing Curl Test HAVE_VARIADIC_MACROS_C99
-- Performing Curl Test HAVE_VARIADIC_MACROS_C99 - Success
-- Performing Curl Test HAVE_VARIADIC_MACROS_GCC
-- Performing Curl Test HAVE_VARIADIC_MACROS_GCC - Success
-- Performing Curl Test HAVE_ATOMIC
-- Performing Curl Test HAVE_ATOMIC - Success
-- Check size of off_t
-- Check size of off_t - done
-- Check size of curl_off_t
-- Check size of curl_off_t - done
-- Check size of curl_socket_t
-- Check size of curl_socket_t - done
-- Performing Curl Test HAVE_GLIBC_STRERROR_R
-- Performing Curl Test HAVE_GLIBC_STRERROR_R - Failed
-- Performing Curl Test HAVE_POSIX_STRERROR_R
-- Performing Curl Test HAVE_POSIX_STRERROR_R - Success
-- Performing Curl Test HAVE_CLOCK_GETTIME_MONOTONIC
-- Performing Curl Test HAVE_CLOCK_GETTIME_MONOTONIC - Success
-- Performing Curl Test HAVE_BUILTIN_AVAILABLE
-- Performing Curl Test HAVE_BUILTIN_AVAILABLE - Failed
-- Performing Test HAVE_MSG_NOSIGNAL
-- Performing Test HAVE_MSG_NOSIGNAL - Success
-- Performing Test HAVE_STRUCT_TIMEVAL
-- Performing Test HAVE_STRUCT_TIMEVAL - Success
-- Check size of struct sockaddr_storage
-- Check size of struct sockaddr_storage - done
-- Performing Test HAVE_POLL_FINE
-- Performing Test HAVE_POLL_FINE - Success
-- Performing Test HAVE_WRITABLE_ARGV
-- Performing Test HAVE_WRITABLE_ARGV - Success
-- Enabled features: SSL IPv6 unixsockets libz AsynchDNS Largefile alt-svc HSTS NTLM HTTPS-proxy threadsafe PSL
-- Enabled protocols: DICT FILE FTP FTPS GOPHER GOPHERS HTTP HTTPS IMAP IMAPS MQTT POP3 POP3S RTSP SMB SMBS SMTP SMTPS TELNET TFTP
-- Enabled SSL backends: OpenSSL
CMake Deprecation Warning at third-party/replxx/CMakeLists.txt:1 (cmake_minimum_required):
  Compatibility with CMake < 3.10 will be removed from a future version of
  CMake.

  Update the VERSION argument <min> value.  Or, use the <min>...<max> syntax
  to tell CMake that the project requires at least <min> but has been updated
  to work with policies introduced by <max> or earlier.


-- Performing Test COMPILER_HAS_HIDDEN_VISIBILITY
-- Performing Test COMPILER_HAS_HIDDEN_VISIBILITY - Success
-- Performing Test COMPILER_HAS_HIDDEN_INLINE_VISIBILITY
-- Performing Test COMPILER_HAS_HIDDEN_INLINE_VISIBILITY - Success
-- Performing Test COMPILER_HAS_DEPRECATED_ATTR
-- Performing Test COMPILER_HAS_DEPRECATED_ATTR - Success
-- {fmt} version: 11.1.4
-- Build type: Release
-- Found Git: /usr/bin/git (found version "2.53.0")
-- write_revision_h(): /home/emeric/code/jak-gold
-- Git found, using it to get revision info
-- Looking for include file pulse/pulseaudio.h
-- Looking for include file pulse/pulseaudio.h - found
-- Looking for include file alsa/asoundlib.h
-- Looking for include file alsa/asoundlib.h - not found
-- Looking for include file jack/jack.h
-- Looking for include file jack/jack.h - not found
-- Looking for include file sndio.h
-- Looking for include file sndio.h - not found
-- Looking for include file aaudio/AAudio.h
-- Looking for include file aaudio/AAudio.h - not found
-- Looking for include file AudioUnit/AudioUnit.h
-- Looking for include file AudioUnit/AudioUnit.h - not found
-- Looking for include file audioclient.h
-- Looking for include file audioclient.h - not found
-- Looking for include files windows.h, mmsystem.h
-- Looking for include files windows.h, mmsystem.h - not found
-- Looking for include file SLES/OpenSLES.h
-- Looking for include file SLES/OpenSLES.h - not found
-- Looking for include file sys/soundcard.h
-- Looking for include file sys/soundcard.h - found
-- Looking for include file android/log.h
-- Looking for include file android/log.h - not found
-- Looking for include file sys/audioio.h
-- Looking for include file sys/audioio.h - not found
-- Looking for include file kai.h
-- Looking for include file kai.h - not found
-- Found Doxygen: /usr/bin/doxygen (found version "1.14.0") found components: doxygen dot
-- Dynamically Linking SDL
-- Found PkgConfig: /usr/bin/pkg-config (found version "2.3.0")
-- Detecting Target CPU Architecture
-- Detecting Target CPU Architecture - X64
-- Performing Test HAVE_GCC_WALL
-- Performing Test HAVE_GCC_WALL - Success
-- Performing Test HAVE_GCC_WUNDEF
-- Performing Test HAVE_GCC_WUNDEF - Success
-- Performing Test HAVE_GCC_WFLOAT_CONVERSION
-- Performing Test HAVE_GCC_WFLOAT_CONVERSION - Success
-- Performing Test HAVE_GCC_NO_STRICT_ALIASING
-- Performing Test HAVE_GCC_NO_STRICT_ALIASING - Success
-- Performing Test HAVE_GCC_WDOCUMENTATION
-- Performing Test HAVE_GCC_WDOCUMENTATION - Failed
-- Performing Test HAVE_GCC_WDOCUMENTATION_UNKNOWN_COMMAND
-- Performing Test HAVE_GCC_WDOCUMENTATION_UNKNOWN_COMMAND - Failed
-- Performing Test HAVE_GCC_COMMENT_BLOCK_COMMANDS
-- Performing Test HAVE_GCC_COMMENT_BLOCK_COMMANDS - Failed
-- Performing Test HAVE_CLANG_COMMENT_BLOCK_COMMANDS
-- Performing Test HAVE_CLANG_COMMENT_BLOCK_COMMANDS - Failed
-- Performing Test HAVE_GCC_WSHADOW
-- Performing Test HAVE_GCC_WSHADOW - Success
-- Performing Test HAVE_GCC_WUNUSED_LOCAL_TYPEDEFS
-- Performing Test HAVE_GCC_WUNUSED_LOCAL_TYPEDEFS - Success
-- Performing Test HAVE_GCC_WIMPLICIT_FALLTHROUGH
-- Performing Test HAVE_GCC_WIMPLICIT_FALLTHROUGH - Success
-- Performing Test COMPILER_SUPPORTS_FDIAGNOSTICS_COLOR_ALWAYS
-- Performing Test COMPILER_SUPPORTS_FDIAGNOSTICS_COLOR_ALWAYS - Success
-- Looking for __GLIBC__
-- Looking for __GLIBC__ - found
-- Performing Test HAVE_WL_VERSION_SCRIPT
-- Performing Test HAVE_WL_VERSION_SCRIPT - Success
-- Performing Test COMPILER_SUPPORTS_GCC_ATOMICS
-- Performing Test COMPILER_SUPPORTS_GCC_ATOMICS - Success
-- Performing Test HAVE_GCC_FVISIBILITY
-- Performing Test HAVE_GCC_FVISIBILITY - Success
-- Performing Test LINKER_SUPPORTS_WL_NO_UNDEFINED
-- Performing Test LINKER_SUPPORTS_WL_NO_UNDEFINED - Success
-- Performing Test COMPILER_SUPPORTS_MMX
-- Performing Test COMPILER_SUPPORTS_MMX - Success
-- Performing Test COMPILER_SUPPORTS_SSE
-- Performing Test COMPILER_SUPPORTS_SSE - Success
-- Performing Test COMPILER_SUPPORTS_SSE2
-- Performing Test COMPILER_SUPPORTS_SSE2 - Success
-- Performing Test COMPILER_SUPPORTS_SSE3
-- Performing Test COMPILER_SUPPORTS_SSE3 - Success
-- Performing Test COMPILER_SUPPORTS_SSE4_1
-- Performing Test COMPILER_SUPPORTS_SSE4_1 - Success
-- Performing Test COMPILER_SUPPORTS_SSE4_2
-- Performing Test COMPILER_SUPPORTS_SSE4_2 - Success
-- Performing Test COMPILER_SUPPORTS_AVX
-- Performing Test COMPILER_SUPPORTS_AVX - Success
-- Performing Test COMPILER_SUPPORTS_AVX2
-- Performing Test COMPILER_SUPPORTS_AVX2 - Success
-- Performing Test COMPILER_SUPPORTS_AVX512F
-- Performing Test COMPILER_SUPPORTS_AVX512F - Success
-- Looking for alloca.h
-- Looking for alloca.h - found
-- Looking for float.h
-- Looking for float.h - found
-- Looking for iconv.h
-- Looking for iconv.h - found
-- Looking for inttypes.h
-- Looking for inttypes.h - found
-- Looking for limits.h
-- Looking for limits.h - found
-- Looking for malloc.h
-- Looking for malloc.h - found
-- Looking for math.h
-- Looking for math.h - found
-- Looking for memory.h
-- Looking for memory.h - found
-- Looking for signal.h
-- Looking for signal.h - found
-- Looking for stdarg.h
-- Looking for stdarg.h - found
-- Looking for stdbool.h
-- Looking for stdbool.h - found
-- Looking for stddef.h
-- Looking for stddef.h - found
-- Looking for stdint.h
-- Looking for stdint.h - found
-- Looking for stdio.h
-- Looking for stdio.h - found
-- Looking for stdlib.h
-- Looking for stdlib.h - found
-- Looking for string.h
-- Looking for string.h - found
-- Looking for strings.h
-- Looking for strings.h - found
-- Looking for sys/types.h
-- Looking for sys/types.h - found
-- Looking for time.h
-- Looking for time.h - found
-- Looking for wchar.h
-- Looking for wchar.h - found
-- Looking for pow in m
-- Looking for pow in m - found
-- Looking for abs
-- Looking for abs - found
-- Looking for acos
-- Looking for acos - found
-- Looking for acosf
-- Looking for acosf - found
-- Looking for asin
-- Looking for asin - found
-- Looking for asinf
-- Looking for asinf - found
-- Looking for atan
-- Looking for atan - found
-- Looking for atan2
-- Looking for atan2 - found
-- Looking for atan2f
-- Looking for atan2f - found
-- Looking for atanf
-- Looking for atanf - found
-- Looking for atof
-- Looking for atof - found
-- Looking for atoi
-- Looking for atoi - found
-- Looking for bcopy
-- Looking for bcopy - found
-- Looking for ceil
-- Looking for ceil - found
-- Looking for ceilf
-- Looking for ceilf - found
-- Looking for copysign
-- Looking for copysign - found
-- Looking for copysignf
-- Looking for copysignf - found
-- Looking for cos
-- Looking for cos - found
-- Looking for cosf
-- Looking for cosf - found
-- Looking for _Exit
-- Looking for _Exit - found
-- Looking for exp
-- Looking for exp - found
-- Looking for expf
-- Looking for expf - found
-- Looking for fabs
-- Looking for fabs - found
-- Looking for fabsf
-- Looking for fabsf - found
-- Looking for floor
-- Looking for floor - found
-- Looking for floorf
-- Looking for floorf - found
-- Looking for fmod
-- Looking for fmod - found
-- Looking for fmodf
-- Looking for fmodf - found
-- Looking for fopen64
-- Looking for fopen64 - found
-- Looking for fseeko
-- Looking for fseeko - found
-- Looking for fseeko64
-- Looking for fseeko64 - found
-- Looking for getenv
-- Looking for getenv - found
-- Looking for _i64toa
-- Looking for _i64toa - not found
-- Looking for index
-- Looking for index - found
-- Looking for itoa
-- Looking for itoa - not found
-- Looking for log
-- Looking for log - found
-- Looking for log10
-- Looking for log10 - found
-- Looking for log10f
-- Looking for log10f - found
-- Looking for logf
-- Looking for logf - found
-- Looking for lround
-- Looking for lround - found
-- Looking for lroundf
-- Looking for lroundf - found
-- Looking for _ltoa
-- Looking for _ltoa - not found
-- Looking for malloc
-- Looking for malloc - found
-- Looking for memcmp
-- Looking for memcmp - found
-- Looking for memcpy
-- Looking for memcpy - found
-- Looking for memmove
-- Looking for memmove - found
-- Looking for memset
-- Looking for memset - found
-- Looking for modf
-- Looking for modf - found
-- Looking for modff
-- Looking for modff - found
-- Looking for pow
-- Looking for pow - found
-- Looking for powf
-- Looking for powf - found
-- Looking for putenv
-- Looking for putenv - found
-- Looking for rindex
-- Looking for rindex - found
-- Looking for round
-- Looking for round - found
-- Looking for roundf
-- Looking for roundf - found
-- Looking for scalbn
-- Looking for scalbn - found
-- Looking for scalbnf
-- Looking for scalbnf - found
-- Looking for setenv
-- Looking for setenv - found
-- Looking for sin
-- Looking for sin - found
-- Looking for sinf
-- Looking for sinf - found
-- Looking for sqr
-- Looking for sqr - not found
-- Looking for sqrt
-- Looking for sqrt - found
-- Looking for sqrtf
-- Looking for sqrtf - found
-- Looking for sscanf
-- Looking for sscanf - found
-- Looking for strchr
-- Looking for strchr - found
-- Looking for strcmp
-- Looking for strcmp - found
-- Looking for strlcat
-- Looking for strlcat - found
-- Looking for strlcpy
-- Looking for strlcpy - found
-- Looking for strlen
-- Looking for strlen - found
-- Looking for strncmp
-- Looking for strncmp - found
-- Looking for strnlen
-- Looking for strnlen - found
-- Looking for strpbrk
-- Looking for strpbrk - found
-- Looking for strrchr
-- Looking for strrchr - found
-- Looking for strstr
-- Looking for strstr - found
-- Looking for strnstr
-- Looking for strnstr - not found
-- Looking for strtod
-- Looking for strtod - found
-- Looking for strtok_r
-- Looking for strtok_r - found
-- Looking for strtol
-- Looking for strtol - found
-- Looking for strtoll
-- Looking for strtoll - found
-- Looking for strtoul
-- Looking for strtoul - found
-- Looking for strtoull
-- Looking for strtoull - found
-- Looking for tan
-- Looking for tan - found
-- Looking for tanf
-- Looking for tanf - found
-- Looking for trunc
-- Looking for trunc - found
-- Looking for truncf
-- Looking for truncf - found
-- Looking for unsetenv
-- Looking for unsetenv - found
-- Looking for vsnprintf
-- Looking for vsnprintf - found
-- Looking for vsscanf
-- Looking for vsscanf - found
-- Looking for wcsnlen
-- Looking for wcsnlen - found
-- Looking for wcscmp
-- Looking for wcscmp - found
-- Looking for wcsdup
-- Looking for wcsdup - found
-- Looking for wcslcat
-- Looking for wcslcat - found
-- Looking for wcslcpy
-- Looking for wcslcpy - found
-- Looking for wcslen
-- Looking for wcslen - found
-- Looking for wcsncmp
-- Looking for wcsncmp - found
-- Looking for wcsstr
-- Looking for wcsstr - found
-- Looking for wcstol
-- Looking for wcstol - found
-- Looking for strcasestr
-- Looking for strcasestr - found
-- Performing Test LIBC_HAS_ISINF
-- Performing Test LIBC_HAS_ISINF - Success
-- Performing Test LIBC_ISINF_HANDLES_FLOAT
-- Performing Test LIBC_ISINF_HANDLES_FLOAT - Success
-- Performing Test LIBC_HAS_ISINFF
-- Performing Test LIBC_HAS_ISINFF - Success
-- Performing Test LIBC_HAS_ISNAN
-- Performing Test LIBC_HAS_ISNAN - Success
-- Performing Test LIBC_ISNAN_HANDLES_FLOAT
-- Performing Test LIBC_ISNAN_HANDLES_FLOAT - Success
-- Performing Test LIBC_HAS_ISNANF
-- Performing Test LIBC_HAS_ISNANF - Success
-- Looking for fdatasync
-- Looking for fdatasync - found
-- Looking for getpagesize
-- Looking for getpagesize - found
-- Looking for getresgid
-- Looking for getresgid - found
-- Looking for getresuid
-- Looking for getresuid - found
-- Looking for sigtimedwait
-- Looking for sigtimedwait - found
-- Looking for setjmp
-- Looking for setjmp - found
-- Looking for nanosleep
-- Looking for nanosleep - found
-- Looking for localtime_r
-- Looking for localtime_r - found
-- Looking for nl_langinfo
-- Looking for nl_langinfo - found
-- Looking for sysconf
-- Looking for sysconf - found
-- Looking for sysctlbyname
-- Looking for sysctlbyname - not found
-- Looking for getauxval
-- Looking for getauxval - found
-- Looking for elf_aux_info
-- Looking for elf_aux_info - not found
-- Looking for ppoll
-- Looking for ppoll - found
-- Looking for memfd_create
-- Looking for memfd_create - found
-- Looking for posix_fallocate
-- Looking for posix_fallocate - found
-- Looking for posix_spawn_file_actions_addchdir
-- Looking for posix_spawn_file_actions_addchdir - not found
-- Looking for posix_spawn_file_actions_addchdir_np
-- Looking for posix_spawn_file_actions_addchdir_np - found
-- Performing Test ICONV_IN_LIBC
-- Performing Test ICONV_IN_LIBC - Success
-- Performing Test ICONV_IN_LIBICONV
-- Performing Test ICONV_IN_LIBICONV - Failed
-- Performing Test HAVE_SA_SIGACTION
-- Performing Test HAVE_SA_SIGACTION - Success
-- Performing Test HAVE_ST_MTIM
-- Performing Test HAVE_ST_MTIM - Success
-- Looking for dlopen
-- Looking for dlopen - found
-- Performing Test HAVE_O_CLOEXEC
-- Performing Test HAVE_O_CLOEXEC - Success
-- Performing Test COMPILER_SUPPORTS_ELFNOTES
-- Performing Test COMPILER_SUPPORTS_ELFNOTES - Success
-- Found X11: /usr/include
-- Looking for XOpenDisplay in /usr/lib64/libX11.so;/usr/lib64/libXext.so
-- Looking for XOpenDisplay in /usr/lib64/libX11.so;/usr/lib64/libXext.so - found
-- Looking for gethostbyname
-- Looking for gethostbyname - found
-- Looking for connect
-- Looking for connect - found
-- Looking for remove
-- Looking for remove - found
-- Looking for shmat
-- Looking for shmat - found
-- dynamic libX11 -> libX11.so.6
-- dynamic libXext -> libXext.so.6
-- dynamic libXcursor -> libXcursor.so.1
-- dynamic libXi -> libXi.so.6
-- dynamic libXfixes -> libXfixes.so.3
-- dynamic libXrandr -> libXrandr.so.2
-- dynamic libXrender -> libXrender.so.1
-- dynamic libXtst -> libXtst.so.6
-- Looking for shmat
-- Looking for shmat - found
-- Performing Test HAVE_XGENERICEVENT
-- Performing Test HAVE_XGENERICEVENT - Success
-- Looking for X11/XKBlib.h
-- Looking for X11/XKBlib.h - found
-- Performing Test HAVE_XINPUT2_SCROLLINFO
-- Performing Test HAVE_XINPUT2_SCROLLINFO - Success
-- Performing Test HAVE_XINPUT2_MULTITOUCH
-- Performing Test HAVE_XINPUT2_MULTITOUCH - Success
-- Performing Test HAVE_XINPUT2_GESTURE
-- Performing Test HAVE_XINPUT2_GESTURE - Success
-- Performing Test HAVE_XFIXES_H
-- Performing Test HAVE_XFIXES_H - Success
-- Checking for module 'fribidi'
--   Found fribidi, version 1.0.16
-- dynamic libfribidi -> libfribidi.so.0
-- Checking for module 'libthai'
--   Found libthai, version 0.1.29
-- dynamic libthai -> libthai.so.0
-- Found OpenGL: /usr/lib64/libOpenGL.so
-- Performing Test HAVE_OPENGL_EGL
-- Performing Test HAVE_OPENGL_EGL - Success
-- Checking for module 'libdrm'
--   Found libdrm, version 2.4.133
-- Checking for module 'gbm'
--   Package 'gbm' not found
-- Performing Test HAVE_OPENGL_GLX
-- Performing Test HAVE_OPENGL_GLX - Success
-- Performing Test HAVE_OPENGL
-- Performing Test HAVE_OPENGL - Success
-- Performing Test HAVE_OPENGLES_V1
-- Performing Test HAVE_OPENGLES_V1 - Success
-- Performing Test HAVE_OPENGLES_V2
-- Performing Test HAVE_OPENGLES_V2 - Success
-- Checking for modules 'wayland-client>=1.18;wayland-egl;wayland-cursor;egl;xkbcommon>=0.5.0'
--   Found wayland-client, version 1.24.0
--   Found wayland-egl, version 18.1.0
--   Found wayland-cursor, version 1.24.0
--   Found egl, version 1.5
--   Found xkbcommon, version 1.11.0
-- dynamic libwayland-client -> libwayland-client.so.0
-- dynamic libwayland-egl -> libwayland-egl.so.1
-- dynamic libwayland-cursor -> libwayland-cursor.so.0
-- dynamic libxkbcommon -> libxkbcommon.so.0
-- Checking for module 'libdecor-0'
--   Package 'libdecor-0' not found
-- Performing Test HAVE_LINUX_INPUT_H
-- Performing Test HAVE_LINUX_INPUT_H - Success
-- Performing Test HAVE_INPUT_KD
-- Performing Test HAVE_INPUT_KD - Success
-- Performing Test HAVE_LINUX_VIDEODEV2_H
-- Performing Test HAVE_LINUX_VIDEODEV2_H - Success
-- Looking for libudev.h
-- Looking for libudev.h - found
-- dynamic libudev -> libudev.so.1
-- Looking for sys/inotify.h
-- Looking for sys/inotify.h - found
-- Looking for inotify_init
-- Looking for inotify_init - found
-- Looking for inotify_init1
-- Looking for inotify_init1 - found
-- Checking for one of the modules 'dbus-1;dbus'
-- Checking for one of the modules 'ibus-1.0;ibus'
-- Checking for one of the modules 'liburing-ffi'
-- Performing Test LIBC_HAS_WORKING_LIBUNWIND
-- Performing Test LIBC_HAS_WORKING_LIBUNWIND - Failed
-- Performing Test LIBUNWIND_HAS_WORKINGLIBUNWIND
-- Performing Test LIBUNWIND_HAS_WORKINGLIBUNWIND - Failed
-- Checking for modules 'libunwind;libunwind-generic'
--   Package 'libunwind' not found
--   Package 'libunwind-generic' not found
-- Checking for module 'libusb-1.0>=1.0.16'
--   Package 'libusb-1.0' not found
-- Could NOT find LibUSB (missing: LibUSB_LIBRARY LibUSB_INCLUDE_PATH) (found version "LibUSB_VERSION-NOTFOUND")
-- Performing Test HAVE_PTHREADS
-- Performing Test HAVE_PTHREADS - Success
-- Performing Test HAVE_RECURSIVE_MUTEXES
-- Performing Test HAVE_RECURSIVE_MUTEXES - Success
-- Performing Test HAVE_PTHREADS_SEM
-- Performing Test HAVE_PTHREADS_SEM - Success
-- Performing Test COMPILER_HAS_SEM_TIMEDWAIT
-- Performing Test COMPILER_HAS_SEM_TIMEDWAIT - Success
-- Looking for pthread.h
-- Looking for pthread.h - found
-- Looking for pthread_np.h
-- Looking for pthread_np.h - not found
-- Performing Test HAVE_PTHREAD_SETNAME_NP
-- Performing Test HAVE_PTHREAD_SETNAME_NP - Success
-- Looking for clock_gettime in c
-- Looking for clock_gettime in c - found
-- Performing Test HAVE_ENABLE_NEW_DTAGS
-- Performing Test HAVE_ENABLE_NEW_DTAGS - Success
-- Performing Test HAVE_POSIX_SPAWN
-- Performing Test HAVE_POSIX_SPAWN - Success
-- Looking for vfork
-- Looking for vfork - found
-- 
-- SDL3 was configured with the following options:
-- 
-- Platform: Linux-6.19.8-200.fc43.x86_64
-- 64-bit:   TRUE
-- Compiler: /usr/bin/cc
-- Revision: SDL-3.4.4--128-NOTFOUND
-- Vendor:   
-- 
-- Subsystems:
--   Audio:    OFF
--   Video:    ON
--   GPU:      ON
--   Render:   OFF
--   Camera:   OFF
--   Joystick: ON
--   Haptic:   ON
--   Hidapi:   ON
--   Power:    OFF
--   Sensor:   OFF
--   Dialog:   ON
--   Tray:     ON
-- 
-- Options:
--   SDL_ALSA                    (Wanted: OFF): OFF
--   SDL_ALSA_SHARED             (Wanted: OFF): OFF
--   SDL_ALTIVEC                 (Wanted: OFF): OFF
--   SDL_ARMNEON                 (Wanted: OFF): OFF
--   SDL_ASAN                    (Wanted: OFF): OFF
--   SDL_ASSEMBLY                (Wanted: ON): ON
--   SDL_ASSERTIONS              (Wanted: auto): auto
--   SDL_AVX                     (Wanted: ON): ON
--   SDL_AVX2                    (Wanted: ON): ON
--   SDL_AVX512F                 (Wanted: ON): ON
--   SDL_BACKGROUNDING_SIGNAL    (Wanted: OFF): OFF
--   SDL_CCACHE                  (Wanted: OFF): OFF
--   SDL_CLANG_TIDY              (Wanted: OFF): OFF
--   SDL_CLOCK_GETTIME           (Wanted: ON): ON
--   SDL_COCOA                   (Wanted: OFF): OFF
--   SDL_DBUS                    (Wanted: ON): ON
--   SDL_DEPS_SHARED             (Wanted: ON): OFF
--   SDL_DIRECTX                 (Wanted: OFF): OFF
--   SDL_DISKAUDIO               (Wanted: OFF): OFF
--   SDL_DLOPEN_NOTES            (Wanted: ON): ON
--   SDL_DUMMYAUDIO              (Wanted: OFF): OFF
--   SDL_DUMMYCAMERA             (Wanted: OFF): OFF
--   SDL_DUMMYVIDEO              (Wanted: ON): ON
--   SDL_EXAMPLES                (Wanted: OFF): OFF
--   SDL_EXAMPLES_LINK_SHARED    (Wanted: ON): OFF
--   SDL_FOREGROUNDING_SIGNAL    (Wanted: OFF): OFF
--   SDL_FRIBIDI                 (Wanted: ON): ON
--   SDL_FRIBIDI_SHARED          (Wanted: ON): ON
--   SDL_GCC_ATOMICS             (Wanted: ON): ON
--   SDL_HIDAPI                  (Wanted: ON): ON
--   SDL_HIDAPI_JOYSTICK         (Wanted: ON): ON
--   SDL_HIDAPI_LIBUSB           (Wanted: ON): OFF
--   SDL_HIDAPI_LIBUSB_SHARED    (Wanted: ON): OFF
--   SDL_IBUS                    (Wanted: ON): OFF
--   SDL_INSTALL                 (Wanted: OFF): OFF
--   SDL_INSTALL_TESTS           (Wanted: OFF): OFF
--   SDL_JACK                    (Wanted: OFF): OFF
--   SDL_JACK_SHARED             (Wanted: OFF): OFF
--   SDL_KMSDRM                  (Wanted: ON): OFF
--   SDL_KMSDRM_SHARED           (Wanted: ON): OFF
--   SDL_LASX                    (Wanted: OFF): OFF
--   SDL_LIBC                    (Wanted: ON): ON
--   SDL_LIBICONV                (Wanted: OFF): OFF
--   SDL_LIBTHAI                 (Wanted: ON): ON
--   SDL_LIBTHAI_SHARED          (Wanted: ON): ON
--   SDL_LIBUDEV                 (Wanted: ON): ON
--   SDL_LIBURING                (Wanted: ON): OFF
--   SDL_LSX                     (Wanted: OFF): OFF
--   SDL_METAL                   (Wanted: OFF): OFF
--   SDL_MMX                     (Wanted: ON): ON
--   SDL_OFFSCREEN               (Wanted: ON): ON
--   SDL_OPENGL                  (Wanted: ON): ON
--   SDL_OPENGLES                (Wanted: ON): ON
--   SDL_OPENVR                  (Wanted: OFF): OFF
--   SDL_OSS                     (Wanted: OFF): OFF
--   SDL_PIPEWIRE                (Wanted: ON): OFF
--   SDL_PIPEWIRE_SHARED         (Wanted: ON): OFF
--   SDL_PTHREADS                (Wanted: ON): ON
--   SDL_PTHREADS_SEM            (Wanted: ON): ON
--   SDL_PULSEAUDIO              (Wanted: OFF): OFF
--   SDL_PULSEAUDIO_SHARED       (Wanted: OFF): OFF
--   SDL_RENDER_D3D              (Wanted: OFF): OFF
--   SDL_RENDER_D3D11            (Wanted: OFF): OFF
--   SDL_RENDER_D3D12            (Wanted: OFF): OFF
--   SDL_RENDER_GPU              (Wanted: OFF): OFF
--   SDL_RENDER_METAL            (Wanted: OFF): OFF
--   SDL_RENDER_VULKAN           (Wanted: OFF): OFF
--   SDL_ROCKCHIP                (Wanted: OFF): OFF
--   SDL_RPATH                   (Wanted: ON): ON
--   SDL_RPI                     (Wanted: OFF): OFF
--   SDL_SNDIO                   (Wanted: OFF): OFF
--   SDL_SNDIO_SHARED            (Wanted: OFF): OFF
--   SDL_SSE                     (Wanted: ON): ON
--   SDL_SSE2                    (Wanted: ON): ON
--   SDL_SSE3                    (Wanted: ON): ON
--   SDL_SSE4_1                  (Wanted: ON): ON
--   SDL_SSE4_2                  (Wanted: ON): ON
--   SDL_SYSTEM_ICONV            (Wanted: ON): ON
--   SDL_TESTS                   (Wanted: OFF): OFF
--   SDL_TESTS_LINK_SHARED       (Wanted: ON): OFF
--   SDL_UNINSTALL               (Wanted: OFF): OFF
--   SDL_VIRTUAL_JOYSTICK        (Wanted: ON): ON
--   SDL_VIVANTE                 (Wanted: OFF): OFF
--   SDL_VULKAN                  (Wanted: ON): ON
--   SDL_WASAPI                  (Wanted: OFF): OFF
--   SDL_WAYLAND                 (Wanted: ON): ON
--   SDL_WAYLAND_LIBDECOR        (Wanted: ON): OFF
--   SDL_WAYLAND_LIBDECOR_SHARED (Wanted: ON): OFF
--   SDL_WAYLAND_SHARED          (Wanted: ON): ON
--   SDL_X11                     (Wanted: ON): ON
--   SDL_X11_SHARED              (Wanted: ON): ON
--   SDL_X11_XCURSOR             (Wanted: ON): ON
--   SDL_X11_XDBE                (Wanted: ON): ON
--   SDL_X11_XFIXES              (Wanted: ON): ON
--   SDL_X11_XINPUT              (Wanted: ON): ON
--   SDL_X11_XRANDR              (Wanted: ON): ON
--   SDL_X11_XSCRNSAVER          (Wanted: OFF): OFF
--   SDL_X11_XSHAPE              (Wanted: ON): ON
--   SDL_X11_XSYNC               (Wanted: ON): ON
--   SDL_X11_XTEST               (Wanted: OFF): OFF
--   SDL_XINPUT                  (Wanted: OFF): OFF
-- 
--  Build Shared Library: ON
--  Build Static Library: OFF
-- 
-- Enabled backends:
--   Video drivers: dummy offscreen wayland(dynamic) x11(dynamic)
--   X11 libraries: xcursor xdbe xfixes xinput2 xrandr xshape xsync
--   Render drivers: ogl ogl_es2
--   GPU drivers: vulkan
--   Audio drivers: dummy
--   Joystick drivers: hidapi linux virtual
--   Camera drivers: dummy
-- 
-- If something was not detected, although the libraries
-- were installed, then make sure you have set the
-- CMAKE_C_FLAGS and CMAKE_PREFIX_PATH CMake variables correctly.
-- 
-- Non-ARM64 architecture detected
-- The ASM_NASM compiler identification is NASM
-- Found assembler: /usr/bin/nasm
CMake Deprecation Warning at third-party/googletest/CMakeLists.txt:4 (cmake_minimum_required):
  Compatibility with CMake < 3.10 will be removed from a future version of
  CMake.

  Update the VERSION argument <min> value.  Or, use the <min>...<max> syntax
  to tell CMake that the project requires at least <min> but has been updated
  to work with policies introduced by <max> or earlier.


CMake Deprecation Warning at third-party/googletest/googlemock/CMakeLists.txt:39 (cmake_minimum_required):
  Compatibility with CMake < 3.10 will be removed from a future version of
  CMake.

  Update the VERSION argument <min> value.  Or, use the <min>...<max> syntax
  to tell CMake that the project requires at least <min> but has been updated
  to work with policies introduced by <max> or earlier.


CMake Deprecation Warning at third-party/googletest/googletest/CMakeLists.txt:49 (cmake_minimum_required):
  Compatibility with CMake < 3.10 will be removed from a future version of
  CMake.

  Update the VERSION argument <min> value.  Or, use the <min>...<max> syntax
  to tell CMake that the project requires at least <min> but has been updated
  to work with policies introduced by <max> or earlier.


-- Found Python: /home/emeric/.venv/autoport/bin/python3.14 (found version "3.14.3") found components: Interpreter
CMake Warning (dev) at third-party/draco/CMakeLists.txt:40 (include):
  Policy CMP0148 is not set: The FindPythonInterp and FindPythonLibs modules
  are removed.  Run "cmake --help-policy CMP0148" for policy details.  Use
  the cmake_policy command to set the policy and suppress this warning.

This warning is for project developers.  Use -Wno-dev to suppress it.

-- Found PythonInterp: /home/emeric/.venv/autoport/bin/python (found version "3.14.3")
--- Running combined CXX flags test, flags: -Wno-deprecated-declarations
--- Passed combined CXX flags test
CMake Deprecation Warning at third-party/discord-rpc/CMakeLists.txt:1 (cmake_minimum_required):
  Compatibility with CMake < 3.10 will be removed from a future version of
  CMake.

  Update the VERSION argument <min> value.  Or, use the <min>...<max> syntax
  to tell CMake that the project requires at least <min> but has been updated
  to work with policies introduced by <max> or earlier.


-- dynamically linking zydis
-- Configuring done (37.1s)
-- Generating done (1.1s)
-- Build files have been written to: /home/emeric/code/jak-gold/build
