.autoport/refset/origine/beach-start-h00.png: OK
.autoport/refset/origine/beach-start-h03.png: OK
.autoport/refset/origine/beach-start-h06.png: OK
.autoport/refset/origine/beach-start-h09.png: OK
.autoport/refset/origine/beach-start-h12.png: OK
.autoport/refset/origine/beach-start-h15.png: OK
.autoport/refset/origine/beach-start-h18.png: OK
.autoport/refset/origine/beach-start-h21.png: OK
.autoport/refset/origine/captured-by.txt: OK
.autoport/refset/origine/citadel-start-h00.png: OK
.autoport/refset/origine/citadel-start-h03.png: OK
.autoport/refset/origine/citadel-start-h06.png: OK
.autoport/refset/origine/citadel-start-h09.png: OK
.autoport/refset/origine/citadel-start-h12.png: OK
.autoport/refset/origine/citadel-start-h15.png: OK
.autoport/refset/origine/citadel-start-h18.png: OK
.autoport/refset/origine/citadel-start-h21.png: OK
.autoport/refset/origine/darkcave-start-h00.png: OK
.autoport/refset/origine/darkcave-start-h03.png: OK
.autoport/refset/origine/darkcave-start-h06.png: OK
.autoport/refset/origine/darkcave-start-h09.png: OK
.autoport/refset/origine/darkcave-start-h12.png: OK
.autoport/refset/origine/darkcave-start-h15.png: OK
.autoport/refset/origine/darkcave-start-h18.png: OK
.autoport/refset/origine/darkcave-start-h21.png: OK
.autoport/refset/origine/finalboss-start-h00.png: OK
.autoport/refset/origine/finalboss-start-h03.png: OK
.autoport/refset/origine/finalboss-start-h06.png: OK
.autoport/refset/origine/finalboss-start-h09.png: OK
.autoport/refset/origine/finalboss-start-h12.png: OK
.autoport/refset/origine/finalboss-start-h15.png: OK
.autoport/refset/origine/finalboss-start-h18.png: OK
.autoport/refset/origine/finalboss-start-h21.png: OK
.autoport/refset/origine/firecanyon-start-h00.png: OK
.autoport/refset/origine/firecanyon-start-h03.png: OK
.autoport/refset/origine/firecanyon-start-h06.png: OK
.autoport/refset/origine/firecanyon-start-h09.png: OK
.autoport/refset/origine/firecanyon-start-h12.png: OK
.autoport/refset/origine/firecanyon-start-h15.png: OK
.autoport/refset/origine/firecanyon-start-h18.png: OK
.autoport/refset/origine/firecanyon-start-h21.png: OK
.autoport/refset/origine/h00.png: OK
.autoport/refset/origine/h03.png: OK
.autoport/refset/origine/h06.png: OK
.autoport/refset/origine/h09.png: OK
.autoport/refset/origine/h12.png: OK
.autoport/refset/origine/h15.png: OK
.autoport/refset/origine/h18.png: OK
.autoport/refset/origine/h21.png: OK
.autoport/refset/origine/jungle-start-h00.png: OK
.autoport/refset/origine/jungle-start-h03.png: OK
.autoport/refset/origine/jungle-start-h06.png: OK
.autoport/refset/origine/jungle-start-h09.png: OK
.autoport/refset/origine/jungle-start-h12.png: OK
.autoport/refset/origine/jungle-start-h15.png: OK
.autoport/refset/origine/jungle-start-h18.png: OK
.autoport/refset/origine/jungle-start-h21.png: OK
.autoport/refset/origine/jungle-tower-h00.png: OK
.autoport/refset/origine/jungle-tower-h03.png: OK
.autoport/refset/origine/jungle-tower-h06.png: OK
.autoport/refset/origine/jungle-tower-h09.png: OK
.autoport/refset/origine/jungle-tower-h12.png: OK
.autoport/refset/origine/jungle-tower-h15.png: OK
.autoport/refset/origine/jungle-tower-h18.png: OK
.autoport/refset/origine/jungle-tower-h21.png: OK
.autoport/refset/origine/lavatube-start-h00.png: OK
.autoport/refset/origine/lavatube-start-h03.png: OK
.autoport/refset/origine/lavatube-start-h06.png: OK
.autoport/refset/origine/lavatube-start-h09.png: OK
.autoport/refset/origine/lavatube-start-h12.png: OK
.autoport/refset/origine/lavatube-start-h15.png: OK
.autoport/refset/origine/lavatube-start-h18.png: OK
.autoport/refset/origine/lavatube-start-h21.png: OK
.autoport/refset/origine/maincave-start-h00.png: OK
.autoport/refset/origine/maincave-start-h03.png: OK
.autoport/refset/origine/maincave-start-h06.png: OK
.autoport/refset/origine/maincave-start-h09.png: OK
.autoport/refset/origine/maincave-start-h12.png: OK
.autoport/refset/origine/maincave-start-h15.png: OK
.autoport/refset/origine/maincave-start-h18.png: OK
.autoport/refset/origine/maincave-start-h21.png: OK
.autoport/refset/origine/misty-bike-h09.png: OK
.autoport/refset/origine/misty-bike-h21.png: OK
.autoport/refset/origine/misty-start-h00.png: OK
.autoport/refset/origine/misty-start-h03.png: OK
.autoport/refset/origine/misty-start-h06.png: OK
.autoport/refset/origine/misty-start-h09.png: OK
.autoport/refset/origine/misty-start-h12.png: OK
.autoport/refset/origine/misty-start-h15.png: OK
.autoport/refset/origine/misty-start-h18.png: OK
.autoport/refset/origine/misty-start-h21.png: OK
.autoport/refset/origine/ogre-start-h00.png: OK
.autoport/refset/origine/ogre-start-h03.png: OK
.autoport/refset/origine/ogre-start-h06.png: OK
.autoport/refset/origine/ogre-start-h09.png: OK
.autoport/refset/origine/ogre-start-h12.png: OK
.autoport/refset/origine/ogre-start-h15.png: OK
.autoport/refset/origine/ogre-start-h18.png: OK
.autoport/refset/origine/ogre-start-h21.png: OK
.autoport/refset/origine/robocave-start-h00.png: OK
.autoport/refset/origine/robocave-start-h03.png: OK
.autoport/refset/origine/robocave-start-h06.png: OK
.autoport/refset/origine/robocave-start-h09.png: OK
.autoport/refset/origine/robocave-start-h12.png: OK
.autoport/refset/origine/robocave-start-h15.png: OK
.autoport/refset/origine/robocave-start-h18.png: OK
.autoport/refset/origine/robocave-start-h21.png: OK
.autoport/refset/origine/rolling-start-h00.png: OK
.autoport/refset/origine/rolling-start-h03.png: OK
.autoport/refset/origine/rolling-start-h06.png: OK
.autoport/refset/origine/rolling-start-h09.png: OK
.autoport/refset/origine/rolling-start-h12.png: OK
.autoport/refset/origine/rolling-start-h15.png: OK
.autoport/refset/origine/rolling-start-h18.png: OK
.autoport/refset/origine/rolling-start-h21.png: OK
.autoport/refset/origine/snow-fort-h09.png: OK
.autoport/refset/origine/snow-fort-h21.png: OK
.autoport/refset/origine/snow-start-h00.png: OK
.autoport/refset/origine/snow-start-h03.png: OK
.autoport/refset/origine/snow-start-h06.png: OK
.autoport/refset/origine/snow-start-h09.png: OK
.autoport/refset/origine/snow-start-h12.png: OK
.autoport/refset/origine/snow-start-h15.png: OK
.autoport/refset/origine/snow-start-h18.png: OK
.autoport/refset/origine/snow-start-h21.png: OK
.autoport/refset/origine/sunken-start-h00.png: OK
.autoport/refset/origine/sunken-start-h03.png: OK
.autoport/refset/origine/sunken-start-h06.png: OK
.autoport/refset/origine/sunken-start-h09.png: OK
.autoport/refset/origine/sunken-start-h12.png: OK
.autoport/refset/origine/sunken-start-h15.png: OK
.autoport/refset/origine/sunken-start-h18.png: OK
.autoport/refset/origine/sunken-start-h21.png: OK
.autoport/refset/origine/sunkenb-helix-h00.png: OK
.autoport/refset/origine/sunkenb-helix-h06.png: OK
.autoport/refset/origine/sunkenb-helix-h09.png: OK
.autoport/refset/origine/sunkenb-helix-h12.png: OK
.autoport/refset/origine/sunkenb-helix-h18.png: OK
.autoport/refset/origine/sunkenb-helix-h21.png: OK
.autoport/refset/origine/sunkenb-start-h00.png: OK
.autoport/refset/origine/sunkenb-start-h03.png: OK
.autoport/refset/origine/sunkenb-start-h06.png: OK
.autoport/refset/origine/sunkenb-start-h09.png: OK
.autoport/refset/origine/sunkenb-start-h12.png: OK
.autoport/refset/origine/sunkenb-start-h15.png: OK
.autoport/refset/origine/sunkenb-start-h18.png: OK
.autoport/refset/origine/sunkenb-start-h21.png: OK
.autoport/refset/origine/swamp-cave1-h09.png: OK
.autoport/refset/origine/swamp-cave1-h21.png: OK
.autoport/refset/origine/swamp-dock1-h00.png: OK
.autoport/refset/origine/swamp-dock1-h03.png: OK
.autoport/refset/origine/swamp-dock1-h06.png: OK
.autoport/refset/origine/swamp-dock1-h09.png: OK
.autoport/refset/origine/swamp-dock1-h12.png: OK
.autoport/refset/origine/swamp-dock1-h15.png: OK
.autoport/refset/origine/swamp-dock1-h18.png: OK
.autoport/refset/origine/swamp-dock1-h21.png: OK
.autoport/refset/origine/swamp-start-h00.png: OK
.autoport/refset/origine/swamp-start-h06.png: OK
.autoport/refset/origine/swamp-start-h09.png: OK
.autoport/refset/origine/swamp-start-h12.png: OK
.autoport/refset/origine/swamp-start-h18.png: OK
.autoport/refset/origine/swamp-start-h21.png: OK
.autoport/refset/origine/training-start-h00.png: OK
.autoport/refset/origine/training-start-h03.png: OK
.autoport/refset/origine/training-start-h06.png: OK
.autoport/refset/origine/training-start-h09.png: OK
.autoport/refset/origine/training-start-h12.png: OK
.autoport/refset/origine/training-start-h15.png: OK
.autoport/refset/origine/training-start-h18.png: OK
.autoport/refset/origine/training-start-h21.png: OK
.autoport/refset/origine/village1-out-h00.png: OK
.autoport/refset/origine/village1-out-h03.png: OK
.autoport/refset/origine/village1-out-h06.png: OK
.autoport/refset/origine/village1-out-h09.png: OK
.autoport/refset/origine/village1-out-h12.png: OK
.autoport/refset/origine/village1-out-h15.png: OK
.autoport/refset/origine/village1-out-h18.png: OK
.autoport/refset/origine/village1-out-h21.png: OK
.autoport/refset/origine/village2-dock-h09.png: OK
.autoport/refset/origine/village2-dock-h21.png: OK
.autoport/refset/origine/village2-start-h00.png: OK
.autoport/refset/origine/village2-start-h03.png: OK
.autoport/refset/origine/village2-start-h06.png: OK
.autoport/refset/origine/village2-start-h09.png: OK
.autoport/refset/origine/village2-start-h12.png: OK
.autoport/refset/origine/village2-start-h15.png: OK
.autoport/refset/origine/village2-start-h18.png: OK
.autoport/refset/origine/village2-start-h21.png: OK
.autoport/refset/origine/village3-start-h00.png: OK
.autoport/refset/origine/village3-start-h03.png: OK
.autoport/refset/origine/village3-start-h06.png: OK
.autoport/refset/origine/village3-start-h09.png: OK
.autoport/refset/origine/village3-start-h12.png: OK
.autoport/refset/origine/village3-start-h15.png: OK
.autoport/refset/origine/village3-start-h18.png: OK
.autoport/refset/origine/village3-start-h21.png: OK
.autoport/refset/origine-lumiere/beach-start-h00.png: OK
.autoport/refset/origine-lumiere/beach-start-h03.png: OK
.autoport/refset/origine-lumiere/beach-start-h06.png: OK
.autoport/refset/origine-lumiere/beach-start-h09.png: OK
.autoport/refset/origine-lumiere/beach-start-h12.png: OK
.autoport/refset/origine-lumiere/beach-start-h15.png: OK
.autoport/refset/origine-lumiere/beach-start-h18.png: OK
.autoport/refset/origine-lumiere/beach-start-h21.png: OK
.autoport/refset/origine-lumiere/captured-by.txt: OK
.autoport/refset/origine-lumiere/citadel-start-h00.png: OK
.autoport/refset/origine-lumiere/citadel-start-h03.png: OK
.autoport/refset/origine-lumiere/citadel-start-h06.png: OK
.autoport/refset/origine-lumiere/citadel-start-h09.png: OK
.autoport/refset/origine-lumiere/citadel-start-h12.png: OK
.autoport/refset/origine-lumiere/citadel-start-h15.png: OK
.autoport/refset/origine-lumiere/citadel-start-h18.png: OK
.autoport/refset/origine-lumiere/citadel-start-h21.png: OK
.autoport/refset/origine-lumiere/darkcave-start-h00.png: OK
.autoport/refset/origine-lumiere/darkcave-start-h03.png: OK
.autoport/refset/origine-lumiere/darkcave-start-h06.png: OK
.autoport/refset/origine-lumiere/darkcave-start-h09.png: OK
.autoport/refset/origine-lumiere/darkcave-start-h12.png: OK
.autoport/refset/origine-lumiere/darkcave-start-h15.png: OK
.autoport/refset/origine-lumiere/darkcave-start-h18.png: OK
.autoport/refset/origine-lumiere/darkcave-start-h21.png: OK
.autoport/refset/origine-lumiere/finalboss-start-h00.png: OK
.autoport/refset/origine-lumiere/finalboss-start-h03.png: OK
.autoport/refset/origine-lumiere/finalboss-start-h06.png: OK
.autoport/refset/origine-lumiere/finalboss-start-h09.png: OK
.autoport/refset/origine-lumiere/finalboss-start-h12.png: OK
.autoport/refset/origine-lumiere/finalboss-start-h15.png: OK
.autoport/refset/origine-lumiere/finalboss-start-h18.png: OK
.autoport/refset/origine-lumiere/finalboss-start-h21.png: OK
.autoport/refset/origine-lumiere/firecanyon-start-h00.png: OK
.autoport/refset/origine-lumiere/firecanyon-start-h03.png: OK
.autoport/refset/origine-lumiere/firecanyon-start-h06.png: OK
.autoport/refset/origine-lumiere/firecanyon-start-h09.png: OK
.autoport/refset/origine-lumiere/firecanyon-start-h12.png: OK
.autoport/refset/origine-lumiere/firecanyon-start-h15.png: OK
.autoport/refset/origine-lumiere/firecanyon-start-h18.png: OK
.autoport/refset/origine-lumiere/firecanyon-start-h21.png: OK
.autoport/refset/origine-lumiere/h00.png: OK
.autoport/refset/origine-lumiere/h03.png: OK
.autoport/refset/origine-lumiere/h06.png: OK
.autoport/refset/origine-lumiere/h09.png: OK
.autoport/refset/origine-lumiere/h12.png: OK
.autoport/refset/origine-lumiere/h15.png: OK
.autoport/refset/origine-lumiere/h18.png: OK
.autoport/refset/origine-lumiere/h21.png: OK
.autoport/refset/origine-lumiere/jungle-start-h00.png: OK
.autoport/refset/origine-lumiere/jungle-start-h03.png: OK
.autoport/refset/origine-lumiere/jungle-start-h06.png: OK
.autoport/refset/origine-lumiere/jungle-start-h09.png: OK
.autoport/refset/origine-lumiere/jungle-start-h12.png: OK
.autoport/refset/origine-lumiere/jungle-start-h15.png: OK
.autoport/refset/origine-lumiere/jungle-start-h18.png: OK
.autoport/refset/origine-lumiere/jungle-start-h21.png: OK
.autoport/refset/origine-lumiere/jungle-tower-h00.png: OK
.autoport/refset/origine-lumiere/jungle-tower-h03.png: OK
.autoport/refset/origine-lumiere/jungle-tower-h06.png: OK
.autoport/refset/origine-lumiere/jungle-tower-h09.png: OK
.autoport/refset/origine-lumiere/jungle-tower-h12.png: OK
.autoport/refset/origine-lumiere/jungle-tower-h15.png: OK
.autoport/refset/origine-lumiere/jungle-tower-h18.png: OK
.autoport/refset/origine-lumiere/jungle-tower-h21.png: OK
.autoport/refset/origine-lumiere/lavatube-start-h00.png: OK
.autoport/refset/origine-lumiere/lavatube-start-h03.png: OK
.autoport/refset/origine-lumiere/lavatube-start-h06.png: OK
.autoport/refset/origine-lumiere/lavatube-start-h09.png: OK
.autoport/refset/origine-lumiere/lavatube-start-h12.png: OK
.autoport/refset/origine-lumiere/lavatube-start-h15.png: OK
.autoport/refset/origine-lumiere/lavatube-start-h18.png: OK
.autoport/refset/origine-lumiere/lavatube-start-h21.png: OK
.autoport/refset/origine-lumiere/maincave-start-h00.png: OK
.autoport/refset/origine-lumiere/maincave-start-h03.png: OK
.autoport/refset/origine-lumiere/maincave-start-h06.png: OK
.autoport/refset/origine-lumiere/maincave-start-h09.png: OK
.autoport/refset/origine-lumiere/maincave-start-h12.png: OK
.autoport/refset/origine-lumiere/maincave-start-h15.png: OK
.autoport/refset/origine-lumiere/maincave-start-h18.png: OK
.autoport/refset/origine-lumiere/maincave-start-h21.png: OK
.autoport/refset/origine-lumiere/misty-bike-h09.png: OK
.autoport/refset/origine-lumiere/misty-bike-h21.png: OK
.autoport/refset/origine-lumiere/misty-start-h00.png: OK
.autoport/refset/origine-lumiere/misty-start-h03.png: OK
.autoport/refset/origine-lumiere/misty-start-h06.png: OK
.autoport/refset/origine-lumiere/misty-start-h09.png: OK
.autoport/refset/origine-lumiere/misty-start-h12.png: OK
.autoport/refset/origine-lumiere/misty-start-h15.png: OK
.autoport/refset/origine-lumiere/misty-start-h18.png: OK
.autoport/refset/origine-lumiere/misty-start-h21.png: OK
.autoport/refset/origine-lumiere/ogre-start-h00.png: OK
.autoport/refset/origine-lumiere/ogre-start-h03.png: OK
.autoport/refset/origine-lumiere/ogre-start-h06.png: OK
.autoport/refset/origine-lumiere/ogre-start-h09.png: OK
.autoport/refset/origine-lumiere/ogre-start-h12.png: OK
.autoport/refset/origine-lumiere/ogre-start-h15.png: OK
.autoport/refset/origine-lumiere/ogre-start-h18.png: OK
.autoport/refset/origine-lumiere/ogre-start-h21.png: OK
.autoport/refset/origine-lumiere/robocave-start-h00.png: OK
.autoport/refset/origine-lumiere/robocave-start-h03.png: OK
.autoport/refset/origine-lumiere/robocave-start-h06.png: OK
.autoport/refset/origine-lumiere/robocave-start-h09.png: OK
.autoport/refset/origine-lumiere/robocave-start-h12.png: OK
.autoport/refset/origine-lumiere/robocave-start-h15.png: OK
.autoport/refset/origine-lumiere/robocave-start-h18.png: OK
.autoport/refset/origine-lumiere/robocave-start-h21.png: OK
.autoport/refset/origine-lumiere/rolling-start-h00.png: OK
.autoport/refset/origine-lumiere/rolling-start-h03.png: OK
.autoport/refset/origine-lumiere/rolling-start-h06.png: OK
.autoport/refset/origine-lumiere/rolling-start-h09.png: OK
.autoport/refset/origine-lumiere/rolling-start-h12.png: OK
.autoport/refset/origine-lumiere/rolling-start-h15.png: OK
.autoport/refset/origine-lumiere/rolling-start-h18.png: OK
.autoport/refset/origine-lumiere/rolling-start-h21.png: OK
.autoport/refset/origine-lumiere/snow-fort-h09.png: OK
.autoport/refset/origine-lumiere/snow-fort-h21.png: OK
.autoport/refset/origine-lumiere/snow-start-h00.png: OK
.autoport/refset/origine-lumiere/snow-start-h03.png: OK
.autoport/refset/origine-lumiere/snow-start-h06.png: OK
.autoport/refset/origine-lumiere/snow-start-h09.png: OK
.autoport/refset/origine-lumiere/snow-start-h12.png: OK
.autoport/refset/origine-lumiere/snow-start-h15.png: OK
.autoport/refset/origine-lumiere/snow-start-h18.png: OK
.autoport/refset/origine-lumiere/snow-start-h21.png: OK
.autoport/refset/origine-lumiere/sunken-start-h00.png: OK
.autoport/refset/origine-lumiere/sunken-start-h03.png: OK
.autoport/refset/origine-lumiere/sunken-start-h06.png: OK
.autoport/refset/origine-lumiere/sunken-start-h09.png: OK
.autoport/refset/origine-lumiere/sunken-start-h12.png: OK
.autoport/refset/origine-lumiere/sunken-start-h15.png: OK
.autoport/refset/origine-lumiere/sunken-start-h18.png: OK
.autoport/refset/origine-lumiere/sunken-start-h21.png: OK
.autoport/refset/origine-lumiere/sunkenb-helix-h09.png: OK
.autoport/refset/origine-lumiere/sunkenb-helix-h21.png: OK
.autoport/refset/origine-lumiere/sunkenb-start-h00.png: OK
.autoport/refset/origine-lumiere/sunkenb-start-h03.png: OK
.autoport/refset/origine-lumiere/sunkenb-start-h06.png: OK
.autoport/refset/origine-lumiere/sunkenb-start-h09.png: OK
.autoport/refset/origine-lumiere/sunkenb-start-h12.png: OK
.autoport/refset/origine-lumiere/sunkenb-start-h15.png: OK
.autoport/refset/origine-lumiere/sunkenb-start-h18.png: OK
.autoport/refset/origine-lumiere/sunkenb-start-h21.png: OK
.autoport/refset/origine-lumiere/swamp-cave1-h09.png: OK
.autoport/refset/origine-lumiere/swamp-cave1-h21.png: OK
.autoport/refset/origine-lumiere/swamp-dock1-h00.png: OK
.autoport/refset/origine-lumiere/swamp-dock1-h03.png: OK
.autoport/refset/origine-lumiere/swamp-dock1-h06.png: OK
.autoport/refset/origine-lumiere/swamp-dock1-h09.png: OK
.autoport/refset/origine-lumiere/swamp-dock1-h12.png: OK
.autoport/refset/origine-lumiere/swamp-dock1-h15.png: OK
.autoport/refset/origine-lumiere/swamp-dock1-h18.png: OK
.autoport/refset/origine-lumiere/swamp-dock1-h21.png: OK
.autoport/refset/origine-lumiere/swamp-start-h09.png: OK
.autoport/refset/origine-lumiere/swamp-start-h21.png: OK
.autoport/refset/origine-lumiere/training-start-h00.png: OK
.autoport/refset/origine-lumiere/training-start-h03.png: OK
.autoport/refset/origine-lumiere/training-start-h06.png: OK
.autoport/refset/origine-lumiere/training-start-h09.png: OK
.autoport/refset/origine-lumiere/training-start-h12.png: OK
.autoport/refset/origine-lumiere/training-start-h15.png: OK
.autoport/refset/origine-lumiere/training-start-h18.png: OK
.autoport/refset/origine-lumiere/training-start-h21.png: OK
.autoport/refset/origine-lumiere/village1-out-h00.png: OK
.autoport/refset/origine-lumiere/village1-out-h03.png: OK
.autoport/refset/origine-lumiere/village1-out-h06.png: OK
.autoport/refset/origine-lumiere/village1-out-h09.png: OK
.autoport/refset/origine-lumiere/village1-out-h12.png: OK
.autoport/refset/origine-lumiere/village1-out-h15.png: OK
.autoport/refset/origine-lumiere/village1-out-h18.png: OK
.autoport/refset/origine-lumiere/village1-out-h21.png: OK
.autoport/refset/origine-lumiere/village2-dock-h09.png: OK
.autoport/refset/origine-lumiere/village2-dock-h21.png: OK
.autoport/refset/origine-lumiere/village2-start-h00.png: OK
.autoport/refset/origine-lumiere/village2-start-h03.png: OK
.autoport/refset/origine-lumiere/village2-start-h06.png: OK
.autoport/refset/origine-lumiere/village2-start-h09.png: OK
.autoport/refset/origine-lumiere/village2-start-h12.png: OK
.autoport/refset/origine-lumiere/village2-start-h15.png: OK
.autoport/refset/origine-lumiere/village2-start-h18.png: OK
.autoport/refset/origine-lumiere/village2-start-h21.png: OK
.autoport/refset/origine-lumiere/village3-start-h00.png: OK
.autoport/refset/origine-lumiere/village3-start-h03.png: OK
.autoport/refset/origine-lumiere/village3-start-h06.png: OK
.autoport/refset/origine-lumiere/village3-start-h09.png: OK
.autoport/refset/origine-lumiere/village3-start-h12.png: OK
.autoport/refset/origine-lumiere/village3-start-h15.png: OK
.autoport/refset/origine-lumiere/village3-start-h18.png: OK
.autoport/refset/origine-lumiere/village3-start-h21.png: OK
.autoport/refset/recharged/beach-start-h00.png: OK
.autoport/refset/recharged/beach-start-h03.png: OK
.autoport/refset/recharged/beach-start-h06.png: OK
.autoport/refset/recharged/beach-start-h09.png: OK
.autoport/refset/recharged/beach-start-h12.png: OK
.autoport/refset/recharged/beach-start-h15.png: OK
.autoport/refset/recharged/beach-start-h18.png: OK
.autoport/refset/recharged/beach-start-h21.png: OK
.autoport/refset/recharged/captured-by.txt: OK
.autoport/refset/recharged/citadel-start-h00.png: OK
.autoport/refset/recharged/citadel-start-h03.png: OK
.autoport/refset/recharged/citadel-start-h06.png: OK
.autoport/refset/recharged/citadel-start-h09.png: OK
.autoport/refset/recharged/citadel-start-h12.png: OK
.autoport/refset/recharged/citadel-start-h15.png: OK
.autoport/refset/recharged/citadel-start-h18.png: OK
.autoport/refset/recharged/citadel-start-h21.png: OK
.autoport/refset/recharged/darkcave-start-h00.png: OK
.autoport/refset/recharged/darkcave-start-h03.png: OK
.autoport/refset/recharged/darkcave-start-h06.png: OK
.autoport/refset/recharged/darkcave-start-h09.png: OK
.autoport/refset/recharged/darkcave-start-h12.png: OK
.autoport/refset/recharged/darkcave-start-h15.png: OK
.autoport/refset/recharged/darkcave-start-h18.png: OK
.autoport/refset/recharged/darkcave-start-h21.png: OK
.autoport/refset/recharged/finalboss-start-h00.png: OK
.autoport/refset/recharged/finalboss-start-h03.png: OK
.autoport/refset/recharged/finalboss-start-h06.png: OK
.autoport/refset/recharged/finalboss-start-h09.png: OK
.autoport/refset/recharged/finalboss-start-h12.png: OK
.autoport/refset/recharged/finalboss-start-h15.png: OK
.autoport/refset/recharged/finalboss-start-h18.png: OK
.autoport/refset/recharged/finalboss-start-h21.png: OK
.autoport/refset/recharged/firecanyon-start-h00.png: OK
.autoport/refset/recharged/firecanyon-start-h03.png: OK
.autoport/refset/recharged/firecanyon-start-h06.png: OK
.autoport/refset/recharged/firecanyon-start-h09.png: OK
.autoport/refset/recharged/firecanyon-start-h12.png: OK
.autoport/refset/recharged/firecanyon-start-h15.png: OK
.autoport/refset/recharged/firecanyon-start-h18.png: OK
.autoport/refset/recharged/firecanyon-start-h21.png: OK
.autoport/refset/recharged/h00.png: OK
.autoport/refset/recharged/h03.png: OK
.autoport/refset/recharged/h06.png: OK
.autoport/refset/recharged/h09.png: OK
.autoport/refset/recharged/h12.png: OK
.autoport/refset/recharged/h15.png: OK
.autoport/refset/recharged/h18.png: OK
.autoport/refset/recharged/h21.png: OK
.autoport/refset/recharged/jungle-start-h00.png: OK
.autoport/refset/recharged/jungle-start-h03.png: OK
.autoport/refset/recharged/jungle-start-h06.png: OK
.autoport/refset/recharged/jungle-start-h09.png: OK
.autoport/refset/recharged/jungle-start-h12.png: OK
.autoport/refset/recharged/jungle-start-h15.png: OK
.autoport/refset/recharged/jungle-start-h18.png: OK
.autoport/refset/recharged/jungle-start-h21.png: OK
.autoport/refset/recharged/jungle-tower-h00.png: OK
.autoport/refset/recharged/jungle-tower-h03.png: OK
.autoport/refset/recharged/jungle-tower-h06.png: OK
.autoport/refset/recharged/jungle-tower-h09.png: OK
.autoport/refset/recharged/jungle-tower-h12.png: OK
.autoport/refset/recharged/jungle-tower-h15.png: OK
.autoport/refset/recharged/jungle-tower-h18.png: OK
.autoport/refset/recharged/jungle-tower-h21.png: OK
.autoport/refset/recharged/lavatube-start-h00.png: OK
.autoport/refset/recharged/lavatube-start-h03.png: OK
.autoport/refset/recharged/lavatube-start-h06.png: OK
.autoport/refset/recharged/lavatube-start-h09.png: OK
.autoport/refset/recharged/lavatube-start-h12.png: OK
.autoport/refset/recharged/lavatube-start-h15.png: OK
.autoport/refset/recharged/lavatube-start-h18.png: OK
.autoport/refset/recharged/lavatube-start-h21.png: OK
.autoport/refset/recharged/maincave-start-h00.png: OK
.autoport/refset/recharged/maincave-start-h03.png: OK
.autoport/refset/recharged/maincave-start-h06.png: OK
.autoport/refset/recharged/maincave-start-h09.png: OK
.autoport/refset/recharged/maincave-start-h12.png: OK
.autoport/refset/recharged/maincave-start-h15.png: OK
.autoport/refset/recharged/maincave-start-h18.png: OK
.autoport/refset/recharged/maincave-start-h21.png: OK
.autoport/refset/recharged/misty-bike-h09.png: OK
.autoport/refset/recharged/misty-bike-h21.png: OK
.autoport/refset/recharged/misty-start-h00.png: OK
.autoport/refset/recharged/misty-start-h03.png: OK
.autoport/refset/recharged/misty-start-h06.png: OK
.autoport/refset/recharged/misty-start-h09.png: OK
.autoport/refset/recharged/misty-start-h12.png: OK
.autoport/refset/recharged/misty-start-h15.png: OK
.autoport/refset/recharged/misty-start-h18.png: OK
.autoport/refset/recharged/misty-start-h21.png: OK
.autoport/refset/recharged/ogre-start-h00.png: OK
.autoport/refset/recharged/ogre-start-h03.png: OK
.autoport/refset/recharged/ogre-start-h06.png: OK
.autoport/refset/recharged/ogre-start-h09.png: OK
.autoport/refset/recharged/ogre-start-h12.png: OK
.autoport/refset/recharged/ogre-start-h15.png: OK
.autoport/refset/recharged/ogre-start-h18.png: OK
.autoport/refset/recharged/ogre-start-h21.png: OK
.autoport/refset/recharged/robocave-start-h00.png: OK
.autoport/refset/recharged/robocave-start-h03.png: OK
.autoport/refset/recharged/robocave-start-h06.png: OK
.autoport/refset/recharged/robocave-start-h09.png: OK
.autoport/refset/recharged/robocave-start-h12.png: OK
.autoport/refset/recharged/robocave-start-h15.png: OK
.autoport/refset/recharged/robocave-start-h18.png: OK
.autoport/refset/recharged/robocave-start-h21.png: OK
.autoport/refset/recharged/rolling-start-h00.png: OK
.autoport/refset/recharged/rolling-start-h03.png: OK
.autoport/refset/recharged/rolling-start-h06.png: OK
.autoport/refset/recharged/rolling-start-h09.png: OK
.autoport/refset/recharged/rolling-start-h12.png: OK
.autoport/refset/recharged/rolling-start-h15.png: OK
.autoport/refset/recharged/rolling-start-h18.png: OK
.autoport/refset/recharged/rolling-start-h21.png: OK
.autoport/refset/recharged/snow-fort-h09.png: OK
.autoport/refset/recharged/snow-fort-h21.png: OK
.autoport/refset/recharged/snow-start-h00.png: OK
.autoport/refset/recharged/snow-start-h03.png: OK
.autoport/refset/recharged/snow-start-h06.png: OK
.autoport/refset/recharged/snow-start-h09.png: OK
.autoport/refset/recharged/snow-start-h12.png: OK
.autoport/refset/recharged/snow-start-h15.png: OK
.autoport/refset/recharged/snow-start-h18.png: OK
.autoport/refset/recharged/snow-start-h21.png: OK
.autoport/refset/recharged/sunken-start-h00.png: OK
.autoport/refset/recharged/sunken-start-h03.png: OK
.autoport/refset/recharged/sunken-start-h06.png: OK
.autoport/refset/recharged/sunken-start-h09.png: OK
.autoport/refset/recharged/sunken-start-h12.png: OK
.autoport/refset/recharged/sunken-start-h15.png: OK
.autoport/refset/recharged/sunken-start-h18.png: OK
.autoport/refset/recharged/sunken-start-h21.png: OK
.autoport/refset/recharged/sunkenb-helix-h09.png: OK
.autoport/refset/recharged/sunkenb-helix-h21.png: OK
.autoport/refset/recharged/sunkenb-start-h00.png: OK
.autoport/refset/recharged/sunkenb-start-h03.png: OK
.autoport/refset/recharged/sunkenb-start-h06.png: OK
.autoport/refset/recharged/sunkenb-start-h09.png: OK
.autoport/refset/recharged/sunkenb-start-h12.png: OK
.autoport/refset/recharged/sunkenb-start-h15.png: OK
.autoport/refset/recharged/sunkenb-start-h18.png: OK
.autoport/refset/recharged/sunkenb-start-h21.png: OK
.autoport/refset/recharged/swamp-cave1-h09.png: OK
.autoport/refset/recharged/swamp-cave1-h21.png: OK
.autoport/refset/recharged/swamp-dock1-h00.png: OK
.autoport/refset/recharged/swamp-dock1-h03.png: OK
.autoport/refset/recharged/swamp-dock1-h06.png: OK
.autoport/refset/recharged/swamp-dock1-h09.png: OK
.autoport/refset/recharged/swamp-dock1-h12.png: OK
.autoport/refset/recharged/swamp-dock1-h15.png: OK
.autoport/refset/recharged/swamp-dock1-h18.png: OK
.autoport/refset/recharged/swamp-dock1-h21.png: OK
.autoport/refset/recharged/swamp-start-h09.png: OK
.autoport/refset/recharged/swamp-start-h21.png: OK
.autoport/refset/recharged/training-start-h00.png: OK
.autoport/refset/recharged/training-start-h03.png: OK
.autoport/refset/recharged/training-start-h06.png: OK
.autoport/refset/recharged/training-start-h09.png: OK
.autoport/refset/recharged/training-start-h12.png: OK
.autoport/refset/recharged/training-start-h15.png: OK
.autoport/refset/recharged/training-start-h18.png: OK
.autoport/refset/recharged/training-start-h21.png: OK
.autoport/refset/recharged/village1-out-h00.png: OK
.autoport/refset/recharged/village1-out-h03.png: OK
.autoport/refset/recharged/village1-out-h06.png: OK
.autoport/refset/recharged/village1-out-h09.png: OK
.autoport/refset/recharged/village1-out-h12.png: OK
.autoport/refset/recharged/village1-out-h15.png: OK
.autoport/refset/recharged/village1-out-h18.png: OK
.autoport/refset/recharged/village1-out-h21.png: OK
.autoport/refset/recharged/village2-dock-h09.png: OK
.autoport/refset/recharged/village2-dock-h21.png: OK
.autoport/refset/recharged/village2-start-h00.png: OK
.autoport/refset/recharged/village2-start-h03.png: OK
.autoport/refset/recharged/village2-start-h06.png: OK
.autoport/refset/recharged/village2-start-h09.png: OK
.autoport/refset/recharged/village2-start-h12.png: OK
.autoport/refset/recharged/village2-start-h15.png: OK
.autoport/refset/recharged/village2-start-h18.png: OK
.autoport/refset/recharged/village2-start-h21.png: OK
.autoport/refset/recharged/village3-start-h00.png: OK
.autoport/refset/recharged/village3-start-h03.png: OK
.autoport/refset/recharged/village3-start-h06.png: OK
.autoport/refset/recharged/village3-start-h09.png: OK
.autoport/refset/recharged/village3-start-h12.png: OK
.autoport/refset/recharged/village3-start-h15.png: OK
.autoport/refset/recharged/village3-start-h18.png: OK
.autoport/refset/recharged/village3-start-h21.png: OK
