== launch gk (OG_GCINE_CAM=1, DISPLAY=:0) mode=shots ==
  gk pid=1844287
== wait for title (link finish: default-menu) ==
  title up at ~6s
== (lt) + (build-game) [code-only, interns *game-info*] + trigger cinematic ==
  goalc returned. tail:

Successfully built all 519 targets in 15.888s
139750786730976        #x7f1a44000be0            512.1855        142606716

== watch cinematic up to 360s (stop when misty+intro seen & gameplay resumes or cap) ==
   [0s] frame=16491 levels: lvl=misty lvl=title lvl=village1 
   [5s] frame=16797 levels: lvl=misty lvl=title lvl=village1 
   [11s] frame=17107 levels: lvl=misty lvl=title lvl=village1 
   [16s] frame=17414 levels: lvl=misty lvl=title lvl=village1 
   [21s] frame=17722 levels: lvl=misty lvl=title lvl=village1 
   [26s] frame=18032 levels: lvl=misty lvl=title lvl=village1 
   [31s] frame=18339 levels: lvl=misty lvl=title lvl=village1 
   [36s] frame=18649 levels: lvl=beach lvl=misty lvl=title lvl=village1 
   [41s] frame=18959 levels: lvl=beach lvl=misty lvl=title lvl=village1 
   [47s] frame=19267 levels: lvl=beach lvl=misty lvl=title lvl=village1 
   [52s] frame=19577 levels: lvl=beach lvl=misty lvl=title lvl=village1 
   [57s] frame=19888 levels: lvl=beach lvl=misty lvl=title lvl=village1 
   [62s] frame=20200 levels: lvl=beach lvl=misty lvl=title lvl=village1 
   [67s] frame=20511 levels: lvl=beach lvl=misty lvl=title lvl=village1 
   [73s] frame=20820 levels: lvl=beach lvl=misty lvl=title lvl=village1 
   [78s] frame=21131 levels: lvl=beach lvl=misty lvl=title lvl=village1 
   [83s] frame=21444 levels: lvl=beach lvl=misty lvl=title lvl=training lvl=village1 
   [88s] frame=21757 levels: lvl=beach lvl=misty lvl=title lvl=training lvl=village1 
   [94s] frame=22031 levels: lvl=beach lvl=misty lvl=title lvl=training lvl=village1 
   [99s] frame=22344 levels: lvl=beach lvl=misty lvl=title lvl=training lvl=village1 
   [104s] frame=22656 levels: lvl=beach lvl=misty lvl=title lvl=training lvl=village1 
   [109s] frame=22954 levels: lvl=beach lvl=misty lvl=title lvl=training lvl=village1 
   [114s] frame=23268 levels: lvl=beach lvl=misty lvl=title lvl=training lvl=village1 
   [120s] frame=23581 levels: lvl=beach lvl=misty lvl=title lvl=training lvl=village1 
   [125s] frame=23893 levels: lvl=beach lvl=misty lvl=title lvl=training lvl=village1 
   [130s] frame=24207 levels: lvl=beach lvl=misty lvl=title lvl=training lvl=village1 
   [135s] frame=24519 levels: lvl=beach lvl=misty lvl=title lvl=training lvl=village1 
   [141s] frame=24827 levels: lvl=beach lvl=misty lvl=title lvl=training lvl=village1 
   [146s] frame=25137 levels: lvl=beach lvl=misty lvl=title lvl=training lvl=village1 
   [151s] frame=25450 levels: lvl=beach lvl=misty lvl=title lvl=training lvl=village1 
   [156s] frame=25754 levels: lvl=beach lvl=misty lvl=title lvl=training lvl=village1 
   [161s] frame=26064 levels: lvl=beach lvl=misty lvl=title lvl=training lvl=village1 
   [167s] frame=26381 levels: lvl=beach lvl=misty lvl=title lvl=training lvl=village1 
