== ab_on: warp village2-dock pos=(434.2 2.27 -1705.9)m, task 33, drive south (0 -4000 9285 -7355000) ==
  waiting title...
  waiting LEVEL-WARP-SPAWN...
  warp fired ~14s
07-04 10:52:10.425  4988  5054 I GK_STDOUT: LEVEL-WARP-POS name=village2-dock x=434.2 y=2.3 z=-1705.9
07-04 10:52:05.417  4988  5096 I opengoal-gk: [TASK-CLOSE] armed *listener-function* = #x38bc134 for spec '33'
07-04 10:52:05.418  4988  5054 I GK_STDOUT: TASK-CLOSE task=33 status=7 -> #x0
  settle 6s...
  arming target.drive (marching south across the boundary); norepair=0 heal=1...
  observing 80s for swamp-load + crash...
  >>> Adding level swamp ~1s (SWA streaming from real position)
  >>> CRASH ~3s
=== grv_drive ab_on 2026-07-04T10:52:27+02:00 ===
RESULT tag=ab_on warp_ok=1 swamp_load=1 crashed=1 focus_app=no
--- last TARGET-DRIVE pos ---
TARGET-DRIVE pos=(1752638.1 9285.0 -7247951.0)
TARGET-DRIVE pos=(1752638.1 9285.0 -7307951.0)
TARGET-DRIVE pos=(1777592.9 9285.0 -7039460.0)
--- adding-level ---
Adding level village1 Adding level village2 Adding level rolling Adding level swamp Adding level rolling Adding level swamp 
--- links ---
link finish: swamp-rat link finish: swamp-rat-nest link finish: swamp-rock link finish: swamp-spike link finish: swampcam link finish: tar-plat link finish: swamp-vis link finish: target-racer-h link finish: racer-part link finish: battlecontroller 
--- crash sig ---
GK-DIAG sig=11 fault=0x7fa8c12fee pc=0x7f004c4ff0 lr=0x7f019338f8
--- BARERET-FORENSIC ---
--- nearest goal fn (pc/lr/fault) ---
07-04 10:52:19.312  4988  5096 F opengoal-gk: A38-TRIPWIRE pc nearest-fn 'string=' start=0x4c4eb4 off=+0x13c slot=0x158f34
07-04 10:52:19.312  4988  5096 F opengoal-gk: A38-TRIPWIRE lr nearest-fn 'lookup-part-group-pointer-by-name' start=0x1933834 off=+0xc4 slot=0x14c31c
--- GECHO break-probe / suspend-tolerate ---
07-04 10:52:19.312  4988  5096 F opengoal-gk: GK-DIAG GECHO break-probe pc-instr=0x39400201 is_break=0
== ab_on done: swamp_load=1 crashed=1 ==
