== fix_on: warp village2-dock pos=(434.2 2.27 -1705.9)m, task 33, drive south (0 -4000 9285 -7355000) ==
  waiting title...
  waiting LEVEL-WARP-SPAWN...
  warp fired ~13s
07-04 11:30:25.795  8254  8420 I GK_STDOUT: LEVEL-WARP-POS name=village2-dock x=434.2 y=2.3 z=-1705.9
07-04 11:30:20.777  8254  8456 I opengoal-gk: [TASK-CLOSE] armed *listener-function* = #x38bc134 for spec '33'
07-04 11:30:20.778  8254  8420 I GK_STDOUT: TASK-CLOSE task=33 status=7 -> #x0
  settle 6s...
  arming target.drive (marching south across the boundary); norepair=0 heal=default...
  observing 100s for swamp-load + crash...
  >>> Adding level swamp ~1s (SWA streaming from real position)
=== grv_drive fix_on 2026-07-04T11:32:16+02:00 ===
RESULT tag=fix_on warp_ok=1 swamp_load=1 crashed=0 focus_app=yes
--- last TARGET-DRIVE pos ---
TARGET-DRIVE pos=(1779975.1 9285.0 -7355000.0)
TARGET-DRIVE pos=(1779979.2 9285.0 -7355000.0)
TARGET-DRIVE pos=(1780139.4 9285.0 -7355000.0)
--- adding-level ---
Adding level village1 Adding level village2 Adding level rolling Adding level swamp Adding level rolling Adding level swamp 
--- links ---
link finish: kermit link finish: sharkey link finish: swamp-bat link finish: swamp-rat link finish: swamp-rat-nest link finish: swamp-rock link finish: swamp-spike link finish: swampcam link finish: tar-plat link finish: swamp-vis 
--- crash sig ---
--- BARERET-FORENSIC ---
--- nearest goal fn (pc/lr/fault) ---
--- GECHO break-probe / suspend-tolerate ---
== fix_on done: swamp_load=1 crashed=0 ==
