== fix_off: warp village2-dock pos=(434.2 2.27 -1705.9)m, task 33, drive south (0 -4000 9285 -7355000) ==
  waiting title...
  waiting LEVEL-WARP-SPAWN...
  warp fired ~12s
07-04 11:32:57.843  8698  8751 I GK_STDOUT: LEVEL-WARP-POS name=village2-dock x=434.2 y=2.3 z=-1705.9
07-04 11:32:52.820  8698  8778 I opengoal-gk: [TASK-CLOSE] armed *listener-function* = #x38bc134 for spec '33'
07-04 11:32:52.820  8698  8751 I GK_STDOUT: TASK-CLOSE task=33 status=7 -> #x0
  settle 6s...
  arming target.drive (marching south across the boundary); norepair=0 heal=default...
  observing 80s for swamp-load + crash...
  >>> Adding level swamp ~1s (SWA streaming from real position)
  >>> CRASH ~4s
=== grv_drive fix_off 2026-07-04T11:33:15+02:00 ===
RESULT tag=fix_off warp_ok=1 swamp_load=1 crashed=1 focus_app=no
--- last TARGET-DRIVE pos ---
TARGET-DRIVE pos=(1769952.1 9285.0 -7109511.5)
TARGET-DRIVE pos=(1769199.0 9285.0 -7174372.0)
TARGET-DRIVE pos=(1771043.8 9285.0 -7236059.5)
--- adding-level ---
Adding level village1 Adding level village2 Adding level rolling Adding level swamp Adding level rolling Adding level swamp 
--- links ---
link finish: battlecontroller link finish: blocking-plane link finish: flut-part link finish: flutflut link finish: target-flut link finish: eichar-flut link finish: swamp-obs link finish: swamp-bat link finish: swamp-rat link finish: swamp-rat-nest 
--- crash sig ---
GK-DIAG sig=11 fault=0x7fa8c12fee pc=0x7f004c4ff0 lr=0x7f019338f8
--- BARERET-FORENSIC ---
--- nearest goal fn (pc/lr/fault) ---
07-04 11:33:07.254  8698  8778 F opengoal-gk: A38-TRIPWIRE pc nearest-fn 'string=' start=0x4c4eb4 off=+0x13c slot=0x158f34
07-04 11:33:07.254  8698  8778 F opengoal-gk: A38-TRIPWIRE lr nearest-fn 'lookup-part-group-pointer-by-name' start=0x1933834 off=+0xc4 slot=0x14c31c
--- GECHO break-probe / suspend-tolerate ---
07-04 11:33:07.254  8698  8778 F opengoal-gk: GK-DIAG GECHO break-probe pc-instr=0x39400201 is_break=0
== fix_off done: swamp_load=1 crashed=1 ==
