== Gconsolidate run 'consolidated-deploy-ok' (census=1 watch=22min break>=11000) ==
  device_require_attached: real device eae4df44
  device free: 3119 MB on /data
  gd3.census=1
    inject: ''
  launch org.opengoal.gk.jak1/.LoaderActivity
== warmup (title attract: sun/particles + A37/A42 boot markers) ==
== START (progress menu) ==
    inject: 'start'
    inject: ''
== nav to NEW GAME ==
    inject: 'down'
    inject: ''
    inject: 'down'
    inject: ''
    inject: 'up'
    inject: ''
    inject: 'up'
    inject: ''
== X (NEW GAME) ==
    inject: 'x'
    inject: ''
== CONTINUE WITHOUT SAVING ==
    inject: 'down'
    inject: ''
    inject: 'down'
    inject: ''
    inject: 'down'
    inject: ''
    inject: 'down'
    inject: ''
    inject: 'x'
    inject: ''
== watch (poll 3s) ==
   [5/440] render=3120 visible=3593 vblank=5101 fg=1 pid='6721'
   [10/440] render=3602 visible=3593 vblank=6001 fg=1 pid='6721'
   [15/440] render=4140 visible=3593 vblank=6901 fg=1 pid='6721'
   [20/440] render=4800 visible=3593 vblank=8101 fg=1 pid='6721'
   [25/440] render=5340 visible=3593 vblank=9001 fg=1 pid='6721'
   [30/440] render=6000 visible=3593 vblank=9901 fg=1 pid='6721'
   [35/440] render=6900 visible=3593 vblank=10801 fg=1 pid='6721'
   [40/440] render=7440 visible=3593 vblank=12001 fg=1 pid='6721'
   [45/440] render=8220 visible=3593 vblank=12901 fg=1 pid='6721'
   [50/440] render=8700 visible=3593 vblank=13801 fg=1 pid='6721'
   [55/440] render=9300 visible=3593 vblank=14701 fg=1 pid='6721'
   [60/440] render=9900 visible=3593 vblank=15901 fg=1 pid='6721'
   [65/440] render=10560 visible=3593 vblank=16801 fg=1 pid='6721'
