GL_VENDOR=Intel
GL_RENDERER=Mesa Intel(R) UHD Graphics (CML GT2)
GL_VERSION=OpenGL ES 3.2 Mesa 25.3.6
IMPULSE candidate=0 stage=0 mass=1.000000000 centroid_x=399.500000000 centroid_y=300.000000000 dx=-0.500000000 dy=0.000000000
IMPULSE candidate=0 stage=1 mass=1.000000000 centroid_x=399.500000000 centroid_y=299.500000000 dx=-0.500000000 dy=-0.500000000
IMPULSE candidate=0 stage=2 mass=1.000000000 centroid_x=398.500000000 centroid_y=299.500000000 dx=-1.500000000 dy=-0.500000000
IMPULSE candidate=0 stage=3 mass=1.000000000 centroid_x=398.500000000 centroid_y=298.500000000 dx=-1.500000000 dy=-1.500000000
IMPULSE candidate=0 stage=4 mass=1.000000000 centroid_x=397.000000000 centroid_y=298.500000000 dx=-3.000000000 dy=-1.500000000
IMPULSE candidate=0 stage=5 mass=1.000000000 centroid_x=397.000000000 centroid_y=297.000000000 dx=-3.000000000 dy=-3.000000000
IMPULSE candidate=0 stage=6 mass=1.000000000 centroid_x=394.500000000 centroid_y=297.000000000 dx=-5.500000000 dy=-3.000000000
IMPULSE candidate=0 stage=7 mass=1.000000000 centroid_x=394.500000000 centroid_y=294.500000000 dx=-5.500000000 dy=-5.500000000
IMPULSE candidate=1 stage=0 mass=1.000000000 centroid_x=400.000000000 centroid_y=300.000000000 dx=0.000000000 dy=0.000000000
IMPULSE candidate=1 stage=1 mass=1.000000000 centroid_x=400.000000000 centroid_y=300.000000000 dx=0.000000000 dy=0.000000000
IMPULSE candidate=1 stage=2 mass=1.000000000 centroid_x=400.000000000 centroid_y=300.000000000 dx=0.000000000 dy=0.000000000
IMPULSE candidate=1 stage=3 mass=1.000000000 centroid_x=400.000000000 centroid_y=300.000000000 dx=0.000000000 dy=0.000000000
IMPULSE candidate=1 stage=4 mass=1.000000000 centroid_x=400.000000000 centroid_y=300.000000000 dx=0.000000000 dy=0.000000000
IMPULSE candidate=1 stage=5 mass=1.000000000 centroid_x=400.000000000 centroid_y=300.000000000 dx=0.000000000 dy=0.000000000
IMPULSE candidate=1 stage=6 mass=1.000000000 centroid_x=400.000000000 centroid_y=300.000000000 dx=0.000000000 dy=0.000000000
IMPULSE candidate=1 stage=7 mass=1.000000000 centroid_x=400.000000000 centroid_y=300.000000000 dx=0.000000000 dy=0.000000000
gl_errors=0 no_archive_equality_assumed=1
