DISPLAY=:0 XAUTHORITY=/run/user/1000/.mutter-Xwaylandauth.RKSTQ3 GK=/home/emeric/code/jak-project/build-x86/game/gk GOALC=/home/emeric/code/jak-project/build-x86/goalc/goalc
== launch gk with OG_GECHO_GEN=1 ==
  gk pid=3357149
== wait for boot (link finish: logo) ==
.autoport/Gecho_x86_cine.sh: line 40: 3357149 Killed                     OG_GECHO_GEN=1 "$GK" --game jak1 --portable --verbose --disable-ansi -iso-data "$ROOT/out/jak1/iso" -- -boot -debug >> "$LOG" 2>&1
  gk EXITED during boot; tail:
[18:00:960] [debug]   PRI 3 elt 0 QueueVAG @ #x9F0280
[18:00:960] [debug] [OVERLORD] FS Open ASIBESWISTR
[18:00:964] [debug] [OVERLORD] FS_Close ASIBESWISTR @ 133/48
[18:00:964] [debug]   PRI 3 elt 0 QueueVAG @ #x9F0280
[18:00:964] [debug] [OVERLORD] LoadISOFileChunkToEE ASIBESWISTR : 145408 offset 1
[18:00:964] [debug] [OVERLORD] Queue 2 (1/4), LoadSingle
[18:00:964] [debug]   PRI 2 elt 0 LoadSingle @ #x7F2F098DB820
[18:00:964] [debug]   PRI 3 elt 0 QueueVAG @ #x9F0280
[18:00:964] [debug] [OVERLORD] FS Open ASIBESWISTR
[18:00:970] [debug] [OVERLORD] FS_Close ASIBESWISTR @ 133/97
[18:00:970] [debug]   PRI 3 elt 0 QueueVAG @ #x9F0280
[18:00:977] [debug] link finish: assistant-introduction-blue-eco-switch
[18:00:977] [debug] [OVERLORD] FS_Close VAGWAD  ENG @ 280/1097
[18:00:977] [debug] [OVERLORD] Queue 3 (1/4), PlayVag
[18:00:977] [debug]   PRI 3 elt 0 PlayVag @ #x9F0280
