FFFFFFFFFFFFFFFFFF..F                                                    [100%]
=================================== FAILURES ===================================
_ test_portal_replacement_rejects_loss_of_region_measurement_or_compatibility[absent] _

fault = 'absent'

    @pytest.mark.parametrize('fault', ['absent', 'actor', 'layer', 'cell', 'duplicate', 'schema',
                                      'errors', 'sample', 'measurement', 'invisible', 'temporal',
                                      'binary', 'config', 'options'])
    def test_portal_replacement_rejects_loss_of_region_measurement_or_compatibility(fault):
        key, old = portal_replacement_batch()
        new = copy.deepcopy(old)
        diagnostic = new['owner_regions']
        row = diagnostic['regions'][0]
        if fault == 'absent': diagnostic['regions'] = []
        if fault == 'actor': row['actor'] = 1396
        if fault == 'layer': row['layer'] = 'halo'
        if fault == 'cell': row['view_hour'] = 'village1-warp-h12'
        if fault == 'duplicate': diagnostic['regions'].append(copy.deepcopy(row))
        if fault == 'schema': diagnostic['schema'] = 2
        if fault == 'errors': diagnostic['errors'] = ['invalid provenance']
        if fault == 'sample': row['samples'].pop()
        if fault == 'measurement': row['samples'][0]['stats'].pop('detail')
        if fault == 'invisible': row['samples'][0]['visible_sprites'] = 0
        if fault == 'temporal': new['values']['refset_temporal_samples'] = '1'
        if fault == 'binary': new['identity'] = ('different', 'same')
        if fault == 'config': new['identity'] = ('same', 'different')
        if fault == 'options': new['pairs'][key]['options'] = {'hdr': False}
        reason = ('portal replacement binary/config incompatible' if fault in ('binary', 'config') else
                  'portal replacement effective settings incompatible' if fault == 'options' else
                  'replacement loses measurable portal region')
>       with pytest.raises(ValueError, match=reason):
             ^^^^^^^^^^^^^^^^^^^^^^^^^^^^^^^^^^^^^^^
E       Failed: DID NOT RAISE ValueError

.autoport/tests/harness/test_hdr_batches.py:1472: Failed
_ test_portal_replacement_rejects_loss_of_region_measurement_or_compatibility[actor] _

fault = 'actor'

    @pytest.mark.parametrize('fault', ['absent', 'actor', 'layer', 'cell', 'duplicate', 'schema',
                                      'errors', 'sample', 'measurement', 'invisible', 'temporal',
                                      'binary', 'config', 'options'])
    def test_portal_replacement_rejects_loss_of_region_measurement_or_compatibility(fault):
        key, old = portal_replacement_batch()
        new = copy.deepcopy(old)
        diagnostic = new['owner_regions']
        row = diagnostic['regions'][0]
        if fault == 'absent': diagnostic['regions'] = []
        if fault == 'actor': row['actor'] = 1396
        if fault == 'layer': row['layer'] = 'halo'
        if fault == 'cell': row['view_hour'] = 'village1-warp-h12'
        if fault == 'duplicate': diagnostic['regions'].append(copy.deepcopy(row))
        if fault == 'schema': diagnostic['schema'] = 2
        if fault == 'errors': diagnostic['errors'] = ['invalid provenance']
        if fault == 'sample': row['samples'].pop()
        if fault == 'measurement': row['samples'][0]['stats'].pop('detail')
        if fault == 'invisible': row['samples'][0]['visible_sprites'] = 0
        if fault == 'temporal': new['values']['refset_temporal_samples'] = '1'
        if fault == 'binary': new['identity'] = ('different', 'same')
        if fault == 'config': new['identity'] = ('same', 'different')
        if fault == 'options': new['pairs'][key]['options'] = {'hdr': False}
        reason = ('portal replacement binary/config incompatible' if fault in ('binary', 'config') else
                  'portal replacement effective settings incompatible' if fault == 'options' else
                  'replacement loses measurable portal region')
>       with pytest.raises(ValueError, match=reason):
             ^^^^^^^^^^^^^^^^^^^^^^^^^^^^^^^^^^^^^^^
E       Failed: DID NOT RAISE ValueError

.autoport/tests/harness/test_hdr_batches.py:1472: Failed
_ test_portal_replacement_rejects_loss_of_region_measurement_or_compatibility[layer] _

fault = 'layer'

    @pytest.mark.parametrize('fault', ['absent', 'actor', 'layer', 'cell', 'duplicate', 'schema',
                                      'errors', 'sample', 'measurement', 'invisible', 'temporal',
                                      'binary', 'config', 'options'])
    def test_portal_replacement_rejects_loss_of_region_measurement_or_compatibility(fault):
        key, old = portal_replacement_batch()
        new = copy.deepcopy(old)
        diagnostic = new['owner_regions']
        row = diagnostic['regions'][0]
        if fault == 'absent': diagnostic['regions'] = []
        if fault == 'actor': row['actor'] = 1396
        if fault == 'layer': row['layer'] = 'halo'
        if fault == 'cell': row['view_hour'] = 'village1-warp-h12'
        if fault == 'duplicate': diagnostic['regions'].append(copy.deepcopy(row))
        if fault == 'schema': diagnostic['schema'] = 2
        if fault == 'errors': diagnostic['errors'] = ['invalid provenance']
        if fault == 'sample': row['samples'].pop()
        if fault == 'measurement': row['samples'][0]['stats'].pop('detail')
        if fault == 'invisible': row['samples'][0]['visible_sprites'] = 0
        if fault == 'temporal': new['values']['refset_temporal_samples'] = '1'
        if fault == 'binary': new['identity'] = ('different', 'same')
        if fault == 'config': new['identity'] = ('same', 'different')
        if fault == 'options': new['pairs'][key]['options'] = {'hdr': False}
        reason = ('portal replacement binary/config incompatible' if fault in ('binary', 'config') else
                  'portal replacement effective settings incompatible' if fault == 'options' else
                  'replacement loses measurable portal region')
>       with pytest.raises(ValueError, match=reason):
             ^^^^^^^^^^^^^^^^^^^^^^^^^^^^^^^^^^^^^^^
E       Failed: DID NOT RAISE ValueError

.autoport/tests/harness/test_hdr_batches.py:1472: Failed
_ test_portal_replacement_rejects_loss_of_region_measurement_or_compatibility[cell] _

fault = 'cell'

    @pytest.mark.parametrize('fault', ['absent', 'actor', 'layer', 'cell', 'duplicate', 'schema',
                                      'errors', 'sample', 'measurement', 'invisible', 'temporal',
                                      'binary', 'config', 'options'])
    def test_portal_replacement_rejects_loss_of_region_measurement_or_compatibility(fault):
        key, old = portal_replacement_batch()
        new = copy.deepcopy(old)
        diagnostic = new['owner_regions']
        row = diagnostic['regions'][0]
        if fault == 'absent': diagnostic['regions'] = []
        if fault == 'actor': row['actor'] = 1396
        if fault == 'layer': row['layer'] = 'halo'
        if fault == 'cell': row['view_hour'] = 'village1-warp-h12'
        if fault == 'duplicate': diagnostic['regions'].append(copy.deepcopy(row))
        if fault == 'schema': diagnostic['schema'] = 2
        if fault == 'errors': diagnostic['errors'] = ['invalid provenance']
        if fault == 'sample': row['samples'].pop()
        if fault == 'measurement': row['samples'][0]['stats'].pop('detail')
        if fault == 'invisible': row['samples'][0]['visible_sprites'] = 0
        if fault == 'temporal': new['values']['refset_temporal_samples'] = '1'
        if fault == 'binary': new['identity'] = ('different', 'same')
        if fault == 'config': new['identity'] = ('same', 'different')
        if fault == 'options': new['pairs'][key]['options'] = {'hdr': False}
        reason = ('portal replacement binary/config incompatible' if fault in ('binary', 'config') else
                  'portal replacement effective settings incompatible' if fault == 'options' else
                  'replacement loses measurable portal region')
>       with pytest.raises(ValueError, match=reason):
             ^^^^^^^^^^^^^^^^^^^^^^^^^^^^^^^^^^^^^^^
E       Failed: DID NOT RAISE ValueError

.autoport/tests/harness/test_hdr_batches.py:1472: Failed
_ test_portal_replacement_rejects_loss_of_region_measurement_or_compatibility[duplicate] _

fault = 'duplicate'

    @pytest.mark.parametrize('fault', ['absent', 'actor', 'layer', 'cell', 'duplicate', 'schema',
                                      'errors', 'sample', 'measurement', 'invisible', 'temporal',
                                      'binary', 'config', 'options'])
    def test_portal_replacement_rejects_loss_of_region_measurement_or_compatibility(fault):
        key, old = portal_replacement_batch()
        new = copy.deepcopy(old)
        diagnostic = new['owner_regions']
        row = diagnostic['regions'][0]
        if fault == 'absent': diagnostic['regions'] = []
        if fault == 'actor': row['actor'] = 1396
        if fault == 'layer': row['layer'] = 'halo'
        if fault == 'cell': row['view_hour'] = 'village1-warp-h12'
        if fault == 'duplicate': diagnostic['regions'].append(copy.deepcopy(row))
        if fault == 'schema': diagnostic['schema'] = 2
        if fault == 'errors': diagnostic['errors'] = ['invalid provenance']
        if fault == 'sample': row['samples'].pop()
        if fault == 'measurement': row['samples'][0]['stats'].pop('detail')
        if fault == 'invisible': row['samples'][0]['visible_sprites'] = 0
        if fault == 'temporal': new['values']['refset_temporal_samples'] = '1'
        if fault == 'binary': new['identity'] = ('different', 'same')
        if fault == 'config': new['identity'] = ('same', 'different')
        if fault == 'options': new['pairs'][key]['options'] = {'hdr': False}
        reason = ('portal replacement binary/config incompatible' if fault in ('binary', 'config') else
                  'portal replacement effective settings incompatible' if fault == 'options' else
                  'replacement loses measurable portal region')
>       with pytest.raises(ValueError, match=reason):
             ^^^^^^^^^^^^^^^^^^^^^^^^^^^^^^^^^^^^^^^
E       Failed: DID NOT RAISE ValueError

.autoport/tests/harness/test_hdr_batches.py:1472: Failed
_ test_portal_replacement_rejects_loss_of_region_measurement_or_compatibility[schema] _

fault = 'schema'

    @pytest.mark.parametrize('fault', ['absent', 'actor', 'layer', 'cell', 'duplicate', 'schema',
                                      'errors', 'sample', 'measurement', 'invisible', 'temporal',
                                      'binary', 'config', 'options'])
    def test_portal_replacement_rejects_loss_of_region_measurement_or_compatibility(fault):
        key, old = portal_replacement_batch()
        new = copy.deepcopy(old)
        diagnostic = new['owner_regions']
        row = diagnostic['regions'][0]
        if fault == 'absent': diagnostic['regions'] = []
        if fault == 'actor': row['actor'] = 1396
        if fault == 'layer': row['layer'] = 'halo'
        if fault == 'cell': row['view_hour'] = 'village1-warp-h12'
        if fault == 'duplicate': diagnostic['regions'].append(copy.deepcopy(row))
        if fault == 'schema': diagnostic['schema'] = 2
        if fault == 'errors': diagnostic['errors'] = ['invalid provenance']
        if fault == 'sample': row['samples'].pop()
        if fault == 'measurement': row['samples'][0]['stats'].pop('detail')
        if fault == 'invisible': row['samples'][0]['visible_sprites'] = 0
        if fault == 'temporal': new['values']['refset_temporal_samples'] = '1'
        if fault == 'binary': new['identity'] = ('different', 'same')
        if fault == 'config': new['identity'] = ('same', 'different')
        if fault == 'options': new['pairs'][key]['options'] = {'hdr': False}
        reason = ('portal replacement binary/config incompatible' if fault in ('binary', 'config') else
                  'portal replacement effective settings incompatible' if fault == 'options' else
                  'replacement loses measurable portal region')
>       with pytest.raises(ValueError, match=reason):
             ^^^^^^^^^^^^^^^^^^^^^^^^^^^^^^^^^^^^^^^
E       Failed: DID NOT RAISE ValueError

.autoport/tests/harness/test_hdr_batches.py:1472: Failed
_ test_portal_replacement_rejects_loss_of_region_measurement_or_compatibility[errors] _

fault = 'errors'

    @pytest.mark.parametrize('fault', ['absent', 'actor', 'layer', 'cell', 'duplicate', 'schema',
                                      'errors', 'sample', 'measurement', 'invisible', 'temporal',
                                      'binary', 'config', 'options'])
    def test_portal_replacement_rejects_loss_of_region_measurement_or_compatibility(fault):
        key, old = portal_replacement_batch()
        new = copy.deepcopy(old)
        diagnostic = new['owner_regions']
        row = diagnostic['regions'][0]
        if fault == 'absent': diagnostic['regions'] = []
        if fault == 'actor': row['actor'] = 1396
        if fault == 'layer': row['layer'] = 'halo'
        if fault == 'cell': row['view_hour'] = 'village1-warp-h12'
        if fault == 'duplicate': diagnostic['regions'].append(copy.deepcopy(row))
        if fault == 'schema': diagnostic['schema'] = 2
        if fault == 'errors': diagnostic['errors'] = ['invalid provenance']
        if fault == 'sample': row['samples'].pop()
        if fault == 'measurement': row['samples'][0]['stats'].pop('detail')
        if fault == 'invisible': row['samples'][0]['visible_sprites'] = 0
        if fault == 'temporal': new['values']['refset_temporal_samples'] = '1'
        if fault == 'binary': new['identity'] = ('different', 'same')
        if fault == 'config': new['identity'] = ('same', 'different')
        if fault == 'options': new['pairs'][key]['options'] = {'hdr': False}
        reason = ('portal replacement binary/config incompatible' if fault in ('binary', 'config') else
                  'portal replacement effective settings incompatible' if fault == 'options' else
                  'replacement loses measurable portal region')
>       with pytest.raises(ValueError, match=reason):
             ^^^^^^^^^^^^^^^^^^^^^^^^^^^^^^^^^^^^^^^
E       Failed: DID NOT RAISE ValueError

.autoport/tests/harness/test_hdr_batches.py:1472: Failed
_ test_portal_replacement_rejects_loss_of_region_measurement_or_compatibility[sample] _

fault = 'sample'

    @pytest.mark.parametrize('fault', ['absent', 'actor', 'layer', 'cell', 'duplicate', 'schema',
                                      'errors', 'sample', 'measurement', 'invisible', 'temporal',
                                      'binary', 'config', 'options'])
    def test_portal_replacement_rejects_loss_of_region_measurement_or_compatibility(fault):
        key, old = portal_replacement_batch()
        new = copy.deepcopy(old)
        diagnostic = new['owner_regions']
        row = diagnostic['regions'][0]
        if fault == 'absent': diagnostic['regions'] = []
        if fault == 'actor': row['actor'] = 1396
        if fault == 'layer': row['layer'] = 'halo'
        if fault == 'cell': row['view_hour'] = 'village1-warp-h12'
        if fault == 'duplicate': diagnostic['regions'].append(copy.deepcopy(row))
        if fault == 'schema': diagnostic['schema'] = 2
        if fault == 'errors': diagnostic['errors'] = ['invalid provenance']
        if fault == 'sample': row['samples'].pop()
        if fault == 'measurement': row['samples'][0]['stats'].pop('detail')
        if fault == 'invisible': row['samples'][0]['visible_sprites'] = 0
        if fault == 'temporal': new['values']['refset_temporal_samples'] = '1'
        if fault == 'binary': new['identity'] = ('different', 'same')
        if fault == 'config': new['identity'] = ('same', 'different')
        if fault == 'options': new['pairs'][key]['options'] = {'hdr': False}
        reason = ('portal replacement binary/config incompatible' if fault in ('binary', 'config') else
                  'portal replacement effective settings incompatible' if fault == 'options' else
                  'replacement loses measurable portal region')
>       with pytest.raises(ValueError, match=reason):
             ^^^^^^^^^^^^^^^^^^^^^^^^^^^^^^^^^^^^^^^
E       Failed: DID NOT RAISE ValueError

.autoport/tests/harness/test_hdr_batches.py:1472: Failed
_ test_portal_replacement_rejects_loss_of_region_measurement_or_compatibility[measurement] _

fault = 'measurement'

    @pytest.mark.parametrize('fault', ['absent', 'actor', 'layer', 'cell', 'duplicate', 'schema',
                                      'errors', 'sample', 'measurement', 'invisible', 'temporal',
                                      'binary', 'config', 'options'])
    def test_portal_replacement_rejects_loss_of_region_measurement_or_compatibility(fault):
        key, old = portal_replacement_batch()
        new = copy.deepcopy(old)
        diagnostic = new['owner_regions']
        row = diagnostic['regions'][0]
        if fault == 'absent': diagnostic['regions'] = []
        if fault == 'actor': row['actor'] = 1396
        if fault == 'layer': row['layer'] = 'halo'
        if fault == 'cell': row['view_hour'] = 'village1-warp-h12'
        if fault == 'duplicate': diagnostic['regions'].append(copy.deepcopy(row))
        if fault == 'schema': diagnostic['schema'] = 2
        if fault == 'errors': diagnostic['errors'] = ['invalid provenance']
        if fault == 'sample': row['samples'].pop()
        if fault == 'measurement': row['samples'][0]['stats'].pop('detail')
        if fault == 'invisible': row['samples'][0]['visible_sprites'] = 0
        if fault == 'temporal': new['values']['refset_temporal_samples'] = '1'
        if fault == 'binary': new['identity'] = ('different', 'same')
        if fault == 'config': new['identity'] = ('same', 'different')
        if fault == 'options': new['pairs'][key]['options'] = {'hdr': False}
        reason = ('portal replacement binary/config incompatible' if fault in ('binary', 'config') else
                  'portal replacement effective settings incompatible' if fault == 'options' else
                  'replacement loses measurable portal region')
>       with pytest.raises(ValueError, match=reason):
             ^^^^^^^^^^^^^^^^^^^^^^^^^^^^^^^^^^^^^^^
E       Failed: DID NOT RAISE ValueError

.autoport/tests/harness/test_hdr_batches.py:1472: Failed
_ test_portal_replacement_rejects_loss_of_region_measurement_or_compatibility[invisible] _

fault = 'invisible'

    @pytest.mark.parametrize('fault', ['absent', 'actor', 'layer', 'cell', 'duplicate', 'schema',
                                      'errors', 'sample', 'measurement', 'invisible', 'temporal',
                                      'binary', 'config', 'options'])
    def test_portal_replacement_rejects_loss_of_region_measurement_or_compatibility(fault):
        key, old = portal_replacement_batch()
        new = copy.deepcopy(old)
        diagnostic = new['owner_regions']
        row = diagnostic['regions'][0]
        if fault == 'absent': diagnostic['regions'] = []
        if fault == 'actor': row['actor'] = 1396
        if fault == 'layer': row['layer'] = 'halo'
        if fault == 'cell': row['view_hour'] = 'village1-warp-h12'
        if fault == 'duplicate': diagnostic['regions'].append(copy.deepcopy(row))
        if fault == 'schema': diagnostic['schema'] = 2
        if fault == 'errors': diagnostic['errors'] = ['invalid provenance']
        if fault == 'sample': row['samples'].pop()
        if fault == 'measurement': row['samples'][0]['stats'].pop('detail')
        if fault == 'invisible': row['samples'][0]['visible_sprites'] = 0
        if fault == 'temporal': new['values']['refset_temporal_samples'] = '1'
        if fault == 'binary': new['identity'] = ('different', 'same')
        if fault == 'config': new['identity'] = ('same', 'different')
        if fault == 'options': new['pairs'][key]['options'] = {'hdr': False}
        reason = ('portal replacement binary/config incompatible' if fault in ('binary', 'config') else
                  'portal replacement effective settings incompatible' if fault == 'options' else
                  'replacement loses measurable portal region')
>       with pytest.raises(ValueError, match=reason):
             ^^^^^^^^^^^^^^^^^^^^^^^^^^^^^^^^^^^^^^^
E       Failed: DID NOT RAISE ValueError

.autoport/tests/harness/test_hdr_batches.py:1472: Failed
_ test_portal_replacement_rejects_loss_of_region_measurement_or_compatibility[temporal] _

fault = 'temporal'

    @pytest.mark.parametrize('fault', ['absent', 'actor', 'layer', 'cell', 'duplicate', 'schema',
                                      'errors', 'sample', 'measurement', 'invisible', 'temporal',
                                      'binary', 'config', 'options'])
    def test_portal_replacement_rejects_loss_of_region_measurement_or_compatibility(fault):
        key, old = portal_replacement_batch()
        new = copy.deepcopy(old)
        diagnostic = new['owner_regions']
        row = diagnostic['regions'][0]
        if fault == 'absent': diagnostic['regions'] = []
        if fault == 'actor': row['actor'] = 1396
        if fault == 'layer': row['layer'] = 'halo'
        if fault == 'cell': row['view_hour'] = 'village1-warp-h12'
        if fault == 'duplicate': diagnostic['regions'].append(copy.deepcopy(row))
        if fault == 'schema': diagnostic['schema'] = 2
        if fault == 'errors': diagnostic['errors'] = ['invalid provenance']
        if fault == 'sample': row['samples'].pop()
        if fault == 'measurement': row['samples'][0]['stats'].pop('detail')
        if fault == 'invisible': row['samples'][0]['visible_sprites'] = 0
        if fault == 'temporal': new['values']['refset_temporal_samples'] = '1'
        if fault == 'binary': new['identity'] = ('different', 'same')
        if fault == 'config': new['identity'] = ('same', 'different')
        if fault == 'options': new['pairs'][key]['options'] = {'hdr': False}
        reason = ('portal replacement binary/config incompatible' if fault in ('binary', 'config') else
                  'portal replacement effective settings incompatible' if fault == 'options' else
                  'replacement loses measurable portal region')
>       with pytest.raises(ValueError, match=reason):
             ^^^^^^^^^^^^^^^^^^^^^^^^^^^^^^^^^^^^^^^
E       Failed: DID NOT RAISE ValueError

.autoport/tests/harness/test_hdr_batches.py:1472: Failed
_ test_portal_replacement_rejects_loss_of_region_measurement_or_compatibility[binary] _

fault = 'binary'

    @pytest.mark.parametrize('fault', ['absent', 'actor', 'layer', 'cell', 'duplicate', 'schema',
                                      'errors', 'sample', 'measurement', 'invisible', 'temporal',
                                      'binary', 'config', 'options'])
    def test_portal_replacement_rejects_loss_of_region_measurement_or_compatibility(fault):
        key, old = portal_replacement_batch()
        new = copy.deepcopy(old)
        diagnostic = new['owner_regions']
        row = diagnostic['regions'][0]
        if fault == 'absent': diagnostic['regions'] = []
        if fault == 'actor': row['actor'] = 1396
        if fault == 'layer': row['layer'] = 'halo'
        if fault == 'cell': row['view_hour'] = 'village1-warp-h12'
        if fault == 'duplicate': diagnostic['regions'].append(copy.deepcopy(row))
        if fault == 'schema': diagnostic['schema'] = 2
        if fault == 'errors': diagnostic['errors'] = ['invalid provenance']
        if fault == 'sample': row['samples'].pop()
        if fault == 'measurement': row['samples'][0]['stats'].pop('detail')
        if fault == 'invisible': row['samples'][0]['visible_sprites'] = 0
        if fault == 'temporal': new['values']['refset_temporal_samples'] = '1'
        if fault == 'binary': new['identity'] = ('different', 'same')
        if fault == 'config': new['identity'] = ('same', 'different')
        if fault == 'options': new['pairs'][key]['options'] = {'hdr': False}
        reason = ('portal replacement binary/config incompatible' if fault in ('binary', 'config') else
                  'portal replacement effective settings incompatible' if fault == 'options' else
                  'replacement loses measurable portal region')
>       with pytest.raises(ValueError, match=reason):
             ^^^^^^^^^^^^^^^^^^^^^^^^^^^^^^^^^^^^^^^
E       Failed: DID NOT RAISE ValueError

.autoport/tests/harness/test_hdr_batches.py:1472: Failed
_ test_portal_replacement_rejects_loss_of_region_measurement_or_compatibility[config] _

fault = 'config'

    @pytest.mark.parametrize('fault', ['absent', 'actor', 'layer', 'cell', 'duplicate', 'schema',
                                      'errors', 'sample', 'measurement', 'invisible', 'temporal',
                                      'binary', 'config', 'options'])
    def test_portal_replacement_rejects_loss_of_region_measurement_or_compatibility(fault):
        key, old = portal_replacement_batch()
        new = copy.deepcopy(old)
        diagnostic = new['owner_regions']
        row = diagnostic['regions'][0]
        if fault == 'absent': diagnostic['regions'] = []
        if fault == 'actor': row['actor'] = 1396
        if fault == 'layer': row['layer'] = 'halo'
        if fault == 'cell': row['view_hour'] = 'village1-warp-h12'
        if fault == 'duplicate': diagnostic['regions'].append(copy.deepcopy(row))
        if fault == 'schema': diagnostic['schema'] = 2
        if fault == 'errors': diagnostic['errors'] = ['invalid provenance']
        if fault == 'sample': row['samples'].pop()
        if fault == 'measurement': row['samples'][0]['stats'].pop('detail')
        if fault == 'invisible': row['samples'][0]['visible_sprites'] = 0
        if fault == 'temporal': new['values']['refset_temporal_samples'] = '1'
        if fault == 'binary': new['identity'] = ('different', 'same')
        if fault == 'config': new['identity'] = ('same', 'different')
        if fault == 'options': new['pairs'][key]['options'] = {'hdr': False}
        reason = ('portal replacement binary/config incompatible' if fault in ('binary', 'config') else
                  'portal replacement effective settings incompatible' if fault == 'options' else
                  'replacement loses measurable portal region')
>       with pytest.raises(ValueError, match=reason):
             ^^^^^^^^^^^^^^^^^^^^^^^^^^^^^^^^^^^^^^^
E       Failed: DID NOT RAISE ValueError

.autoport/tests/harness/test_hdr_batches.py:1472: Failed
_ test_portal_replacement_rejects_loss_of_region_measurement_or_compatibility[options] _

fault = 'options'

    @pytest.mark.parametrize('fault', ['absent', 'actor', 'layer', 'cell', 'duplicate', 'schema',
                                      'errors', 'sample', 'measurement', 'invisible', 'temporal',
                                      'binary', 'config', 'options'])
    def test_portal_replacement_rejects_loss_of_region_measurement_or_compatibility(fault):
        key, old = portal_replacement_batch()
        new = copy.deepcopy(old)
        diagnostic = new['owner_regions']
        row = diagnostic['regions'][0]
        if fault == 'absent': diagnostic['regions'] = []
        if fault == 'actor': row['actor'] = 1396
        if fault == 'layer': row['layer'] = 'halo'
        if fault == 'cell': row['view_hour'] = 'village1-warp-h12'
        if fault == 'duplicate': diagnostic['regions'].append(copy.deepcopy(row))
        if fault == 'schema': diagnostic['schema'] = 2
        if fault == 'errors': diagnostic['errors'] = ['invalid provenance']
        if fault == 'sample': row['samples'].pop()
        if fault == 'measurement': row['samples'][0]['stats'].pop('detail')
        if fault == 'invisible': row['samples'][0]['visible_sprites'] = 0
        if fault == 'temporal': new['values']['refset_temporal_samples'] = '1'
        if fault == 'binary': new['identity'] = ('different', 'same')
        if fault == 'config': new['identity'] = ('same', 'different')
        if fault == 'options': new['pairs'][key]['options'] = {'hdr': False}
        reason = ('portal replacement binary/config incompatible' if fault in ('binary', 'config') else
                  'portal replacement effective settings incompatible' if fault == 'options' else
                  'replacement loses measurable portal region')
>       with pytest.raises(ValueError, match=reason):
             ^^^^^^^^^^^^^^^^^^^^^^^^^^^^^^^^^^^^^^^
E       Failed: DID NOT RAISE ValueError

.autoport/tests/harness/test_hdr_batches.py:1472: Failed
_ test_portal_replacement_cannot_erase_partial_defect_without_off_whites[detail-7] _

metric = 'detail', value = 7

    @pytest.mark.parametrize('metric,value', [('detail', 7), ('clipped', 41), ('flat', .2), ('white', 0)])
    def test_portal_replacement_cannot_erase_partial_defect_without_off_whites(metric, value):
        key, old = portal_replacement_batch()
        if metric == 'white':
            for sample in old['owner_regions']['regions'][0]['samples']:
                sample['stats']['white'] = 10
        new = copy.deepcopy(old)
        for sample in old['owner_regions']['regions'][0]['samples'][:2]:
            sample['stats'][metric] = value
>       with pytest.raises(ValueError, match='replacement cannot erase measured portal defect'):
             ^^^^^^^^^^^^^^^^^^^^^^^^^^^^^^^^^^^^^^^^^^^^^^^^^^^^^^^^^^^^^^^^^^^^^^^^^^^^^^^^^^
E       Failed: DID NOT RAISE ValueError

.autoport/tests/harness/test_hdr_batches.py:1485: Failed
_ test_portal_replacement_cannot_erase_partial_defect_without_off_whites[clipped-41] _

metric = 'clipped', value = 41

    @pytest.mark.parametrize('metric,value', [('detail', 7), ('clipped', 41), ('flat', .2), ('white', 0)])
    def test_portal_replacement_cannot_erase_partial_defect_without_off_whites(metric, value):
        key, old = portal_replacement_batch()
        if metric == 'white':
            for sample in old['owner_regions']['regions'][0]['samples']:
                sample['stats']['white'] = 10
        new = copy.deepcopy(old)
        for sample in old['owner_regions']['regions'][0]['samples'][:2]:
            sample['stats'][metric] = value
>       with pytest.raises(ValueError, match='replacement cannot erase measured portal defect'):
             ^^^^^^^^^^^^^^^^^^^^^^^^^^^^^^^^^^^^^^^^^^^^^^^^^^^^^^^^^^^^^^^^^^^^^^^^^^^^^^^^^^
E       Failed: DID NOT RAISE ValueError

.autoport/tests/harness/test_hdr_batches.py:1485: Failed
_ test_portal_replacement_cannot_erase_partial_defect_without_off_whites[flat-0.2] _

metric = 'flat', value = 0.2

    @pytest.mark.parametrize('metric,value', [('detail', 7), ('clipped', 41), ('flat', .2), ('white', 0)])
    def test_portal_replacement_cannot_erase_partial_defect_without_off_whites(metric, value):
        key, old = portal_replacement_batch()
        if metric == 'white':
            for sample in old['owner_regions']['regions'][0]['samples']:
                sample['stats']['white'] = 10
        new = copy.deepcopy(old)
        for sample in old['owner_regions']['regions'][0]['samples'][:2]:
            sample['stats'][metric] = value
>       with pytest.raises(ValueError, match='replacement cannot erase measured portal defect'):
             ^^^^^^^^^^^^^^^^^^^^^^^^^^^^^^^^^^^^^^^^^^^^^^^^^^^^^^^^^^^^^^^^^^^^^^^^^^^^^^^^^^
E       Failed: DID NOT RAISE ValueError

.autoport/tests/harness/test_hdr_batches.py:1485: Failed
_ test_portal_replacement_cannot_erase_partial_defect_without_off_whites[white-0] _

metric = 'white', value = 0

    @pytest.mark.parametrize('metric,value', [('detail', 7), ('clipped', 41), ('flat', .2), ('white', 0)])
    def test_portal_replacement_cannot_erase_partial_defect_without_off_whites(metric, value):
        key, old = portal_replacement_batch()
        if metric == 'white':
            for sample in old['owner_regions']['regions'][0]['samples']:
                sample['stats']['white'] = 10
        new = copy.deepcopy(old)
        for sample in old['owner_regions']['regions'][0]['samples'][:2]:
            sample['stats'][metric] = value
>       with pytest.raises(ValueError, match='replacement cannot erase measured portal defect'):
             ^^^^^^^^^^^^^^^^^^^^^^^^^^^^^^^^^^^^^^^^^^^^^^^^^^^^^^^^^^^^^^^^^^^^^^^^^^^^^^^^^^
E       Failed: DID NOT RAISE ValueError

.autoport/tests/harness/test_hdr_batches.py:1485: Failed
_ test_portal_partial_defect_survives_aggregate_replacement_with_acceptable_whole_image _

tmp_path = PosixPath('/tmp/pytest-of-emeric/pytest-126/test_portal_partial_defect_sur0')
monkeypatch = <_pytest.monkeypatch.MonkeyPatch object at 0x7fe08446cb00>

    def test_portal_partial_defect_survives_aggregate_replacement_with_acceptable_whole_image(tmp_path, monkeypatch):
        plan = hdr.contract(ROOT)
        key, old = portal_replacement_batch()
        key = ('village1-out', 18)
        view, hour = key
        target = 'village1-eco-blue'
        old['owner_regions']['regions'][0]['view_hour'] = f'{view}-h{hour}'
        batch(tmp_path, plan, [key], name='001')
        batch(tmp_path, plan, [(target, hour)], name='002', replaces=[f'001:{view}:{hour}={target}'])
        for name, cell in (('001', key), ('002', (target, hour))):
            record = hdr.read_batch(tmp_path / name / 'manifest.json', plan, stats)
            pair = record['pairs'][cell]
            assert all(pair['on'][metric] <= pair['off'][metric] + max(
                pair['off']['pixels'] // 1000, pair['off'][metric] // 20) for metric in hdr.QUALITY)
        clean = copy.deepcopy(old['owner_regions']['regions'])
        clean[0]['view_hour'] = f'{target}-h{hour}'
        for sample in old['owner_regions']['regions'][0]['samples'][:2]:
            sample['stats']['detail'] = 7
        inject_synthetic_owner_regions(monkeypatch, {'001': old['owner_regions']['regions'], '002': clean})
        metrics = result(tmp_path, plan, '002')
        diagnostic = json.loads((tmp_path / 'measurements.json').read_text())
        assert diagnostic['quality_bad'] == []
>       assert any('cannot erase measured portal defect' in error for error in diagnostic['errors'])
E       assert False
E        +  where False = any(<generator object test_portal_partial_defect_survives_aggregate_replacement_with_acceptable_whole_image.<locals>.<genexpr> at 0x7fe084564fb0>)

.autoport/tests/harness/test_hdr_batches.py:1524: AssertionError
=========================== short test summary info ============================
FAILED .autoport/tests/harness/test_hdr_batches.py::test_portal_replacement_rejects_loss_of_region_measurement_or_compatibility[absent]
FAILED .autoport/tests/harness/test_hdr_batches.py::test_portal_replacement_rejects_loss_of_region_measurement_or_compatibility[actor]
FAILED .autoport/tests/harness/test_hdr_batches.py::test_portal_replacement_rejects_loss_of_region_measurement_or_compatibility[layer]
FAILED .autoport/tests/harness/test_hdr_batches.py::test_portal_replacement_rejects_loss_of_region_measurement_or_compatibility[cell]
FAILED .autoport/tests/harness/test_hdr_batches.py::test_portal_replacement_rejects_loss_of_region_measurement_or_compatibility[duplicate]
FAILED .autoport/tests/harness/test_hdr_batches.py::test_portal_replacement_rejects_loss_of_region_measurement_or_compatibility[schema]
FAILED .autoport/tests/harness/test_hdr_batches.py::test_portal_replacement_rejects_loss_of_region_measurement_or_compatibility[errors]
FAILED .autoport/tests/harness/test_hdr_batches.py::test_portal_replacement_rejects_loss_of_region_measurement_or_compatibility[sample]
FAILED .autoport/tests/harness/test_hdr_batches.py::test_portal_replacement_rejects_loss_of_region_measurement_or_compatibility[measurement]
FAILED .autoport/tests/harness/test_hdr_batches.py::test_portal_replacement_rejects_loss_of_region_measurement_or_compatibility[invisible]
FAILED .autoport/tests/harness/test_hdr_batches.py::test_portal_replacement_rejects_loss_of_region_measurement_or_compatibility[temporal]
FAILED .autoport/tests/harness/test_hdr_batches.py::test_portal_replacement_rejects_loss_of_region_measurement_or_compatibility[binary]
FAILED .autoport/tests/harness/test_hdr_batches.py::test_portal_replacement_rejects_loss_of_region_measurement_or_compatibility[config]
FAILED .autoport/tests/harness/test_hdr_batches.py::test_portal_replacement_rejects_loss_of_region_measurement_or_compatibility[options]
FAILED .autoport/tests/harness/test_hdr_batches.py::test_portal_replacement_cannot_erase_partial_defect_without_off_whites[detail-7]
FAILED .autoport/tests/harness/test_hdr_batches.py::test_portal_replacement_cannot_erase_partial_defect_without_off_whites[clipped-41]
FAILED .autoport/tests/harness/test_hdr_batches.py::test_portal_replacement_cannot_erase_partial_defect_without_off_whites[flat-0.2]
FAILED .autoport/tests/harness/test_hdr_batches.py::test_portal_replacement_cannot_erase_partial_defect_without_off_whites[white-0]
FAILED .autoport/tests/harness/test_hdr_batches.py::test_portal_partial_defect_survives_aggregate_replacement_with_acceptable_whole_image
19 failed, 2 passed, 273 deselected in 1.25s

exit_code=1
