	linux-vdso.so.1 (0x00007faea621b000)
	libcompiler.so => /home/emeric/code/jak-project/build-arm64/goalc/libcompiler.so (0x00007faea5c00000)
	libZydis.so.5.0 => /home/emeric/code/jak-project/build-arm64/third-party/zydis/libZydis.so.5.0 (0x00007faea6166000)
	libdecomp.so => /home/emeric/code/jak-project/build-arm64/decompiler/libdecomp.so (0x00007faea5400000)
	libcommon.so => /home/emeric/code/jak-project/build-arm64/common/libcommon.so (0x00007faea4e00000)
	libreplxx.so.0.0.4 => /home/emeric/code/jak-project/build-arm64/third-party/replxx/libreplxx.so.0.0.4 (0x00007faea6113000)
	libtree-sitter.so => /home/emeric/code/jak-project/build-arm64/third-party/tree-sitter/libtree-sitter.so (0x00007faea60d8000)
	libsqlite3.so => /home/emeric/code/jak-project/build-arm64/third-party/sqlite3/libsqlite3.so (0x00007faea5aa7000)
	liblibtinyfiledialogs.so => /home/emeric/code/jak-project/build-arm64/third-party/libtinyfiledialogs/liblibtinyfiledialogs.so (0x00007faea60bf000)
	libfmt.so.11 => /home/emeric/code/jak-project/build-arm64/third-party/fmt/libfmt.so.11 (0x00007faea6096000)
	liblzokay.so => /home/emeric/code/jak-project/build-arm64/third-party/lzokay/liblzokay.so (0x00007faea5aa1000)
	libtiny_gltf.so => /home/emeric/code/jak-project/build-arm64/third-party/tiny_gltf/libtiny_gltf.so (0x00007faea5378000)
	libdraco.so.9 => /home/emeric/code/jak-project/build-arm64/third-party/draco/libdraco.so.9 (0x00007faea4c0f000)
	libstb_image.so => /home/emeric/code/jak-project/build-arm64/third-party/stb_image/libstb_image.so (0x00007faea5343000)
	libxdelta3.so => /home/emeric/code/jak-project/build-arm64/third-party/xdelta3/libxdelta3.so (0x00007faea5a91000)
	libstdc++.so.6 => /lib64/libstdc++.so.6 (0x00007faea4800000)
	libm.so.6 => /lib64/libm.so.6 (0x00007faea4b1a000)
	libgcc_s.so.1 => /lib64/libgcc_s.so.1 (0x00007faea52fe000)
	libc.so.6 => /lib64/libc.so.6 (0x00007faea460d000)
	/lib64/ld-linux-x86-64.so.2 (0x00007faea621d000)
