[proof_run perf-codegen-arm64-calls] verrou d'ecriture pris (.autoport/reports/perf-codegen-arm64-calls/proof-writer.lock) : pid=1524245 lanceur=1524235 essai=perf-codegen-arm64-calls@2#1789434742 course=20260915T012812Z-1524245-21ca2524
[proof_run perf-codegen-arm64-calls] garde de build : decision=passe demon_gradle=1 apk_age=222s attendu=0s
[proof_run perf-codegen-arm64-calls] attente de ce bras publiee sous 'proof-wait.txt', nom derive par lib/impossible.py
[proof_run perf-codegen-arm64-calls] hygiene des etats impossibles : purged=0 standing=0
[garde-binaire perf-codegen-arm64-calls] md5 identiques (a65acc137c3f34e71c77c82f96ff62cc) : la course peut mesurer
[proof_run perf-codegen-arm64-calls] garde binaire : decision=identique local=a65acc137c3f34e71c77c82f96ff62cc appareil=a65acc137c3f34e71c77c82f96ff62cc (code 0)
[proof_run perf-codegen-arm64-calls] ecran : mWakefulness=Awake
[proof_run perf-codegen-arm64-calls] teardown : 0 propriete(s) trouvee(s) posee(s) [-]
[proof_run perf-codegen-arm64-calls] paire (preuve, sceau) de la course precedente archivee sous 'proof-prev.txt' / 'proof-prev.seal'
[proof_run perf-codegen-arm64-calls] preuve precedente retiree au point d'amorcage 'amorcage-appareil' (trouvee : 54851 o, sha=761b354f344d5c77 ; filet proof-prev ecrit : 1)
[proof_run perf-codegen-arm64-calls] appareil eae4df44 : org.opengoal.gk.jak1/org.opengoal.gk.LoaderActivity pendant 120s (armed=1)
[proof_run perf-codegen-arm64-calls] contexte de course : verdict=sans-objet images=5100 temoins=6/6
[teardown] eae4df44: debug.opengoal.feature etait 'perf-codegen-arm64-calls' -> vide
[teardown] eae4df44: debug.opengoal.feature.armed etait '1' -> vide
[teardown] eae4df44: debug.opengoal.fixed_tick etait '0' -> vide
[teardown] eae4df44: debug.opengoal.level.warp etait 'village1-hut' -> vide
[teardown] eae4df44: debug.opengoal.pad_replay_realtime etait '0' -> vide
[teardown] eae4df44: debug.opengoal.padreplay etait '/data/data/org.opengoal.gk.jak1/files/neutral.inputs' -> vide
[teardown] eae4df44: debug.opengoal.perf.buckets etait '1' -> vide
[teardown] eae4df44: debug.opengoal.recharged etait '0' -> vide
[teardown] eae4df44: debug.opengoal.refset etait 'replay' -> vide
[teardown] eae4df44: debug.opengoal.refset.dir etait '/sdcard/Android/data/org.opengoal.gk.jak1/files/codegen-calls-a2' -> vide
[teardown] eae4df44: debug.opengoal.refset.hours etait '9' -> vide
[teardown] eae4df44: debug.opengoal.refset.loadsettle etait '600' -> vide
[teardown] eae4df44: debug.opengoal.refset.phases etait '1' -> vide
[teardown] eae4df44: debug.opengoal.refset.settle etait '180' -> vide
[teardown] eae4df44: debug.opengoal.refset.vantages etait 'legacy' -> vide
[teardown] eae4df44: debug.opengoal.refset.warpat etait '600' -> vide
[teardown] eae4df44: 16 propriete(s) trouvee(s) posee(s) [debug.opengoal.feature,debug.opengoal.feature.armed,debug.opengoal.fixed_tick,debug.opengoal.level.warp,debug.opengoal.pad_replay_realtime,debug.opengoal.padreplay,debug.opengoal.perf.buckets,debug.opengoal.recharged,debug.opengoal.refset,debug.opengoal.refset.dir,debug.opengoal.refset.hours,debug.opengoal.refset.loadsettle,debug.opengoal.refset.phases,debug.opengoal.refset.settle,debug.opengoal.refset.vantages,debug.opengoal.refset.warpat], 16 effacee(s), 0 resistante(s), marqueurs fichier retires.
[proof_run perf-codegen-arm64-calls] teardown de fin : 16 propriete(s) trouvee(s) posee(s) [debug.opengoal.feature,debug.opengoal.feature.armed,debug.opengoal.fixed_tick,debug.opengoal.level.warp,debug.opengoal.pad_replay_realtime,debug.opengoal.padreplay,debug.opengoal.perf.buckets,debug.opengoal.recharged,debug.opengoal.refset,debug.opengoal.refset.dir,debug.opengoal.refset.hours,debug.opengoal.refset.loadsettle,debug.opengoal.refset.phases,debug.opengoal.refset.settle,debug.opengoal.refset.vantages,debug.opengoal.refset.warpat], publie sous 'proof-teardown-fin.txt'
[proof_run perf-codegen-arm64-calls] ecrit .autoport/reports/perf-codegen-arm64-calls/proof.txt (frames=5100 crash=0 duree=133s) ; sortie moteur : .autoport/reports/perf-codegen-arm64-calls/proof-engine.log
