[0/2] Re-checking globbed directories...
[1/2] Re-running CMake...
-- Statically Link? OFF
-- GOALC backend: x86
-- GCC detected - Setting Defaults
-- curl version=[8.3.0-DEV]
-- Picky compiler options: -W -Wall -pedantic -Wbad-function-cast -Wconversion -Winline -Wmissing-declarations -Wmissing-prototypes -Wnested-externs -Wno-long-long -Wno-multichar -Wpointer-arith -Wshadow -Wsign-compare -Wundef -Wunused -Wwrite-strings -Wcast-align -Wdeclaration-after-statement -Wempty-body -Wendif-labels -Wfloat-equal -Wignored-qualifiers -Wno-format-nonliteral -Wno-sign-conversion -Wno-system-headers -Wstrict-prototypes -Wtype-limits -Wvla -Wmissing-parameter-type -Wold-style-declaration -Wstrict-aliasing=3 -Wformat=2 -Warray-bounds=2 -ftree-vrp -Wduplicated-cond -Wnull-dereference -fdelete-null-pointer-checks -Wshift-negative-value -Wshift-overflow=2 -Walloc-zero -Wduplicated-branches -Wformat-overflow=2 -Wformat-truncation=1 -Wrestrict -Warith-conversion -Wdouble-promotion -Wenum-conversion -Wunused-const-variable
-- Enabled features: SSL IPv6 unixsockets AsynchDNS Largefile alt-svc HSTS NTLM HTTPS-proxy threadsafe PSL
-- Enabled protocols: DICT FILE FTP FTPS GOPHER GOPHERS HTTP HTTPS IMAP IMAPS MQTT POP3 POP3S RTSP SMB SMBS SMTP SMTPS TELNET TFTP
-- Enabled SSL backends: OpenSSL
CMake Deprecation Warning at third-party/replxx/CMakeLists.txt:1 (cmake_minimum_required):
  Compatibility with CMake < 3.10 will be removed from a future version of
  CMake.

  Update the VERSION argument <min> value.  Or, use the <min>...<max> syntax
  to tell CMake that the project requires at least <min> but has been updated
  to work with policies introduced by <max> or earlier.


-- {fmt} version: 11.1.4
-- Build type: Release
-- write_revision_h(): /home/emeric/code/jak-project
-- Git found, using it to get revision info
-- Dynamically Linking SDL
-- dynamic libX11 -> libX11.so.6
-- dynamic libXext -> libXext.so.6
-- dynamic libXcursor -> libXcursor.so.1
-- dynamic libXi -> libXi.so.6
-- dynamic libXfixes -> libXfixes.so.3
-- dynamic libXrandr -> libXrandr.so.2
-- dynamic libXrender -> libXrender.so.1
-- dynamic libXtst -> libXtst.so.6
-- Checking for module 'fribidi'
--   Found fribidi, version 1.0.16
-- dynamic libfribidi -> libfribidi.so.0
-- Checking for module 'libthai'
--   Found libthai, version 0.1.29
-- dynamic libthai -> libthai.so.0
-- Checking for module 'libdrm'
--   Found libdrm, version 2.4.133
-- Checking for module 'gbm'
--   Package 'gbm' not found
-- Checking for modules 'wayland-client>=1.18;wayland-egl;wayland-cursor;egl;xkbcommon>=0.5.0'
--   Found wayland-client, version 1.24.0
--   Found wayland-egl, version 18.1.0
--   Found wayland-cursor, version 1.24.0
--   Found egl, version 1.5
--   Found xkbcommon, version 1.11.0
-- dynamic libwayland-client -> libwayland-client.so.0
-- dynamic libwayland-egl -> libwayland-egl.so.1
-- dynamic libwayland-cursor -> libwayland-cursor.so.0
-- dynamic libxkbcommon -> libxkbcommon.so.0
-- Checking for module 'libdecor-0'
--   Package 'libdecor-0' not found
-- dynamic libudev -> libudev.so.1
-- Checking for one of the modules 'ibus-1.0;ibus'
-- Checking for one of the modules 'liburing-ffi'
-- Checking for modules 'libunwind;libunwind-generic'
--   Package 'libunwind' not found
--   Package 'libunwind-generic' not found
-- Checking for module 'libusb-1.0>=1.0.16'
--   Package 'libusb-1.0' not found
-- Could NOT find LibUSB (missing: LibUSB_LIBRARY LibUSB_INCLUDE_PATH) (found version "LibUSB_VERSION-NOTFOUND")
-- 
-- SDL3 was configured with the following options:
-- 
-- Platform: Linux-6.19.8-200.fc43.x86_64
-- 64-bit:   TRUE
-- Compiler: /usr/bin/cc
-- Revision: SDL-3.4.4-harness-pre-reset-2026-09-03-163-gcc005b9206
-- Vendor:   
-- 
-- Subsystems:
--   Audio:    OFF
--   Video:    ON
--   GPU:      ON
--   Render:   OFF
--   Camera:   OFF
--   Joystick: ON
--   Haptic:   ON
--   Hidapi:   ON
--   Power:    OFF
--   Sensor:   OFF
--   Dialog:   ON
--   Tray:     ON
-- 
-- Options:
--   SDL_ALSA                    (Wanted: OFF): OFF
--   SDL_ALSA_SHARED             (Wanted: OFF): OFF
--   SDL_ALTIVEC                 (Wanted: OFF): OFF
--   SDL_ARMNEON                 (Wanted: OFF): OFF
--   SDL_ASAN                    (Wanted: OFF): OFF
--   SDL_ASSEMBLY                (Wanted: ON): ON
--   SDL_ASSERTIONS              (Wanted: auto): auto
--   SDL_AVX                     (Wanted: ON): ON
--   SDL_AVX2                    (Wanted: ON): ON
--   SDL_AVX512F                 (Wanted: ON): ON
--   SDL_BACKGROUNDING_SIGNAL    (Wanted: OFF): OFF
--   SDL_CCACHE                  (Wanted: OFF): OFF
--   SDL_CLANG_TIDY              (Wanted: OFF): OFF
--   SDL_CLOCK_GETTIME           (Wanted: ON): ON
--   SDL_COCOA                   (Wanted: OFF): OFF
--   SDL_DBUS                    (Wanted: ON): ON
--   SDL_DEPS_SHARED             (Wanted: ON): OFF
--   SDL_DIRECTX                 (Wanted: OFF): OFF
--   SDL_DISKAUDIO               (Wanted: OFF): OFF
--   SDL_DLOPEN_NOTES            (Wanted: ON): ON
--   SDL_DUMMYAUDIO              (Wanted: OFF): OFF
--   SDL_DUMMYCAMERA             (Wanted: OFF): OFF
--   SDL_DUMMYVIDEO              (Wanted: ON): ON
--   SDL_EXAMPLES                (Wanted: OFF): OFF
--   SDL_EXAMPLES_LINK_SHARED    (Wanted: ON): OFF
--   SDL_FOREGROUNDING_SIGNAL    (Wanted: OFF): OFF
--   SDL_FRIBIDI                 (Wanted: ON): ON
--   SDL_FRIBIDI_SHARED          (Wanted: ON): ON
--   SDL_GCC_ATOMICS             (Wanted: ON): ON
--   SDL_HIDAPI                  (Wanted: ON): ON
--   SDL_HIDAPI_JOYSTICK         (Wanted: ON): ON
--   SDL_HIDAPI_LIBUSB           (Wanted: ON): OFF
--   SDL_HIDAPI_LIBUSB_SHARED    (Wanted: ON): OFF
--   SDL_IBUS                    (Wanted: ON): OFF
--   SDL_INSTALL                 (Wanted: OFF): OFF
--   SDL_INSTALL_TESTS           (Wanted: OFF): OFF
--   SDL_JACK                    (Wanted: OFF): OFF
--   SDL_JACK_SHARED             (Wanted: OFF): OFF
--   SDL_KMSDRM                  (Wanted: ON): OFF
--   SDL_KMSDRM_SHARED           (Wanted: ON): OFF
--   SDL_LASX                    (Wanted: OFF): OFF
--   SDL_LIBC                    (Wanted: ON): ON
--   SDL_LIBICONV                (Wanted: OFF): OFF
--   SDL_LIBTHAI                 (Wanted: ON): ON
--   SDL_LIBTHAI_SHARED          (Wanted: ON): ON
--   SDL_LIBUDEV                 (Wanted: ON): ON
--   SDL_LIBURING                (Wanted: ON): OFF
--   SDL_LSX                     (Wanted: OFF): OFF
--   SDL_METAL                   (Wanted: OFF): OFF
--   SDL_MMX                     (Wanted: ON): ON
--   SDL_OFFSCREEN               (Wanted: ON): ON
--   SDL_OPENGL                  (Wanted: ON): ON
--   SDL_OPENGLES                (Wanted: ON): ON
--   SDL_OPENVR                  (Wanted: OFF): OFF
--   SDL_OSS                     (Wanted: OFF): OFF
--   SDL_PIPEWIRE                (Wanted: ON): OFF
--   SDL_PIPEWIRE_SHARED         (Wanted: ON): OFF
--   SDL_PTHREADS                (Wanted: ON): ON
--   SDL_PTHREADS_SEM            (Wanted: ON): ON
--   SDL_PULSEAUDIO              (Wanted: OFF): OFF
--   SDL_PULSEAUDIO_SHARED       (Wanted: OFF): OFF
--   SDL_RENDER_D3D              (Wanted: OFF): OFF
--   SDL_RENDER_D3D11            (Wanted: OFF): OFF
--   SDL_RENDER_D3D12            (Wanted: OFF): OFF
--   SDL_RENDER_GPU              (Wanted: OFF): OFF
--   SDL_RENDER_METAL            (Wanted: OFF): OFF
--   SDL_RENDER_VULKAN           (Wanted: OFF): OFF
--   SDL_ROCKCHIP                (Wanted: OFF): OFF
--   SDL_RPATH                   (Wanted: ON): ON
--   SDL_RPI                     (Wanted: OFF): OFF
--   SDL_SNDIO                   (Wanted: OFF): OFF
--   SDL_SNDIO_SHARED            (Wanted: OFF): OFF
--   SDL_SSE                     (Wanted: ON): ON
--   SDL_SSE2                    (Wanted: ON): ON
--   SDL_SSE3                    (Wanted: ON): ON
--   SDL_SSE4_1                  (Wanted: ON): ON
--   SDL_SSE4_2                  (Wanted: ON): ON
--   SDL_SYSTEM_ICONV            (Wanted: ON): ON
--   SDL_TESTS                   (Wanted: OFF): OFF
--   SDL_TESTS_LINK_SHARED       (Wanted: ON): OFF
--   SDL_UNINSTALL               (Wanted: OFF): OFF
--   SDL_VIRTUAL_JOYSTICK        (Wanted: ON): ON
--   SDL_VIVANTE                 (Wanted: OFF): OFF
--   SDL_VULKAN                  (Wanted: ON): ON
--   SDL_WASAPI                  (Wanted: OFF): OFF
--   SDL_WAYLAND                 (Wanted: ON): ON
--   SDL_WAYLAND_LIBDECOR        (Wanted: ON): OFF
--   SDL_WAYLAND_LIBDECOR_SHARED (Wanted: ON): OFF
--   SDL_WAYLAND_SHARED          (Wanted: ON): ON
--   SDL_X11                     (Wanted: ON): ON
--   SDL_X11_SHARED              (Wanted: ON): ON
--   SDL_X11_XCURSOR             (Wanted: ON): ON
--   SDL_X11_XDBE                (Wanted: ON): ON
--   SDL_X11_XFIXES              (Wanted: ON): ON
--   SDL_X11_XINPUT              (Wanted: ON): ON
--   SDL_X11_XRANDR              (Wanted: ON): ON
--   SDL_X11_XSCRNSAVER          (Wanted: OFF): OFF
--   SDL_X11_XSHAPE              (Wanted: ON): ON
--   SDL_X11_XSYNC               (Wanted: ON): ON
--   SDL_X11_XTEST               (Wanted: OFF): OFF
--   SDL_XINPUT                  (Wanted: OFF): OFF
-- 
--  Build Shared Library: ON
--  Build Static Library: OFF
-- 
-- Enabled backends:
--   Video drivers: dummy offscreen wayland(dynamic) x11(dynamic)
--   X11 libraries: xcursor xdbe xfixes xinput2 xrandr xshape xsync
--   Render drivers: ogl ogl_es2
--   GPU drivers: vulkan
--   Audio drivers: dummy
--   Joystick drivers: hidapi linux virtual
--   Camera drivers: dummy
-- 
-- If something was not detected, although the libraries
-- were installed, then make sure you have set the
-- CMAKE_C_FLAGS and CMAKE_PREFIX_PATH CMake variables correctly.
-- 
-- Non-ARM64 architecture detected
CMake Deprecation Warning at third-party/googletest/CMakeLists.txt:4 (cmake_minimum_required):
  Compatibility with CMake < 3.10 will be removed from a future version of
  CMake.

  Update the VERSION argument <min> value.  Or, use the <min>...<max> syntax
  to tell CMake that the project requires at least <min> but has been updated
  to work with policies introduced by <max> or earlier.


CMake Deprecation Warning at third-party/googletest/googlemock/CMakeLists.txt:39 (cmake_minimum_required):
  Compatibility with CMake < 3.10 will be removed from a future version of
  CMake.

  Update the VERSION argument <min> value.  Or, use the <min>...<max> syntax
  to tell CMake that the project requires at least <min> but has been updated
  to work with policies introduced by <max> or earlier.


CMake Deprecation Warning at third-party/googletest/googletest/CMakeLists.txt:49 (cmake_minimum_required):
  Compatibility with CMake < 3.10 will be removed from a future version of
  CMake.

  Update the VERSION argument <min> value.  Or, use the <min>...<max> syntax
  to tell CMake that the project requires at least <min> but has been updated
  to work with policies introduced by <max> or earlier.


CMake Warning (dev) at third-party/draco/CMakeLists.txt:40 (include):
  Policy CMP0148 is not set: The FindPythonInterp and FindPythonLibs modules
  are removed.  Run "cmake --help-policy CMP0148" for policy details.  Use
  the cmake_policy command to set the policy and suppress this warning.

This warning is for project developers.  Use -Wno-dev to suppress it.

--- Running combined CXX flags test, flags: -Wno-deprecated-declarations
--- Passed combined CXX flags test
CMake Deprecation Warning at third-party/discord-rpc/CMakeLists.txt:1 (cmake_minimum_required):
  Compatibility with CMake < 3.10 will be removed from a future version of
  CMake.

  Update the VERSION argument <min> value.  Or, use the <min>...<max> syntax
  to tell CMake that the project requires at least <min> but has been updated
  to work with policies introduced by <max> or earlier.


-- dynamically linking zydis
Enabling CAPSTONE_ARM64_SUPPORT
-- Configuring done (1.8s)
-- Generating done (0.5s)
-- Build files have been written to: /home/emeric/code/jak-project/build
[0/4] Re-checking globbed directories...
[1/20] cd /home/emeric/code/jak-project/build/third-party/discord-rpc && /usr/bin/clang-format -i -style=file -fallback-style=none /home/emeric/code/jak-project/third-party/discord-rpc/include/discord_register.h /home/emeric/code/jak-project/third-party/discord-rpc/include/discord_rpc.h /home/emeric/code/jak-project/third-party/discord-rpc/src/backoff.h /home/emeric/code/jak-project/third-party/discord-rpc/src/connection.h /home/emeric/code/jak-project/third-party/discord-rpc/src/connection_unix.cpp /home/emeric/code/jak-project/third-party/discord-rpc/src/connection_win.cpp /home/emeric/code/jak-project/third-party/discord-rpc/src/discord_register_linux.cpp /home/emeric/code/jak-project/third-party/discord-rpc/src/discord_register_win.cpp /home/emeric/code/jak-project/third-party/discord-rpc/src/discord_rpc.cpp /home/emeric/code/jak-project/third-party/discord-rpc/src/dllmain.cpp /home/emeric/code/jak-project/third-party/discord-rpc/src/msg_queue.h /home/emeric/code/jak-project/third-party/discord-rpc/src/rpc_connection.cpp /home/emeric/code/jak-project/third-party/discord-rpc/src/rpc_connection.h /home/emeric/code/jak-project/third-party/discord-rpc/src/serialization.cpp /home/emeric/code/jak-project/third-party/discord-rpc/src/serialization.h
[2/20] Building C object third-party/SDL/CMakeFiles/SDL3-shared.dir/src/SDL.c.o
[3/20] Linking C shared library third-party/SDL/libSDL3.so.0.4.4
[4/20] Creating library symlink third-party/SDL/libSDL3.so.0 third-party/SDL/libSDL3.so
[5/20] Linking CXX shared library third-party/imgui/libimgui.so
[6/20] Building CXX object common/CMakeFiles/common.dir/versions/versions.cpp.o
[7/20] Building CXX object game/CMakeFiles/runtime.dir/kernel/common/fileio.cpp.o
[8/20] Building CXX object game/CMakeFiles/runtime.dir/kernel/common/klink.cpp.o
[9/20] Linking CXX shared library common/libcommon.so
[10/20] Building CXX object game/CMakeFiles/runtime.dir/system/asset_manifest.cpp.o
[11/20] Building CXX object game/CMakeFiles/runtime.dir/overlord/jak1/fake_iso.cpp.o
[12/20] Building CXX object game/CMakeFiles/runtime.dir/graphics/refset.cpp.o
/home/emeric/code/jak-project/game/graphics/refset.cpp: In lambda function:
/home/emeric/code/jak-project/game/graphics/refset.cpp:1772:23: warning: passing ‘bool’ chooses ‘int’ over ‘unsigned int’ [-Wsign-promo]
 1772 |     add(std::to_string(tune.set));
      |         ~~~~~~~~~~~~~~^~~~~~~~~~
/home/emeric/code/jak-project/game/graphics/refset.cpp:1772:23: warning:   in call to ‘std::string std::__cxx11::to_string(int)’ [-Wsign-promo]
/home/emeric/code/jak-project/game/graphics/refset.cpp: In function ‘bool refset::enabled()’:
/home/emeric/code/jak-project/game/graphics/refset.cpp:2058:18: warning: declaration of ‘v’ shadows a previous local [-Wshadow]
 2058 |       const long v = std::strtol(av, nullptr, 10);
      |                  ^
/home/emeric/code/jak-project/game/graphics/refset.cpp:2007:8: note: shadowed declaration is here
 2007 |   char v[32] = {0};
      |        ^
/home/emeric/code/jak-project/game/graphics/refset.cpp:2067:18: warning: declaration of ‘v’ shadows a previous local [-Wshadow]
 2067 |       const long v = std::strtol(sv, nullptr, 10);
      |                  ^
/home/emeric/code/jak-project/game/graphics/refset.cpp:2007:8: note: shadowed declaration is here
 2007 |   char v[32] = {0};
      |        ^
/home/emeric/code/jak-project/game/graphics/refset.cpp:2202:34: warning: declaration of ‘d’ shadows a previous local [-Wshadow]
 2202 |         int a = 0, b = 0, c = 0, d = 0;
      |                                  ^
/home/emeric/code/jak-project/game/graphics/refset.cpp:2037:8: note: shadowed declaration is here
 2037 |   char d[512] = {0};
      |        ^
/home/emeric/code/jak-project/game/graphics/refset.cpp:2215:27: warning: declaration of ‘d’ shadows a previous local [-Wshadow]
 2215 |         int p = 0, y = 0, d = 0, h = 0;
      |                           ^
/home/emeric/code/jak-project/game/graphics/refset.cpp:2037:8: note: shadowed declaration is here
 2037 |   char d[512] = {0};
      |        ^
[13/20] Building CXX object game/CMakeFiles/runtime.dir/graphics/opengl_renderer/loader/LoaderStages.cpp.o
In file included from /home/emeric/code/jak-project/game/graphics/opengl_renderer/loader/LoaderStages.cpp:10:
/home/emeric/code/jak-project/./common/util/rss_census.h: In function ‘void rss_census::mark(const char*)’:
/home/emeric/code/jak-project/./common/util/rss_census.h:115:34: warning: ‘mallinfo mallinfo()’ is deprecated [-Wdeprecated-declarations]
  115 |     struct mallinfo mi = mallinfo();
      |                          ~~~~~~~~^~
In file included from /home/emeric/code/jak-project/./common/util/rss_census.h:30:
/usr/include/malloc.h:114:24: note: declared here
  114 | extern struct mallinfo mallinfo (void) __THROW __MALLOC_DEPRECATED;
      |                        ^~~~~~~~
[14/20] Building CXX object game/CMakeFiles/runtime.dir/graphics/opengl_renderer/loader/Loader.cpp.o
In file included from /home/emeric/code/jak-project/game/graphics/opengl_renderer/loader/Loader.cpp:25:
/home/emeric/code/jak-project/./common/util/rss_census.h: In function ‘void rss_census::mark(const char*)’:
/home/emeric/code/jak-project/./common/util/rss_census.h:115:34: warning: ‘mallinfo mallinfo()’ is deprecated [-Wdeprecated-declarations]
  115 |     struct mallinfo mi = mallinfo();
      |                          ~~~~~~~~^~
In file included from /home/emeric/code/jak-project/./common/util/rss_census.h:30:
/usr/include/malloc.h:114:24: note: declared here
  114 | extern struct mallinfo mallinfo (void) __THROW __MALLOC_DEPRECATED;
      |                        ^~~~~~~~
[15/20] Building CXX object game/CMakeFiles/runtime.dir/graphics/opengl_renderer/Shader.cpp.o
In file included from /home/emeric/code/jak-project/game/graphics/opengl_renderer/Shader.cpp:8:
/home/emeric/code/jak-project/./common/util/rss_census.h: In function ‘void rss_census::mark(const char*)’:
/home/emeric/code/jak-project/./common/util/rss_census.h:115:34: warning: ‘mallinfo mallinfo()’ is deprecated [-Wdeprecated-declarations]
  115 |     struct mallinfo mi = mallinfo();
      |                          ~~~~~~~~^~
In file included from /home/emeric/code/jak-project/./common/util/rss_census.h:30:
/usr/include/malloc.h:114:24: note: declared here
  114 | extern struct mallinfo mallinfo (void) __THROW __MALLOC_DEPRECATED;
      |                        ^~~~~~~~
[16/20] Linking CXX static library game/libruntime.a
[17/20] Linking CXX executable game/gk
[npc-flicker] garde OK — 47 proprietes tenues
