== TRACEGREEN: arm LEVEL-WARP continue='game-start' ==
  warming to title (link finish: logo, up to 150s)...
  title ~4s
  waiting for LEVEL-WARP to fire (up to 90s)...
  warp fired ~14s
  observing TRACEGREEN for 150s past warp (frame@warp=600)...
   [watch 5/150s] frame=720
   [watch 10/150s] frame=900
   [watch 15/150s] frame=1080
   [watch 20/150s] frame=1200
   [watch 25/150s] frame=1380
   [watch 30/150s] frame=1560
   [watch 35/150s] frame=1680
   [watch 40/150s] frame=1860
   [watch 45/150s] frame=1980
   [watch 50/150s] frame=2160
   [watch 55/150s] frame=2340
   [watch 60/150s] frame=2520
   [watch 65/150s] frame=2640
   [watch 70/150s] frame=2820
   [watch 75/150s] frame=3000
   [watch 80/150s] frame=3120
   [watch 85/150s] frame=3300
   [watch 90/150s] frame=3420
   [watch 95/150s] frame=3600
   [watch 100/150s] frame=3780
   [watch 105/150s] frame=3960
   [watch 110/150s] frame=4080
   [watch 115/150s] frame=4260
   [watch 120/150s] frame=4440
   [watch 125/150s] frame=4620
   [watch 130/150s] frame=4740
   [watch 135/150s] frame=4920
   [watch 140/150s] frame=5040
   [watch 145/150s] frame=5220
   [watch 150/150s] frame=5400
=== zone_warp_device TRACEGREEN (continue=game-start) 2026-07-03T13:09:34+02:00 ===
RESULT zone=TRACEGREEN continue=game-start status=LOADS+RENDERS(frame+4980,foreground)
  warp_fired=1 warp_fail=0 crashed=0
  frame@warp=600 frame@end=5580 advanced=4980 focus_app=yes screencap_bytes=2254203
  sig=none
  gk-diag: none
  pc/lr: none
  adding-level: Adding level village1;Adding level training;
  last link-finish: link finish: training-vis link finish: fuel-cell-victory-3 link finish: fuel-cell-victory-7 link finish: eichar-ambient-4 link finish: fuel-cell-victory-3 link finish: fuel-cell-victory-7 
  a34-fp-walk: none
== TRACEGREEN done: LOADS+RENDERS(frame+4980,foreground) ==
