== SPART2GREEN: arm LEVEL-WARP continue='game-start' ==
  warming to title (link finish: logo, up to 150s)...
  title ~4s
  waiting for LEVEL-WARP to fire (up to 90s)...
  warp fired ~12s
  observing SPART2GREEN for 120s past warp (frame@warp=600)...
   [watch 5/120s] frame=720
   [watch 10/120s] frame=840
   [watch 15/120s] frame=1020
   [watch 20/120s] frame=1200
   [watch 25/120s] frame=1320
   [watch 30/120s] frame=1500
   [watch 35/120s] frame=1680
   [watch 40/120s] frame=1800
   [watch 45/120s] frame=1980
   [watch 50/120s] frame=2160
   [watch 55/120s] frame=2280
   [watch 60/120s] frame=2460
   [watch 65/120s] frame=2640
   [watch 70/120s] frame=2760
   [watch 75/120s] frame=2940
   [watch 80/120s] frame=3120
   [watch 85/120s] frame=3240
   [watch 90/120s] frame=3420
   [watch 95/120s] frame=3600
   [watch 100/120s] frame=3720
   [watch 105/120s] frame=3900
   [watch 110/120s] frame=4020
   [watch 115/120s] frame=4200
   [watch 120/120s] frame=4320
=== zone_warp_device SPART2GREEN (continue=game-start) 2026-07-03T11:28:48+02:00 ===
RESULT zone=SPART2GREEN continue=game-start status=LOADS+RENDERS(frame+3900,foreground)
  warp_fired=1 warp_fail=0 crashed=0
  frame@warp=600 frame@end=4500 advanced=3900 focus_app=yes screencap_bytes=2291488
  sig=none
  gk-diag: none
  pc/lr: none
  adding-level: Adding level village1;Adding level training;
  last link-finish: link finish: warp-gate-switch link finish: warpgate link finish: water-anim-training link finish: training-vis link finish: fuel-cell-victory-3 link finish: fuel-cell-victory-7 
  a34-fp-walk: none
== SPART2GREEN done: LOADS+RENDERS(frame+3900,foreground) ==
