[0/2] Re-checking globbed directories...
[1/6] cd /home/emeric/code/jak-project/build/third-party/discord-rpc && /usr/bin/clang-format -i -style=file -fallback-style=none /home/emeric/code/jak-project/third-party/discord-rpc/include/discord_register.h /home/emeric/code/jak-project/third-party/discord-rpc/include/discord_rpc.h /home/emeric/code/jak-project/third-party/discord-rpc/src/backoff.h /home/emeric/code/jak-project/third-party/discord-rpc/src/connection.h /home/emeric/code/jak-project/third-party/discord-rpc/src/connection_unix.cpp /home/emeric/code/jak-project/third-party/discord-rpc/src/connection_win.cpp /home/emeric/code/jak-project/third-party/discord-rpc/src/discord_register_linux.cpp /home/emeric/code/jak-project/third-party/discord-rpc/src/discord_register_win.cpp /home/emeric/code/jak-project/third-party/discord-rpc/src/discord_rpc.cpp /home/emeric/code/jak-project/third-party/discord-rpc/src/dllmain.cpp /home/emeric/code/jak-project/third-party/discord-rpc/src/msg_queue.h /home/emeric/code/jak-project/third-party/discord-rpc/src/rpc_connection.cpp /home/emeric/code/jak-project/third-party/discord-rpc/src/rpc_connection.h /home/emeric/code/jak-project/third-party/discord-rpc/src/serialization.cpp /home/emeric/code/jak-project/third-party/discord-rpc/src/serialization.h
[2/6] Building CXX object game/CMakeFiles/runtime.dir/graphics/refset.cpp.o
/home/emeric/code/jak-project/game/graphics/refset.cpp: In lambda function:
/home/emeric/code/jak-project/game/graphics/refset.cpp:1848:23: warning: passing ‘bool’ chooses ‘int’ over ‘unsigned int’ [-Wsign-promo]
 1848 |     add(std::to_string(tune.set));
      |         ~~~~~~~~~~~~~~^~~~~~~~~~
/home/emeric/code/jak-project/game/graphics/refset.cpp:1848:23: warning:   in call to ‘std::string std::__cxx11::to_string(int)’ [-Wsign-promo]
/home/emeric/code/jak-project/game/graphics/refset.cpp: In function ‘bool refset::enabled()’:
/home/emeric/code/jak-project/game/graphics/refset.cpp:2154:18: warning: declaration of ‘v’ shadows a previous local [-Wshadow]
 2154 |       const long v = std::strtol(av, nullptr, 10);
      |                  ^
/home/emeric/code/jak-project/game/graphics/refset.cpp:2083:8: note: shadowed declaration is here
 2083 |   char v[32] = {0};
      |        ^
/home/emeric/code/jak-project/game/graphics/refset.cpp:2163:18: warning: declaration of ‘v’ shadows a previous local [-Wshadow]
 2163 |       const long v = std::strtol(sv, nullptr, 10);
      |                  ^
/home/emeric/code/jak-project/game/graphics/refset.cpp:2083:8: note: shadowed declaration is here
 2083 |   char v[32] = {0};
      |        ^
/home/emeric/code/jak-project/game/graphics/refset.cpp:2298:34: warning: declaration of ‘d’ shadows a previous local [-Wshadow]
 2298 |         int a = 0, b = 0, c = 0, d = 0;
      |                                  ^
/home/emeric/code/jak-project/game/graphics/refset.cpp:2133:8: note: shadowed declaration is here
 2133 |   char d[512] = {0};
      |        ^
/home/emeric/code/jak-project/game/graphics/refset.cpp:2311:27: warning: declaration of ‘d’ shadows a previous local [-Wshadow]
 2311 |         int p = 0, y = 0, d = 0, h = 0;
      |                           ^
/home/emeric/code/jak-project/game/graphics/refset.cpp:2133:8: note: shadowed declaration is here
 2133 |   char d[512] = {0};
      |        ^
[3/6] Building CXX object game/CMakeFiles/runtime.dir/kernel/jak1/kmachine.cpp.o
In file included from /home/emeric/code/jak-project/game/kernel/jak1/kmachine.cpp:58:
/home/emeric/code/jak-project/./game/kernel/common/ksocket.h:22:5: warning: redundant redeclaration of ‘u32 ReceiveToBuffer(char*)’ in same scope [-Wredundant-decls]
   22 | u32 ReceiveToBuffer(char* buff);
      |     ^~~~~~~~~~~~~~~
/home/emeric/code/jak-project/./game/kernel/common/ksocket.h:14:5: note: previous declaration of ‘u32 ReceiveToBuffer(char*)’
   14 | u32 ReceiveToBuffer(char* buff);
      |     ^~~~~~~~~~~~~~~
/home/emeric/code/jak-project/game/kernel/jak1/kmachine.cpp: In function ‘u64 jak1::f1_warp_run()’:
/home/emeric/code/jak-project/game/kernel/jak1/kmachine.cpp:6190:8: warning: unused variable ‘cont_buf’ [-Wunused-variable]
 6190 |   char cont_buf[128] = {0};
      |        ^~~~~~~~
/home/emeric/code/jak-project/game/kernel/jak1/kmachine.cpp: In function ‘bool jak1::want_prop_requested(const char*, const char*, char*, size_t)’:
/home/emeric/code/jak-project/game/kernel/jak1/kmachine.cpp:6984:62: warning: unused parameter ‘prop’ [-Wunused-parameter]
 6984 | static bool want_prop_requested(const char* env, const char* prop, char* out, size_t out_sz) {
      |                                                  ~~~~~~~~~~~~^~~~
/home/emeric/code/jak-project/game/kernel/jak1/kmachine.cpp: In function ‘bool jak1::phys_room_requested(const char*, const char*, char*, size_t)’:
/home/emeric/code/jak-project/game/kernel/jak1/kmachine.cpp:7168:62: warning: unused parameter ‘prop’ [-Wunused-parameter]
 7168 | static bool phys_room_requested(const char* env, const char* prop, char* out, size_t out_sz) {
      |                                                  ~~~~~~~~~~~~^~~~
In file included from /home/emeric/code/jak-project/game/kernel/jak1/kmachine.cpp:25:
/home/emeric/code/jak-project/./common/symbols.h: In function ‘constexpr int true_symbol_offset(GameVersion)’:
/home/emeric/code/jak-project/./common/symbols.h:514:1: warning: control reaches end of non-void function [-Wreturn-type]
  514 | }
      | ^
[4/6] Linking CXX static library game/libruntime.a
[5/6] Linking CXX executable game/gk
[npc-flicker] garde OK — 47 proprietes tenues
