
warning: Can't open file anon_inode:i915.gem during file-backed mapping note processing
[New LWP 3101110]
[New LWP 3101112]
[New LWP 3101111]
[New LWP 3101114]
[New LWP 3101127]
[New LWP 3101113]
[New LWP 3101125]
[New LWP 3101131]
[New LWP 3101133]
[New LWP 3101132]
[New LWP 3101147]
[New LWP 3101128]
[New LWP 3101146]
[New LWP 3101157]
[New LWP 3101148]
[New LWP 3101149]
[New LWP 3101150]

This GDB supports auto-downloading debuginfo from the following URLs:
  <ima:enforcing>
  <https://debuginfod.fedoraproject.org/>
  <ima:ignore>
Enable debuginfod for this session? (y or [n]) [answered N; input not from terminal]
Debuginfod has been disabled.
To make this setting permanent, add 'set debuginfod enabled off' to .gdbinit.
[Thread debugging using libthread_db enabled]
Using host libthread_db library "/lib64/libthread_db.so.1".
Core was generated by `build/game/gk --game jak1 --portable -fakeiso --verbose --disable-ansi -iso-data out/jak1/iso -- -boot -debug-mem'.
Program terminated with signal SIGSEGV, Segmentation fault.
#0  0x000000000097a85b in std::_Hashtable<unsigned long, std::pair<unsigned long const, TfragAlphaUniforms>, std::allocator<std::pair<unsigned long const, TfragAlphaUniforms> >, std::__detail::_Select1st, std::equal_to<unsigned long>, std::hash<unsigned long>, std::__detail::_Mod_range_hashing, std::__detail::_Default_ranged_hash, std::__detail::_Prime_rehash_policy, std::__detail::_Hashtable_traits<false, false, true> >::_M_find_before_node (this=0xca6120 <tfrag_alpha_uniforms(unsigned long)::cache>, __bkt=1, __k=<optimized out>, __code=27) at /usr/include/c++/15/bits/hashtable.h:2209
2209	      for (__node_ptr __p = static_cast<__node_ptr>(__prev_p->_M_nxt);;
[Current thread is 1 (Thread 0x7f2b98948d40 (LWP 3101110))]
#0  0x000000000097a85b in std::_Hashtable<unsigned long, std::pair<unsigned long const, TfragAlphaUniforms>, std::allocator<std::pair<unsigned long const, TfragAlphaUniforms> >, std::__detail::_Select1st, std::equal_to<unsigned long>, std::hash<unsigned long>, std::__detail::_Mod_range_hashing, std::__detail::_Default_ranged_hash, std::__detail::_Prime_rehash_policy, std::__detail::_Hashtable_traits<false, false, true> >::_M_find_before_node (this=0xca6120 <tfrag_alpha_uniforms(unsigned long)::cache>, __bkt=1, __k=<optimized out>, __code=27) at /usr/include/c++/15/bits/hashtable.h:2209
#1  std::_Hashtable<unsigned long, std::pair<unsigned long const, TfragAlphaUniforms>, std::allocator<std::pair<unsigned long const, TfragAlphaUniforms> >, std::__detail::_Select1st, std::equal_to<unsigned long>, std::hash<unsigned long>, std::__detail::_Mod_range_hashing, std::__detail::_Default_ranged_hash, std::__detail::_Prime_rehash_policy, std::__detail::_Hashtable_traits<false, false, true> >::_M_locate (__k=<synthetic pointer>: 27, this=0xca6120 <tfrag_alpha_uniforms(unsigned long)::cache>) at /usr/include/c++/15/bits/hashtable.h:2283
#2  std::_Hashtable<unsigned long, std::pair<unsigned long const, TfragAlphaUniforms>, std::allocator<std::pair<unsigned long const, TfragAlphaUniforms> >, std::__detail::_Select1st, std::equal_to<unsigned long>, std::hash<unsigned long>, std::__detail::_Mod_range_hashing, std::__detail::_Default_ranged_hash, std::__detail::_Prime_rehash_policy, std::__detail::_Hashtable_traits<false, false, true> >::find (this=0xca6120 <tfrag_alpha_uniforms(unsigned long)::cache>, __k=<synthetic pointer>: 27) at /usr/include/c++/15/bits/hashtable.h:1918
#3  std::unordered_map<unsigned long, TfragAlphaUniforms, std::hash<unsigned long>, std::equal_to<unsigned long>, std::allocator<std::pair<unsigned long const, TfragAlphaUniforms> > >::find (this=0xca6120 <tfrag_alpha_uniforms(unsigned long)::cache>, __x=<synthetic pointer>: 27) at /usr/include/c++/15/bits/unordered_map.h:947
#4  tfrag_alpha_uniforms (program=27) at /home/emeric/code/jak-project/game/graphics/opengl_renderer/background/background_common.cpp:314
#5  0x000000000097abcd in setup_tfrag_shader (render_state=0x2eb78fb8, mode=..., shader=ShaderId::TFRAG3) at /home/emeric/code/jak-project/game/graphics/opengl_renderer/background/background_common.cpp:326
#6  setup_tfrag_shader_cached (render_state=0x2eb78fb8, mode=..., shader=shader@entry=ShaderId::TFRAG3, bound_tex=bound_tex@entry=477, cache=...) at /home/emeric/code/jak-project/game/graphics/opengl_renderer/background/background_common.cpp:370
#7  0x00000000009988c4 in TFragment::render_tree (this=this@entry=0x319b1800, geom=geom@entry=0, settings=..., render_state=<optimized out>, render_state@entry=0x2eb78fb8, prof=...) at /home/emeric/code/jak-project/game/graphics/opengl_renderer/background/TFragment.cpp:1375
#8  0x000000000099aec5 in TFragment::render_matching_trees (this=this@entry=0x319b1800, geom=0, trees=std::vector of length 2, capacity 2 = {...}, settings=..., render_state=render_state@entry=0x2eb78fb8, prof=...) at /home/emeric/code/jak-project/game/graphics/opengl_renderer/background/TFragment.cpp:1502
#9  0x000000000099ee0b in TFragment::render (this=0x319b1800, dma=..., render_state=0x2eb78fb8, prof=...) at /home/emeric/code/jak-project/game/graphics/opengl_renderer/background/TFragment.h:80
#10 0x00000000007bffaf in OpenGLRenderer::dispatch_buckets_jak1 (this=this@entry=0x2eb78fb8, dma=..., prof=..., sync_after_buckets=sync_after_buckets@entry=false) at /home/emeric/code/jak-project/game/graphics/opengl_renderer/OpenGLRenderer.cpp:1723
#11 0x00000000007c1317 in OpenGLRenderer::dispatch_buckets (this=this@entry=0x2eb78fb8, dma=..., prof=..., sync_after_buckets=<optimized out>) at /home/emeric/code/jak-project/game/graphics/opengl_renderer/OpenGLRenderer.cpp:1920
#12 0x00000000007c3811 in OpenGLRenderer::render (this=0x2eb78fb8, dma=..., settings=...) at /home/emeric/code/jak-project/game/graphics/opengl_renderer/OpenGLRenderer.cpp:1169
#13 0x000000000050f783 in render_game_frame (game_width=<optimized out>, game_height=<optimized out>, window_fb_width=<optimized out>, window_fb_height=<optimized out>, draw_region_width=<optimized out>, draw_region_height=<optimized out>, msaa_samples=<optimized out>, brightness_contrast_color=<optimized out>, brightness_contrast_alpha=<optimized out>, take_screenshot=<optimized out>) at /home/emeric/code/jak-project/game/graphics/pipelines/opengl.cpp:711
#14 0x0000000000510bce in GLDisplay::render (this=0x3105c5a0) at /home/emeric/code/jak-project/game/graphics/pipelines/opengl.cpp:859
#15 0x000000000050d0f0 in Gfx::Loop (f=...) at /home/emeric/code/jak-project/game/graphics/gfx.cpp:125
#16 0x00000000004f2455 in exec_runtime (game_options=..., argc=argc@entry=4, argv=argv@entry=0x2e7bf360) at /home/emeric/code/jak-project/game/runtime.cpp:468
#17 0x00000000004959fc in goal_main (argc=<optimized out>, argv=<optimized out>) at /home/emeric/code/jak-project/game/main.cpp:725
