
warning: Can't open file anon_inode:i915.gem during file-backed mapping note processing
[New LWP 3101110]
[New LWP 3101112]
[New LWP 3101111]
[New LWP 3101114]
[New LWP 3101127]
[New LWP 3101113]
[New LWP 3101125]
[New LWP 3101131]
[New LWP 3101133]
[New LWP 3101132]
[New LWP 3101147]
[New LWP 3101128]
[New LWP 3101146]
[New LWP 3101157]
[New LWP 3101148]
[New LWP 3101149]
[New LWP 3101150]

This GDB supports auto-downloading debuginfo from the following URLs:
  <ima:enforcing>
  <https://debuginfod.fedoraproject.org/>
  <ima:ignore>
Enable debuginfod for this session? (y or [n]) [answered N; input not from terminal]
Debuginfod has been disabled.
To make this setting permanent, add 'set debuginfod enabled off' to .gdbinit.
[Thread debugging using libthread_db enabled]
Using host libthread_db library "/lib64/libthread_db.so.1".
Core was generated by `build/game/gk --game jak1 --portable -fakeiso --verbose --disable-ansi -iso-data out/jak1/iso -- -boot -debug-mem'.
Program terminated with signal SIGSEGV, Segmentation fault.
#0  0x000000000097a85b in std::_Hashtable<unsigned long, std::pair<unsigned long const, TfragAlphaUniforms>, std::allocator<std::pair<unsigned long const, TfragAlphaUniforms> >, std::__detail::_Select1st, std::equal_to<unsigned long>, std::hash<unsigned long>, std::__detail::_Mod_range_hashing, std::__detail::_Default_ranged_hash, std::__detail::_Prime_rehash_policy, std::__detail::_Hashtable_traits<false, false, true> >::_M_find_before_node (this=0xca6120 <tfrag_alpha_uniforms(unsigned long)::cache>, __bkt=1, __k=<optimized out>, __code=27) at /usr/include/c++/15/bits/hashtable.h:2209
2209	      for (__node_ptr __p = static_cast<__node_ptr>(__prev_p->_M_nxt);;
[Current thread is 1 (Thread 0x7f2b98948d40 (LWP 3101110))]

Thread 17 (Thread 0x7f2b667fc6c0 (LWP 3101150)):
#0  0x00007f2b97592902 in __syscall_cancel_arch () from /lib64/libc.so.6
#1  0x00007f2b97586b9c in __internal_syscall_cancel () from /lib64/libc.so.6
#2  0x00007f2b97586be4 in __syscall_cancel () from /lib64/libc.so.6
#3  0x00007f2b9760015e in poll () from /lib64/libc.so.6
#4  0x00007f2b6db75f88 in poll_func () from /lib64/libpulse.so.0
#5  0x00007f2b6db5f741 in pa_mainloop_poll () from /lib64/libpulse.so.0
#6  0x00007f2b6db69fc1 in pa_mainloop_iterate () from /lib64/libpulse.so.0
#7  0x00007f2b6db6a080 in pa_mainloop_run () from /lib64/libpulse.so.0

Thread 16 (Thread 0x7f2b66ffd6c0 (LWP 3101149)):
#0  tfrag3::(anonymous namespace)::FwLexicon::~FwLexicon (this=0x7f2b984c2c80 <tfrag3::(anonymous namespace)::fw_veg_protos()::s_lex>) at /usr/include/c++/15/bits/basic_string.h:238
#1  0x00007f2b975349e1 in __run_exit_handlers () from /lib64/libc.so.6
#2  0x00007f2b97534abe in exit () from /lib64/libc.so.6
#3  0x00000000006e5ea0 in refset::(anonymous namespace)::require_loaded_state (frame=1501, point=point@entry=0xa59ea0 "arrival-deadline") at /home/emeric/code/jak-project/game/graphics/refset.cpp:656
#4  0x00000000006f080d in refset::tick () at /home/emeric/code/jak-project/game/graphics/refset.cpp:2723
#5  0x00000000004fe4d5 in pad_replay::on_cpad_read (controller_number=<optimized out>, button0=button0@entry=0x21234e9976, leftx=leftx@entry=0x21234e997a "\177\177", lefty=lefty@entry=0x21234e997b "\177", rightx=rightx@entry=0x21234e9978 "\177\177\177\177", righty=righty@entry=0x21234e9979 "\177\177\177") at /home/emeric/code/jak-project/game/system/pad_replay.cpp:365
#6  0x000000000053b54c in CPadGetData (cpad_info=5151092) at /home/emeric/code/jak-project/game/kernel/common/kmachine.cpp:294
#7  0x000000000080a26d in _arg_call_systemv ()

Thread 15 (Thread 0x7f2b677fe6c0 (LWP 3101148)):
#0  0x00007f2b97592902 in __syscall_cancel_arch () from /lib64/libc.so.6
#1  0x00007f2b97586b9c in __internal_syscall_cancel () from /lib64/libc.so.6
#2  0x00007f2b975d6b22 in clock_nanosleep@GLIBC_2.2.5 () from /lib64/libc.so.6
#3  0x00007f2b975e2af7 in nanosleep () from /lib64/libc.so.6
#4  0x00000000004f1a48 in std::this_thread::sleep_for<long, std::ratio<1l, 1000l> > (__rtime=...) at /usr/include/c++/15/bits/this_thread_sleep.h:82
#5  (anonymous namespace)::ee_worker_runner (iface=...) at /home/emeric/code/jak-project/game/runtime.cpp:278
#6  0x0000000000507815 in std::function<void(SystemThreadInterface&)>::operator() (this=0x7fffae663c18, __args#0=...) at /usr/include/c++/15/bits/std_function.h:593
#7  bootstrap_thread_func (x=0x7fffae663be8) at /home/emeric/code/jak-project/game/system/SystemThread.cpp:108

Thread 14 (Thread 0x7f2b6d7ee6c0 (LWP 3101157)):
#0  0x00007f2b97592902 in __syscall_cancel_arch () from /lib64/libc.so.6
#1  0x00007f2b97586b9c in __internal_syscall_cancel () from /lib64/libc.so.6
#2  0x00007f2b97586be4 in __syscall_cancel () from /lib64/libc.so.6
#3  0x00007f2b9760ad81 in select () from /lib64/libc.so.6
#4  0x00007f2b980eee88 in select_and_accept_socket (socket=19, addr=addr@entry=0x7f2b67ffebac, addrLen=addrLen@entry=0x7f2b6d7edcf4, microSeconds=microSeconds@entry=100000) at /home/emeric/code/jak-project/common/cross_sockets/XSocket.cpp:62
#5  0x00000000004fc5ae in Deci2Server::accept_thread_func (this=0x7f2b67ffeba0) at /home/emeric/code/jak-project/game/system/Deci2Server.cpp:50
#6  0x00007f2b9784e424 in execute_native_thread_routine () from /lib64/libstdc++.so.6
#7  0x00007f2b9758a3c4 in start_thread () from /lib64/libc.so.6

Thread 13 (Thread 0x7f2b6cce56c0 (LWP 3101146)):
#0  0x00007f2b97592902 in __syscall_cancel_arch () from /lib64/libc.so.6
#1  0x00007f2b97586b9c in __internal_syscall_cancel () from /lib64/libc.so.6
#2  0x00007f2b9758720c in __futex_abstimed_wait_common () from /lib64/libc.so.6
#3  0x00007f2b97589d12 in pthread_cond_clockwait@GLIBC_2.30 () from /lib64/libc.so.6
#4  0x0000000000506cc3 in std::__condvar::wait_until (this=0x7f2b6cce4c48, __m=..., __clock=1, __abs_time=...) at /usr/include/c++/15/bits/std_mutex.h:187
#5  std::condition_variable::__wait_until_impl<std::chrono::duration<long, std::ratio<1l, 1000000l> > > (__lock=<synthetic pointer>..., this=0x7f2b6cce4c48, __atime=Python Exception <class 'gdb.error'>: value has been optimized out
<synthetic pointer>) at /usr/include/c++/15/condition_variable:205
#6  std::condition_variable::wait_until<std::chrono::duration<long, std::ratio<1l, 1000000l> > > (this=0x7f2b6cce4c48, __lock=<synthetic pointer>..., __atime=Python Exception <class 'gdb.error'>: value has been optimized out
<synthetic pointer>) at /usr/include/c++/15/condition_variable:115
#7  IOP::wait_run_iop (this=this@entry=0x7f2b6cce47f0, wakeup=...) at /home/emeric/code/jak-project/game/system/iop_thread.cpp:64

Thread 12 (Thread 0x7f2b78e2a6c0 (LWP 3101128)):
#0  0x00007f2b97592902 in __syscall_cancel_arch () from /lib64/libc.so.6
#1  0x00007f2b97586b9c in __internal_syscall_cancel () from /lib64/libc.so.6
#2  0x00007f2b9758720c in __futex_abstimed_wait_common () from /lib64/libc.so.6
#3  0x00007f2b975898de in pthread_cond_wait@@GLIBC_2.3.2 () from /lib64/libc.so.6
#4  0x00007f2b82bc46ed in cnd_wait () from /lib64/libgallium-25.3.6.so
#5  0x00007f2b82b7a17c in util_queue_thread_func () from /lib64/libgallium-25.3.6.so
#6  0x00007f2b82bc461c in impl_thrd_routine () from /lib64/libgallium-25.3.6.so
#7  0x00007f2b9758a3c4 in start_thread () from /lib64/libc.so.6

Thread 11 (Thread 0x7f2b67fff6c0 (LWP 3101147)):
#0  0x00007f2b97592902 in __syscall_cancel_arch () from /lib64/libc.so.6
#1  0x00007f2b97586b9c in __internal_syscall_cancel () from /lib64/libc.so.6
#2  0x00007f2b975d6b22 in clock_nanosleep@GLIBC_2.2.5 () from /lib64/libc.so.6
#3  0x00007f2b975e2af7 in nanosleep () from /lib64/libc.so.6
#4  0x00000000004f28b0 in std::this_thread::sleep_for<long, std::ratio<1l, 1000000l> > (__rtime=...) at /usr/include/c++/15/bits/this_thread_sleep.h:82
#5  (anonymous namespace)::deci2_runner (iface=...) at /home/emeric/code/jak-project/game/runtime.cpp:139
#6  0x0000000000507815 in std::function<void(SystemThreadInterface&)>::operator() (this=0x7fffae663960, __args#0=...) at /usr/include/c++/15/bits/std_function.h:593
#7  bootstrap_thread_func (x=0x7fffae663930) at /home/emeric/code/jak-project/game/system/SystemThread.cpp:108

Thread 10 (Thread 0x7f2b737fe6c0 (LWP 3101132)):
#0  0x00007f2b97592902 in __syscall_cancel_arch () from /lib64/libc.so.6
#1  0x00007f2b97586b9c in __internal_syscall_cancel () from /lib64/libc.so.6
#2  0x00007f2b9758720c in __futex_abstimed_wait_common () from /lib64/libc.so.6
#3  0x00007f2b975898de in pthread_cond_wait@@GLIBC_2.3.2 () from /lib64/libc.so.6
#4  0x00007f2b82bc46ed in cnd_wait () from /lib64/libgallium-25.3.6.so
#5  0x00007f2b82b7a17c in util_queue_thread_func () from /lib64/libgallium-25.3.6.so
#6  0x00007f2b82bc461c in impl_thrd_routine () from /lib64/libgallium-25.3.6.so
#7  0x00007f2b9758a3c4 in start_thread () from /lib64/libc.so.6

Thread 9 (Thread 0x7f2b72ffd6c0 (LWP 3101133)):
#0  0x00007f2b97592902 in __syscall_cancel_arch () from /lib64/libc.so.6
#1  0x00007f2b97586b9c in __internal_syscall_cancel () from /lib64/libc.so.6
#2  0x00007f2b9758720c in __futex_abstimed_wait_common () from /lib64/libc.so.6
#3  0x00007f2b975898de in pthread_cond_wait@@GLIBC_2.3.2 () from /lib64/libc.so.6
#4  0x00007f2b97844e00 in std::condition_variable::wait(std::unique_lock<std::mutex>&) () from /lib64/libstdc++.so.6
#5  0x000000000074fb7e in std::condition_variable::wait<Loader::loader_thread()::<lambda()> > (this=0x2ecc3080, __lock=..., __p=...) at /usr/include/c++/15/condition_variable:107
#6  Loader::loader_thread (this=<optimized out>) at /home/emeric/code/jak-project/game/graphics/opengl_renderer/loader/Loader.cpp:652
#7  0x00007f2b9784e424 in execute_native_thread_routine () from /lib64/libstdc++.so.6

Thread 8 (Thread 0x7f2b73fff6c0 (LWP 3101131)):
#0  0x00007f2b97592902 in __syscall_cancel_arch () from /lib64/libc.so.6
#1  0x00007f2b97586b9c in __internal_syscall_cancel () from /lib64/libc.so.6
#2  0x00007f2b9758720c in __futex_abstimed_wait_common () from /lib64/libc.so.6
#3  0x00007f2b975898de in pthread_cond_wait@@GLIBC_2.3.2 () from /lib64/libc.so.6
#4  0x00007f2b82bc46ed in cnd_wait () from /lib64/libgallium-25.3.6.so
#5  0x00007f2b82b7a17c in util_queue_thread_func () from /lib64/libgallium-25.3.6.so
#6  0x00007f2b82bc461c in impl_thrd_routine () from /lib64/libgallium-25.3.6.so
#7  0x00007f2b9758a3c4 in start_thread () from /lib64/libc.so.6

Thread 7 (Thread 0x7f2b8627a6c0 (LWP 3101125)):
#0  0x00007f2b97592902 in __syscall_cancel_arch () from /lib64/libc.so.6
#1  0x00007f2b97586b9c in __internal_syscall_cancel () from /lib64/libc.so.6
#2  0x00007f2b9758720c in __futex_abstimed_wait_common () from /lib64/libc.so.6
#3  0x00007f2b97589d12 in pthread_cond_clockwait@GLIBC_2.30 () from /lib64/libc.so.6
#4  0x00007f2b985b83e1 in std::__condvar::wait_until (this=0x2e7dabd0, __m=..., __clock=1, __abs_time=...) at /usr/include/c++/15/bits/std_mutex.h:187
#5  std::condition_variable::__wait_until_impl<std::chrono::duration<long, std::ratio<1l, 1000000000l> > > (__lock=<synthetic pointer>..., this=0x2e7dabd0, __atime=...) at /usr/include/c++/15/condition_variable:205
#6  std::condition_variable::wait_until<std::chrono::duration<long, std::ratio<1l, 1000000000l> > > (this=0x2e7dabd0, __lock=<synthetic pointer>..., __atime=...) at /usr/include/c++/15/condition_variable:115
#7  std::condition_variable::wait_for<long, std::ratio<1l, 1000l> > (__rtime=<synthetic pointer>std::chrono::duration = { <optimized out>ms }, this=0x2e7dabd0, __lock=<synthetic pointer>...) at /usr/include/c++/15/condition_variable:167

Thread 6 (Thread 0x7f2b8727c6c0 (LWP 3101113)):
#0  0x00007f2b97592902 in __syscall_cancel_arch () from /lib64/libc.so.6
#1  0x00007f2b97586b9c in __internal_syscall_cancel () from /lib64/libc.so.6
#2  0x00007f2b9758720c in __futex_abstimed_wait_common () from /lib64/libc.so.6
#3  0x00007f2b975898de in pthread_cond_wait@@GLIBC_2.3.2 () from /lib64/libc.so.6
#4  0x00007f2b97844e00 in std::condition_variable::wait(std::unique_lock<std::mutex>&) () from /lib64/libstdc++.so.6
#5  0x0000000000603f13 in std::condition_variable::wait<BS::thread_pool::worker()::{lambda()#1}>(std::unique_lock<std::mutex>&, BS::thread_pool::worker()::{lambda()#1}) (this=0xc0d3c8 <thpool+8>, __lock=..., __p=...) at /usr/include/c++/15/condition_variable:107
#6  BS::thread_pool::worker (this=0xc0d3c0 <thpool>) at /home/emeric/code/jak-project/./third-party/BS_thread_pool.hpp:628
#7  0x00007f2b9784e424 in execute_native_thread_routine () from /lib64/libstdc++.so.6

Thread 5 (Thread 0x7f2b7962b6c0 (LWP 3101127)):
#0  0x00007f2b97592902 in __syscall_cancel_arch () from /lib64/libc.so.6
#1  0x00007f2b97586b9c in __internal_syscall_cancel () from /lib64/libc.so.6
#2  0x00007f2b9758720c in __futex_abstimed_wait_common () from /lib64/libc.so.6
#3  0x00007f2b975898de in pthread_cond_wait@@GLIBC_2.3.2 () from /lib64/libc.so.6
#4  0x00007f2b82bc46ed in cnd_wait () from /lib64/libgallium-25.3.6.so
#5  0x00007f2b82b7a17c in util_queue_thread_func () from /lib64/libgallium-25.3.6.so
#6  0x00007f2b82bc461c in impl_thrd_routine () from /lib64/libgallium-25.3.6.so
#7  0x00007f2b9758a3c4 in start_thread () from /lib64/libc.so.6

Thread 4 (Thread 0x7f2b86a7b6c0 (LWP 3101114)):
#0  0x00007f2b97592902 in __syscall_cancel_arch () from /lib64/libc.so.6
#1  0x00007f2b97586b9c in __internal_syscall_cancel () from /lib64/libc.so.6
#2  0x00007f2b9758720c in __futex_abstimed_wait_common () from /lib64/libc.so.6
#3  0x00007f2b975898de in pthread_cond_wait@@GLIBC_2.3.2 () from /lib64/libc.so.6
#4  0x00007f2b97844e00 in std::condition_variable::wait(std::unique_lock<std::mutex>&) () from /lib64/libstdc++.so.6
#5  0x0000000000603f13 in std::condition_variable::wait<BS::thread_pool::worker()::{lambda()#1}>(std::unique_lock<std::mutex>&, BS::thread_pool::worker()::{lambda()#1}) (this=0xc0d3c8 <thpool+8>, __lock=..., __p=...) at /usr/include/c++/15/condition_variable:107
#6  BS::thread_pool::worker (this=0xc0d3c0 <thpool>) at /home/emeric/code/jak-project/./third-party/BS_thread_pool.hpp:628
#7  0x00007f2b9784e424 in execute_native_thread_routine () from /lib64/libstdc++.so.6

Thread 3 (Thread 0x7f2b8827e6c0 (LWP 3101111)):
#0  0x00007f2b97592902 in __syscall_cancel_arch () from /lib64/libc.so.6
#1  0x00007f2b97586b9c in __internal_syscall_cancel () from /lib64/libc.so.6
#2  0x00007f2b9758720c in __futex_abstimed_wait_common () from /lib64/libc.so.6
#3  0x00007f2b975898de in pthread_cond_wait@@GLIBC_2.3.2 () from /lib64/libc.so.6
#4  0x00007f2b97844e00 in std::condition_variable::wait(std::unique_lock<std::mutex>&) () from /lib64/libstdc++.so.6
#5  0x0000000000603f13 in std::condition_variable::wait<BS::thread_pool::worker()::{lambda()#1}>(std::unique_lock<std::mutex>&, BS::thread_pool::worker()::{lambda()#1}) (this=0xc0d3c8 <thpool+8>, __lock=..., __p=...) at /usr/include/c++/15/condition_variable:107
#6  BS::thread_pool::worker (this=0xc0d3c0 <thpool>) at /home/emeric/code/jak-project/./third-party/BS_thread_pool.hpp:628
#7  0x00007f2b9784e424 in execute_native_thread_routine () from /lib64/libstdc++.so.6

Thread 2 (Thread 0x7f2b87a7d6c0 (LWP 3101112)):
#0  0x00007f2b97592902 in __syscall_cancel_arch () from /lib64/libc.so.6
#1  0x00007f2b97586b9c in __internal_syscall_cancel () from /lib64/libc.so.6
#2  0x00007f2b9758720c in __futex_abstimed_wait_common () from /lib64/libc.so.6
#3  0x00007f2b975898de in pthread_cond_wait@@GLIBC_2.3.2 () from /lib64/libc.so.6
#4  0x00007f2b97844e00 in std::condition_variable::wait(std::unique_lock<std::mutex>&) () from /lib64/libstdc++.so.6
#5  0x0000000000603f13 in std::condition_variable::wait<BS::thread_pool::worker()::{lambda()#1}>(std::unique_lock<std::mutex>&, BS::thread_pool::worker()::{lambda()#1}) (this=0xc0d3c8 <thpool+8>, __lock=..., __p=...) at /usr/include/c++/15/condition_variable:107
#6  BS::thread_pool::worker (this=0xc0d3c0 <thpool>) at /home/emeric/code/jak-project/./third-party/BS_thread_pool.hpp:628
#7  0x00007f2b9784e424 in execute_native_thread_routine () from /lib64/libstdc++.so.6

Thread 1 (Thread 0x7f2b98948d40 (LWP 3101110)):
#0  0x000000000097a85b in std::_Hashtable<unsigned long, std::pair<unsigned long const, TfragAlphaUniforms>, std::allocator<std::pair<unsigned long const, TfragAlphaUniforms> >, std::__detail::_Select1st, std::equal_to<unsigned long>, std::hash<unsigned long>, std::__detail::_Mod_range_hashing, std::__detail::_Default_ranged_hash, std::__detail::_Prime_rehash_policy, std::__detail::_Hashtable_traits<false, false, true> >::_M_find_before_node (this=0xca6120 <tfrag_alpha_uniforms(unsigned long)::cache>, __bkt=1, __k=<optimized out>, __code=27) at /usr/include/c++/15/bits/hashtable.h:2209
#1  std::_Hashtable<unsigned long, std::pair<unsigned long const, TfragAlphaUniforms>, std::allocator<std::pair<unsigned long const, TfragAlphaUniforms> >, std::__detail::_Select1st, std::equal_to<unsigned long>, std::hash<unsigned long>, std::__detail::_Mod_range_hashing, std::__detail::_Default_ranged_hash, std::__detail::_Prime_rehash_policy, std::__detail::_Hashtable_traits<false, false, true> >::_M_locate (__k=<synthetic pointer>: 27, this=0xca6120 <tfrag_alpha_uniforms(unsigned long)::cache>) at /usr/include/c++/15/bits/hashtable.h:2283
#2  std::_Hashtable<unsigned long, std::pair<unsigned long const, TfragAlphaUniforms>, std::allocator<std::pair<unsigned long const, TfragAlphaUniforms> >, std::__detail::_Select1st, std::equal_to<unsigned long>, std::hash<unsigned long>, std::__detail::_Mod_range_hashing, std::__detail::_Default_ranged_hash, std::__detail::_Prime_rehash_policy, std::__detail::_Hashtable_traits<false, false, true> >::find (this=0xca6120 <tfrag_alpha_uniforms(unsigned long)::cache>, __k=<synthetic pointer>: 27) at /usr/include/c++/15/bits/hashtable.h:1918
#3  std::unordered_map<unsigned long, TfragAlphaUniforms, std::hash<unsigned long>, std::equal_to<unsigned long>, std::allocator<std::pair<unsigned long const, TfragAlphaUniforms> > >::find (this=0xca6120 <tfrag_alpha_uniforms(unsigned long)::cache>, __x=<synthetic pointer>: 27) at /usr/include/c++/15/bits/unordered_map.h:947
#4  tfrag_alpha_uniforms (program=27) at /home/emeric/code/jak-project/game/graphics/opengl_renderer/background/background_common.cpp:314
#5  0x000000000097abcd in setup_tfrag_shader (render_state=0x2eb78fb8, mode=..., shader=ShaderId::TFRAG3) at /home/emeric/code/jak-project/game/graphics/opengl_renderer/background/background_common.cpp:326
#6  setup_tfrag_shader_cached (render_state=0x2eb78fb8, mode=..., shader=shader@entry=ShaderId::TFRAG3, bound_tex=bound_tex@entry=477, cache=...) at /home/emeric/code/jak-project/game/graphics/opengl_renderer/background/background_common.cpp:370
#7  0x00000000009988c4 in TFragment::render_tree (this=this@entry=0x319b1800, geom=geom@entry=0, settings=..., render_state=<optimized out>, render_state@entry=0x2eb78fb8, prof=...) at /home/emeric/code/jak-project/game/graphics/opengl_renderer/background/TFragment.cpp:1375
