
warning: Can't open file anon_inode:i915.gem during file-backed mapping note processing
[New LWP 3100168]
[New LWP 3100165]
[New LWP 3100139]
[New LWP 3100163]
[New LWP 3100158]
[New LWP 3100153]
[New LWP 3100140]
[New LWP 3100138]
[New LWP 3100141]
[New LWP 3100142]
[New LWP 3100173]
[New LWP 3100162]
[New LWP 3100166]
[New LWP 3100169]
[New LWP 3100161]
[New LWP 3100157]
[New LWP 3100167]

This GDB supports auto-downloading debuginfo from the following URLs:
  <ima:enforcing>
  <https://debuginfod.fedoraproject.org/>
  <ima:ignore>
Enable debuginfod for this session? (y or [n]) [answered N; input not from terminal]
Debuginfod has been disabled.
To make this setting permanent, add 'set debuginfod enabled off' to .gdbinit.
[Thread debugging using libthread_db enabled]
Using host libthread_db library "/lib64/libthread_db.so.1".
Core was generated by `build/game/gk --game jak1 --portable -fakeiso --verbose --disable-ansi -iso-data out/jak1/iso -- -boot -debug-mem'.
Program terminated with signal SIGSEGV, Segmentation fault.
#0  0x0000002123000000 in ?? ()
[Current thread is 1 (Thread 0x7ff7bb7fe6c0 (LWP 3100168))]

Thread 17 (Thread 0x7ff7bbfff6c0 (LWP 3100167)):
#0  0x00007ff7ebb92902 in __syscall_cancel_arch () from /lib64/libc.so.6
#1  0x00007ff7ebb86b9c in __internal_syscall_cancel () from /lib64/libc.so.6
#2  0x00007ff7ebbd6b22 in clock_nanosleep@GLIBC_2.2.5 () from /lib64/libc.so.6
#3  0x00007ff7ebbe2af7 in nanosleep () from /lib64/libc.so.6
#4  0x00000000004f1108 in std::this_thread::sleep_for<long, std::ratio<1l, 1000l> > (__rtime=...) at /usr/include/c++/15/bits/this_thread_sleep.h:82
#5  (anonymous namespace)::ee_worker_runner (iface=...) at /home/emeric/code/jak-lighting-baseline/game/runtime.cpp:278
#6  0x0000000000506ed5 in std::function<void(SystemThreadInterface&)>::operator() (this=0x7ffc74cba708, __args#0=...) at /usr/include/c++/15/bits/std_function.h:593
#7  bootstrap_thread_func (x=0x7ffc74cba6d8) at /home/emeric/code/jak-lighting-baseline/game/system/SystemThread.cpp:108
#8  0x00007ff7ebe4e424 in execute_native_thread_routine () from /lib64/libstdc++.so.6
#9  0x00007ff7ebb8a3c4 in start_thread () from /lib64/libc.so.6

Thread 16 (Thread 0x7ff7cdc056c0 (LWP 3100157)):
#0  0x00007ff7ebb92902 in __syscall_cancel_arch () from /lib64/libc.so.6
#1  0x00007ff7ebb86b9c in __internal_syscall_cancel () from /lib64/libc.so.6
#2  0x00007ff7ebb8720c in __futex_abstimed_wait_common () from /lib64/libc.so.6
#3  0x00007ff7ebb898de in pthread_cond_wait@@GLIBC_2.3.2 () from /lib64/libc.so.6
#4  0x00007ff7d71c46ed in cnd_wait () from /lib64/libgallium-25.3.6.so
#5  0x00007ff7d717a17c in util_queue_thread_func () from /lib64/libgallium-25.3.6.so
#6  0x00007ff7d71c461c in impl_thrd_routine () from /lib64/libgallium-25.3.6.so
#7  0x00007ff7ebb8a3c4 in start_thread () from /lib64/libc.so.6
#8  0x00007ff7ebc0d56c in __clone3 () from /lib64/libc.so.6

Thread 15 (Thread 0x7ff7ccbf36c0 (LWP 3100161)):
#0  0x00007ff7ebb92902 in __syscall_cancel_arch () from /lib64/libc.so.6
#1  0x00007ff7ebb86b9c in __internal_syscall_cancel () from /lib64/libc.so.6
#2  0x00007ff7ebb8720c in __futex_abstimed_wait_common () from /lib64/libc.so.6
#3  0x00007ff7ebb898de in pthread_cond_wait@@GLIBC_2.3.2 () from /lib64/libc.so.6
#4  0x00007ff7d71c46ed in cnd_wait () from /lib64/libgallium-25.3.6.so
#5  0x00007ff7d717a17c in util_queue_thread_func () from /lib64/libgallium-25.3.6.so
#6  0x00007ff7d71c461c in impl_thrd_routine () from /lib64/libgallium-25.3.6.so
#7  0x00007ff7ebb8a3c4 in start_thread () from /lib64/libc.so.6
#8  0x00007ff7ebc0d56c in __clone3 () from /lib64/libc.so.6

Thread 14 (Thread 0x7ff7baffd6c0 (LWP 3100169)):
#0  0x00007ff7ebb92902 in __syscall_cancel_arch () from /lib64/libc.so.6
#1  0x00007ff7ebb86b9c in __internal_syscall_cancel () from /lib64/libc.so.6
#2  0x00007ff7ebb86be4 in __syscall_cancel () from /lib64/libc.so.6
#3  0x00007ff7ebc0015e in poll () from /lib64/libc.so.6
#4  0x00007ff7c1eb3f88 in poll_func () from /lib64/libpulse.so.0
#5  0x00007ff7c1e9d741 in pa_mainloop_poll () from /lib64/libpulse.so.0
#6  0x00007ff7c1ea7fc1 in pa_mainloop_iterate () from /lib64/libpulse.so.0
#7  0x00007ff7c1ea8080 in pa_mainloop_run () from /lib64/libpulse.so.0
#8  0x00007ff7c1eb8f6d in thread () from /lib64/libpulse.so.0
#9  0x00007ff7c1e548fb in internal_thread_func () from /usr/lib64/pulseaudio/libpulsecommon-17.0.so

Thread 13 (Thread 0x7ff7c085f6c0 (LWP 3100166)):
#0  0x00007ff7ebb92902 in __syscall_cancel_arch () from /lib64/libc.so.6
#1  0x00007ff7ebb86b9c in __internal_syscall_cancel () from /lib64/libc.so.6
#2  0x00007ff7ebbd6b22 in clock_nanosleep@GLIBC_2.2.5 () from /lib64/libc.so.6
#3  0x00007ff7ebbe2af7 in nanosleep () from /lib64/libc.so.6
#4  0x00000000004f1f70 in std::this_thread::sleep_for<long, std::ratio<1l, 1000000l> > (__rtime=...) at /usr/include/c++/15/bits/this_thread_sleep.h:82
#5  (anonymous namespace)::deci2_runner (iface=...) at /home/emeric/code/jak-lighting-baseline/game/runtime.cpp:139
#6  0x0000000000506ed5 in std::function<void(SystemThreadInterface&)>::operator() (this=0x7ffc74cba450, __args#0=...) at /usr/include/c++/15/bits/std_function.h:593
#7  bootstrap_thread_func (x=0x7ffc74cba420) at /home/emeric/code/jak-lighting-baseline/game/system/SystemThread.cpp:108
#8  0x00007ff7ebe4e424 in execute_native_thread_routine () from /lib64/libstdc++.so.6
#9  0x00007ff7ebb8a3c4 in start_thread () from /lib64/libc.so.6

Thread 12 (Thread 0x7ff7c7fff6c0 (LWP 3100162)):
#0  0x00007ff7ebb92902 in __syscall_cancel_arch () from /lib64/libc.so.6
#1  0x00007ff7ebb86b9c in __internal_syscall_cancel () from /lib64/libc.so.6
#2  0x00007ff7ebb8720c in __futex_abstimed_wait_common () from /lib64/libc.so.6
#3  0x00007ff7ebb898de in pthread_cond_wait@@GLIBC_2.3.2 () from /lib64/libc.so.6
#4  0x00007ff7d71c46ed in cnd_wait () from /lib64/libgallium-25.3.6.so
#5  0x00007ff7d717a17c in util_queue_thread_func () from /lib64/libgallium-25.3.6.so
#6  0x00007ff7d71c461c in impl_thrd_routine () from /lib64/libgallium-25.3.6.so
#7  0x00007ff7ebb8a3c4 in start_thread () from /lib64/libc.so.6
#8  0x00007ff7ebc0d56c in __clone3 () from /lib64/libc.so.6

Thread 11 (Thread 0x7ff7c1b0d6c0 (LWP 3100173)):
#0  0x00007ff7ebb92902 in __syscall_cancel_arch () from /lib64/libc.so.6
#1  0x00007ff7ebb86b9c in __internal_syscall_cancel () from /lib64/libc.so.6
#2  0x00007ff7ebb86be4 in __syscall_cancel () from /lib64/libc.so.6
#3  0x00007ff7ebc0ad81 in select () from /lib64/libc.so.6
#4  0x00007ff7ec6eed48 in select_and_accept_socket (socket=19, addr=addr@entry=0x7ff7c085ebac, addrLen=addrLen@entry=0x7ff7c1b0ccf4, microSeconds=microSeconds@entry=100000) at /home/emeric/code/jak-lighting-baseline/common/cross_sockets/XSocket.cpp:62
#5  0x00000000004fbc6e in Deci2Server::accept_thread_func (this=0x7ff7c085eba0) at /home/emeric/code/jak-lighting-baseline/game/system/Deci2Server.cpp:50
#6  0x00007ff7ebe4e424 in execute_native_thread_routine () from /lib64/libstdc++.so.6
#7  0x00007ff7ebb8a3c4 in start_thread () from /lib64/libc.so.6
#8  0x00007ff7ebc0d56c in __clone3 () from /lib64/libc.so.6

Thread 10 (Thread 0x7ff7db07b6c0 (LWP 3100142)):
#0  0x00007ff7ebb92902 in __syscall_cancel_arch () from /lib64/libc.so.6
#1  0x00007ff7ebb86b9c in __internal_syscall_cancel () from /lib64/libc.so.6
#2  0x00007ff7ebb8720c in __futex_abstimed_wait_common () from /lib64/libc.so.6
#3  0x00007ff7ebb898de in pthread_cond_wait@@GLIBC_2.3.2 () from /lib64/libc.so.6
#4  0x00007ff7ebe44e00 in std::condition_variable::wait(std::unique_lock<std::mutex>&) () from /lib64/libstdc++.so.6
#5  0x0000000000603553 in std::condition_variable::wait<BS::thread_pool::worker()::{lambda()#1}>(std::unique_lock<std::mutex>&, BS::thread_pool::worker()::{lambda()#1}) (this=0xbf8328 <thpool+8>, __lock=..., __p=...) at /usr/include/c++/15/condition_variable:107
#6  BS::thread_pool::worker (this=0xbf8320 <thpool>) at /home/emeric/code/jak-lighting-baseline/./third-party/BS_thread_pool.hpp:628
#7  0x00007ff7ebe4e424 in execute_native_thread_routine () from /lib64/libstdc++.so.6
#8  0x00007ff7ebb8a3c4 in start_thread () from /lib64/libc.so.6
#9  0x00007ff7ebc0d56c in __clone3 () from /lib64/libc.so.6

Thread 9 (Thread 0x7ff7db87c6c0 (LWP 3100141)):
#0  0x00007ff7ebb92902 in __syscall_cancel_arch () from /lib64/libc.so.6
#1  0x00007ff7ebb86b9c in __internal_syscall_cancel () from /lib64/libc.so.6
#2  0x00007ff7ebb8720c in __futex_abstimed_wait_common () from /lib64/libc.so.6
#3  0x00007ff7ebb898de in pthread_cond_wait@@GLIBC_2.3.2 () from /lib64/libc.so.6
#4  0x00007ff7ebe44e00 in std::condition_variable::wait(std::unique_lock<std::mutex>&) () from /lib64/libstdc++.so.6
#5  0x0000000000603553 in std::condition_variable::wait<BS::thread_pool::worker()::{lambda()#1}>(std::unique_lock<std::mutex>&, BS::thread_pool::worker()::{lambda()#1}) (this=0xbf8328 <thpool+8>, __lock=..., __p=...) at /usr/include/c++/15/condition_variable:107
#6  BS::thread_pool::worker (this=0xbf8320 <thpool>) at /home/emeric/code/jak-lighting-baseline/./third-party/BS_thread_pool.hpp:628
#7  0x00007ff7ebe4e424 in execute_native_thread_routine () from /lib64/libstdc++.so.6
#8  0x00007ff7ebb8a3c4 in start_thread () from /lib64/libc.so.6
#9  0x00007ff7ebc0d56c in __clone3 () from /lib64/libc.so.6

Thread 8 (Thread 0x7ff7ecad8d40 (LWP 3100138)):
#0  0x00007ff7d6f6b550 in _mesa_QueryCounter () from /lib64/libgallium-25.3.6.so
#1  0x0000000000792ee3 in OpenGLRenderer::dispatch_buckets_jak1 (this=0x325638d8, dma=..., prof=..., sync_after_buckets=sync_after_buckets@entry=false) at /home/emeric/code/jak-lighting-baseline/game/graphics/opengl_renderer/OpenGLRenderer.cpp:1643
#2  0x0000000000793dd9 in OpenGLRenderer::dispatch_buckets (this=<optimized out>, dma=..., prof=..., sync_after_buckets=false) at /home/emeric/code/jak-lighting-baseline/game/graphics/opengl_renderer/OpenGLRenderer.cpp:1835
#3  0x0000000000796211 in OpenGLRenderer::render (this=0x325638d8, dma=..., settings=...) at /home/emeric/code/jak-lighting-baseline/game/graphics/opengl_renderer/OpenGLRenderer.cpp:1124
#4  0x000000000050ee43 in render_game_frame (game_width=<optimized out>, game_height=<optimized out>, window_fb_width=<optimized out>, window_fb_height=<optimized out>, draw_region_width=<optimized out>, draw_region_height=<optimized out>, msaa_samples=<optimized out>, brightness_contrast_color=<optimized out>, brightness_contrast_alpha=<optimized out>, take_screenshot=<optimized out>) at /home/emeric/code/jak-lighting-baseline/game/graphics/pipelines/opengl.cpp:710
#5  0x000000000051023f in GLDisplay::render (this=0x34924bf0) at /home/emeric/code/jak-lighting-baseline/game/graphics/pipelines/opengl.cpp:858
#6  0x000000000050c7b0 in Gfx::Loop (f=...) at /home/emeric/code/jak-lighting-baseline/game/graphics/gfx.cpp:125
#7  0x00000000004f1b15 in exec_runtime (game_options=..., argc=argc@entry=4, argv=argv@entry=0x321aa360) at /home/emeric/code/jak-lighting-baseline/game/runtime.cpp:468
#8  0x00000000004950bc in goal_main (argc=<optimized out>, argv=<optimized out>) at /home/emeric/code/jak-lighting-baseline/game/main.cpp:725
#9  0x00007ff7ebb1b5b5 in __libc_start_call_main () from /lib64/libc.so.6

Thread 7 (Thread 0x7ff7dc07d6c0 (LWP 3100140)):
#0  0x00007ff7ebb92902 in __syscall_cancel_arch () from /lib64/libc.so.6
#1  0x00007ff7ebb86b9c in __internal_syscall_cancel () from /lib64/libc.so.6
#2  0x00007ff7ebb8720c in __futex_abstimed_wait_common () from /lib64/libc.so.6
#3  0x00007ff7ebb898de in pthread_cond_wait@@GLIBC_2.3.2 () from /lib64/libc.so.6
#4  0x00007ff7ebe44e00 in std::condition_variable::wait(std::unique_lock<std::mutex>&) () from /lib64/libstdc++.so.6
#5  0x0000000000603553 in std::condition_variable::wait<BS::thread_pool::worker()::{lambda()#1}>(std::unique_lock<std::mutex>&, BS::thread_pool::worker()::{lambda()#1}) (this=0xbf8328 <thpool+8>, __lock=..., __p=...) at /usr/include/c++/15/condition_variable:107
#6  BS::thread_pool::worker (this=0xbf8320 <thpool>) at /home/emeric/code/jak-lighting-baseline/./third-party/BS_thread_pool.hpp:628
#7  0x00007ff7ebe4e424 in execute_native_thread_routine () from /lib64/libstdc++.so.6
#8  0x00007ff7ebb8a3c4 in start_thread () from /lib64/libc.so.6
#9  0x00007ff7ebc0d56c in __clone3 () from /lib64/libc.so.6

Thread 6 (Thread 0x7ff7da87a6c0 (LWP 3100153)):
#0  0x00007ff7ebb92902 in __syscall_cancel_arch () from /lib64/libc.so.6
#1  0x00007ff7ebb86b9c in __internal_syscall_cancel () from /lib64/libc.so.6
#2  0x00007ff7ebb8720c in __futex_abstimed_wait_common () from /lib64/libc.so.6
#3  0x00007ff7ebb89d12 in pthread_cond_clockwait@GLIBC_2.30 () from /lib64/libc.so.6
#4  0x00007ff7ecbb83e1 in std::__condvar::wait_until (this=0x321c5bd0, __m=..., __clock=1, __abs_time=...) at /usr/include/c++/15/bits/std_mutex.h:187
#5  std::condition_variable::__wait_until_impl<std::chrono::duration<long, std::ratio<1l, 1000000000l> > > (__lock=<synthetic pointer>..., this=0x321c5bd0, __atime=...) at /usr/include/c++/15/condition_variable:205
#6  std::condition_variable::wait_until<std::chrono::duration<long, std::ratio<1l, 1000000000l> > > (this=0x321c5bd0, __lock=<synthetic pointer>..., __atime=...) at /usr/include/c++/15/condition_variable:115
#7  std::condition_variable::wait_for<long, std::ratio<1l, 1000l> > (__rtime=<synthetic pointer>std::chrono::duration = { <optimized out>ms }, this=0x321c5bd0, __lock=<synthetic pointer>...) at /usr/include/c++/15/condition_variable:167
#8  IoThreadHolder::Start()::{lambda()#1}::operator()() const (__closure=0x321c3078) at /home/emeric/code/jak-lighting-baseline/third-party/discord-rpc/src/discord_rpc.cpp:96
#9  std::__invoke_impl<void, IoThreadHolder::Start()::{lambda()#1}>(std::__invoke_other, IoThreadHolder::Start()::{lambda()#1}&&) (__f=...) at /usr/include/c++/15/bits/invoke.h:63

Thread 5 (Thread 0x7ff7cd4046c0 (LWP 3100158)):
#0  0x00007ff7ebb92902 in __syscall_cancel_arch () from /lib64/libc.so.6
#1  0x00007ff7ebb86b9c in __internal_syscall_cancel () from /lib64/libc.so.6
#2  0x00007ff7ebb8720c in __futex_abstimed_wait_common () from /lib64/libc.so.6
#3  0x00007ff7ebb898de in pthread_cond_wait@@GLIBC_2.3.2 () from /lib64/libc.so.6
#4  0x00007ff7d71c46ed in cnd_wait () from /lib64/libgallium-25.3.6.so
#5  0x00007ff7d717a17c in util_queue_thread_func () from /lib64/libgallium-25.3.6.so
#6  0x00007ff7d71c461c in impl_thrd_routine () from /lib64/libgallium-25.3.6.so
#7  0x00007ff7ebb8a3c4 in start_thread () from /lib64/libc.so.6
#8  0x00007ff7ebc0d56c in __clone3 () from /lib64/libc.so.6

Thread 4 (Thread 0x7ff7c75fe6c0 (LWP 3100163)):
#0  0x00007ff7ebbfc65e in fstatat64 () from /lib64/libc.so.6
#1  0x00007ff7ec89c7fa in ghc::filesystem::detail::status_ex (p=..., ec=std::error_code = {std::_V2::error_category: 0}, lwt=lwt@entry=0x0, recurse_count=0, nhl=0x0, sz=0x0, sls=0x0) at /usr/include/c++/15/bits/basic_string.h:238
#2  0x00007ff7ec8acf5d in ghc::filesystem::status (p=..., ec=std::error_code = {std::_V2::error_category: 0}) at /home/emeric/code/jak-lighting-baseline/./third-party/filesystem.hpp:5049
#3  ghc::filesystem::is_regular_file (p=..., ec=std::error_code = {std::_V2::error_category: 0}) at /home/emeric/code/jak-lighting-baseline/./third-party/filesystem.hpp:4572
#4  file_util::resolve_fr3_asset (base_dir=..., file_name="title.fr3") at /home/emeric/code/jak-lighting-baseline/common/util/FileUtil.cpp:403
#5  0x000000000072460c in hd_fr3_path (base=..., name="title") at /home/emeric/code/jak-lighting-baseline/game/graphics/opengl_renderer/loader/Loader.cpp:584
#6  0x0000000000727382 in Loader::loader_thread (this=<optimized out>) at /home/emeric/code/jak-lighting-baseline/game/graphics/opengl_renderer/loader/Loader.cpp:665
#7  0x00007ff7ebe4e424 in execute_native_thread_routine () from /lib64/libstdc++.so.6
#8  0x00007ff7ebb8a3c4 in start_thread () from /lib64/libc.so.6
#9  0x00007ff7ebc0d56c in __clone3 () from /lib64/libc.so.6

Thread 3 (Thread 0x7ff7dc87e6c0 (LWP 3100139)):
#0  0x00007ff7ebb92902 in __syscall_cancel_arch () from /lib64/libc.so.6
#1  0x00007ff7ebb86b9c in __internal_syscall_cancel () from /lib64/libc.so.6
#2  0x00007ff7ebb8720c in __futex_abstimed_wait_common () from /lib64/libc.so.6
#3  0x00007ff7ebb898de in pthread_cond_wait@@GLIBC_2.3.2 () from /lib64/libc.so.6
#4  0x00007ff7ebe44e00 in std::condition_variable::wait(std::unique_lock<std::mutex>&) () from /lib64/libstdc++.so.6
#5  0x0000000000603553 in std::condition_variable::wait<BS::thread_pool::worker()::{lambda()#1}>(std::unique_lock<std::mutex>&, BS::thread_pool::worker()::{lambda()#1}) (this=0xbf8328 <thpool+8>, __lock=..., __p=...) at /usr/include/c++/15/condition_variable:107
#6  BS::thread_pool::worker (this=0xbf8320 <thpool>) at /home/emeric/code/jak-lighting-baseline/./third-party/BS_thread_pool.hpp:628
#7  0x00007ff7ebe4e424 in execute_native_thread_routine () from /lib64/libstdc++.so.6
#8  0x00007ff7ebb8a3c4 in start_thread () from /lib64/libc.so.6
#9  0x00007ff7ebc0d56c in __clone3 () from /lib64/libc.so.6

Thread 2 (Thread 0x7ff7c10606c0 (LWP 3100165)):
#0  0x00007ff7ebb92902 in __syscall_cancel_arch () from /lib64/libc.so.6
#1  0x00007ff7ebb86b9c in __internal_syscall_cancel () from /lib64/libc.so.6
#2  0x00007ff7ebb86be4 in __syscall_cancel () from /lib64/libc.so.6
#3  0x00007ff7ebc0117e in write () from /lib64/libc.so.6
#4  0x00007ff7ebb825c5 in _IO_file_write@@GLIBC_2.2.5 () from /lib64/libc.so.6
#5  0x00007ff7ebb80416 in new_do_write () from /lib64/libc.so.6
#6  0x00007ff7ebb81541 in __GI__IO_do_write () from /lib64/libc.so.6
#7  0x00007ff7ebb81c38 in __GI__IO_file_sync () from /lib64/libc.so.6
#8  0x00007ff7ebb740c8 in fflush () from /lib64/libc.so.6
#9  0x00007ff7ecaeded8 in fmt::v11::detail::file_print_buffer<_IO_FILE, void>::~file_print_buffer (this=0x7ff7bc9da870) at /home/emeric/code/jak-lighting-baseline/third-party/fmt/include/fmt/format-inl.h:1494

Thread 1 (Thread 0x7ff7bb7fe6c0 (LWP 3100168)):
#0  0x0000002123000000 in ?? ()
#1  0x0000002124ccfd2f in ?? ()
#2  0x0000000000000000 in ?? ()
