[0/2] Re-checking globbed directories...
[1/13] cd /home/emeric/code/jak-lighting-baseline/build/third-party/discord-rpc && /usr/bin/clang-format -i -style=file -fallback-style=none /home/emeric/code/jak-lighting-baseline/third-party/discord-rpc/include/discord_register.h /home/emeric/code/jak-lighting-baseline/third-party/discord-rpc/include/discord_rpc.h /home/emeric/code/jak-lighting-baseline/third-party/discord-rpc/src/backoff.h /home/emeric/code/jak-lighting-baseline/third-party/discord-rpc/src/connection.h /home/emeric/code/jak-lighting-baseline/third-party/discord-rpc/src/connection_unix.cpp /home/emeric/code/jak-lighting-baseline/third-party/discord-rpc/src/connection_win.cpp /home/emeric/code/jak-lighting-baseline/third-party/discord-rpc/src/discord_register_linux.cpp /home/emeric/code/jak-lighting-baseline/third-party/discord-rpc/src/discord_register_win.cpp /home/emeric/code/jak-lighting-baseline/third-party/discord-rpc/src/discord_rpc.cpp /home/emeric/code/jak-lighting-baseline/third-party/discord-rpc/src/dllmain.cpp /home/emeric/code/jak-lighting-baseline/third-party/discord-rpc/src/msg_queue.h /home/emeric/code/jak-lighting-baseline/third-party/discord-rpc/src/rpc_connection.cpp /home/emeric/code/jak-lighting-baseline/third-party/discord-rpc/src/rpc_connection.h /home/emeric/code/jak-lighting-baseline/third-party/discord-rpc/src/serialization.cpp /home/emeric/code/jak-lighting-baseline/third-party/discord-rpc/src/serialization.h
[2/13] Building CXX object game/CMakeFiles/runtime.dir/graphics/opengl_renderer/lighting_census.cpp.o
[3/13] Building CXX object game/CMakeFiles/runtime.dir/graphics/opengl_renderer/background/Hfrag.cpp.o
[4/13] Building CXX object game/CMakeFiles/runtime.dir/graphics/opengl_renderer/background/background_common.cpp.o
/home/emeric/code/jak-lighting-baseline/game/graphics/opengl_renderer/background/background_common.cpp: In function ‘void first_tfrag_draw_setup(const GoalBackgroundCameraData&, SharedRenderState*, ShaderId)’:
/home/emeric/code/jak-lighting-baseline/game/graphics/opengl_renderer/background/background_common.cpp:3029:15: warning: declaration of ‘sd’ shadows a previous local [-Wshadow]
 3029 |         float sd = -uu / 0.45f;
      |               ^~
/home/emeric/code/jak-lighting-baseline/game/graphics/opengl_renderer/background/background_common.cpp:2231:9: note: shadowed declaration is here
 2231 |   float sd[3] = {-gs.recharged_pbr_shadow[0], -gs.recharged_pbr_shadow[1], -gs.recharged_pbr_shadow[2]};
      |         ^~
[5/13] Building CXX object game/CMakeFiles/runtime.dir/graphics/opengl_renderer/background/Shrub.cpp.o
/home/emeric/code/jak-lighting-baseline/game/graphics/opengl_renderer/background/Shrub.cpp: In lambda function:
/home/emeric/code/jak-lighting-baseline/game/graphics/opengl_renderer/background/Shrub.cpp:358:30: warning: declaration of ‘i’ shadows a previous local [-Wshadow]
  358 |       auto edge_sq = [&](u32 i, u32 j) {
      |                          ~~~~^
/home/emeric/code/jak-lighting-baseline/game/graphics/opengl_renderer/background/Shrub.cpp:226:12: note: shadowed declaration is here
  226 |     size_t i = 0;
      |            ^
[6/13] Building CXX object game/CMakeFiles/runtime.dir/graphics/opengl_renderer/background/TFragment.cpp.o
[7/13] Building CXX object game/CMakeFiles/runtime.dir/graphics/opengl_renderer/background/Tie3.cpp.o
/home/emeric/code/jak-lighting-baseline/game/graphics/opengl_renderer/background/Tie3.cpp: In member function ‘void Tie3::load_from_fr3_data(const LevelData*)’:
/home/emeric/code/jak-lighting-baseline/game/graphics/opengl_renderer/background/Tie3.cpp:352:12: warning: declaration of ‘ul’ shadows a previous local [-Wshadow]
  352 |       auto ul = scoped_prof("load-tree");
      |            ^~
/home/emeric/code/jak-lighting-baseline/game/graphics/opengl_renderer/background/Tie3.cpp:275:8: note: shadowed declaration is here
  275 |   auto ul = scoped_prof("update-load");
      |        ^~
[8/13] Building CXX object game/CMakeFiles/runtime.dir/graphics/refset.cpp.o
/home/emeric/code/jak-lighting-baseline/game/graphics/refset.cpp: In lambda function:
/home/emeric/code/jak-lighting-baseline/game/graphics/refset.cpp:1857:23: warning: passing ‘bool’ chooses ‘int’ over ‘unsigned int’ [-Wsign-promo]
 1857 |     add(std::to_string(tune.set));
      |         ~~~~~~~~~~~~~~^~~~~~~~~~
/home/emeric/code/jak-lighting-baseline/game/graphics/refset.cpp:1857:23: warning:   in call to ‘std::string std::__cxx11::to_string(int)’ [-Wsign-promo]
/home/emeric/code/jak-lighting-baseline/game/graphics/refset.cpp: In function ‘bool refset::enabled()’:
/home/emeric/code/jak-lighting-baseline/game/graphics/refset.cpp:2165:18: warning: declaration of ‘v’ shadows a previous local [-Wshadow]
 2165 |       const long v = std::strtol(av, nullptr, 10);
      |                  ^
/home/emeric/code/jak-lighting-baseline/game/graphics/refset.cpp:2092:8: note: shadowed declaration is here
 2092 |   char v[32] = {0};
      |        ^
/home/emeric/code/jak-lighting-baseline/game/graphics/refset.cpp:2174:18: warning: declaration of ‘v’ shadows a previous local [-Wshadow]
 2174 |       const long v = std::strtol(sv, nullptr, 10);
      |                  ^
/home/emeric/code/jak-lighting-baseline/game/graphics/refset.cpp:2092:8: note: shadowed declaration is here
 2092 |   char v[32] = {0};
      |        ^
/home/emeric/code/jak-lighting-baseline/game/graphics/refset.cpp:2309:34: warning: declaration of ‘d’ shadows a previous local [-Wshadow]
 2309 |         int a = 0, b = 0, c = 0, d = 0;
      |                                  ^
/home/emeric/code/jak-lighting-baseline/game/graphics/refset.cpp:2144:8: note: shadowed declaration is here
 2144 |   char d[512] = {0};
      |        ^
/home/emeric/code/jak-lighting-baseline/game/graphics/refset.cpp:2322:27: warning: declaration of ‘d’ shadows a previous local [-Wshadow]
 2322 |         int p = 0, y = 0, d = 0, h = 0;
      |                           ^
/home/emeric/code/jak-lighting-baseline/game/graphics/refset.cpp:2144:8: note: shadowed declaration is here
 2144 |   char d[512] = {0};
      |        ^
[9/13] Building CXX object game/CMakeFiles/runtime.dir/graphics/opengl_renderer/foreground/Merc2.cpp.o
/home/emeric/code/jak-lighting-baseline/game/graphics/opengl_renderer/foreground/Merc2.cpp: In member function ‘void Merc2::model_mod_draws(int, const tfrag3::MercModel*, const LevelData*, const u8*, const u8*, ModBuffers*, MercDebugStats*)’:
/home/emeric/code/jak-lighting-baseline/game/graphics/opengl_renderer/foreground/Merc2.cpp:1356:12: warning: declaration of ‘p’ shadows a previous local [-Wshadow]
 1356 |       auto p = scoped_prof("vert-math");
      |            ^
/home/emeric/code/jak-lighting-baseline/game/graphics/opengl_renderer/foreground/Merc2.cpp:1289:8: note: shadowed declaration is here
 1289 |   auto p = scoped_prof("update-verts");
      |        ^
/home/emeric/code/jak-lighting-baseline/game/graphics/opengl_renderer/foreground/Merc2.cpp: In member function ‘void Merc2::handle_pc_model(const DmaTransfer&, SharedRenderState*, ScopedProfilerNode&, MercDebugStats*)’:
/home/emeric/code/jak-lighting-baseline/game/graphics/opengl_renderer/foreground/Merc2.cpp:2270:24: warning: declaration of ‘p’ shadows a previous local [-Wshadow]
 2270 |       for (const auto& p : s_hd_cover_pairs) {
      |                        ^
/home/emeric/code/jak-lighting-baseline/game/graphics/opengl_renderer/foreground/Merc2.cpp:2212:8: note: shadowed declaration is here
 2212 |   auto p = scoped_prof("init-pc");
      |        ^
[10/13] Building CXX object game/CMakeFiles/runtime.dir/graphics/opengl_renderer/OpenGLRenderer.cpp.o
In file included from /home/emeric/code/jak-lighting-baseline/game/graphics/opengl_renderer/OpenGLRenderer.cpp:12:
/home/emeric/code/jak-lighting-baseline/./common/util/rss_census.h: In function ‘void rss_census::mark(const char*)’:
/home/emeric/code/jak-lighting-baseline/./common/util/rss_census.h:115:34: warning: ‘mallinfo mallinfo()’ is deprecated [-Wdeprecated-declarations]
  115 |     struct mallinfo mi = mallinfo();
      |                          ~~~~~~~~^~
In file included from /home/emeric/code/jak-lighting-baseline/./common/util/rss_census.h:30:
/usr/include/malloc.h:114:24: note: declared here
  114 | extern struct mallinfo mallinfo (void) __THROW __MALLOC_DEPRECATED;
      |                        ^~~~~~~~
[11/13] Linking CXX static library game/libruntime.a
[12/13] Linking CXX executable game/gk
[npc-flicker] garde OK — 47 proprietes tenues
