[49:42:028] [info] [foliage-wind] SHRUB native ACTIVE lev=village1 matrices=3489 raideur_instances=2067 integrees=2067 ticks=1 wind_time=15 peak_shear=0.0010 — le ressort de ND tourne sur les buissons (frame 16)
FEATURE lighting-census armed=1 hits=23563
gpu_ms_frames=57
gpu_timer_supported=1
gpu_ms_buckets=6.2509
gpu_ms_etie=0.0000
gpu_ms_generic=0.0072
gpu_ms_hfrag=0.0000
gpu_ms_merc=0.2607
gpu_ms_ocean=0.1859
gpu_ms_other=0.3492
gpu_ms_shrub=0.7736
gpu_ms_sprite=0.3456
gpu_ms_tfrag=1.9187
gpu_ms_tie=2.3588
FEATURE lighting-census armed=1 hits=54943
gpu_ms_frames=117
gpu_timer_supported=1
gpu_ms_buckets=6.6469
gpu_ms_etie=0.0000
gpu_ms_generic=0.0065
gpu_ms_hfrag=0.0000
gpu_ms_merc=0.2924
gpu_ms_ocean=0.1779
gpu_ms_other=0.3228
gpu_ms_shrub=0.8976
gpu_ms_sprite=0.3364
gpu_ms_tfrag=1.8834
gpu_ms_tie=2.6831
FEATURE lighting-census armed=1 hits=86323
gpu_ms_frames=177
gpu_timer_supported=1
gpu_ms_buckets=6.7860
gpu_ms_etie=0.0000
gpu_ms_generic=0.0064
gpu_ms_hfrag=0.0000
gpu_ms_merc=0.3003
gpu_ms_ocean=0.1760
gpu_ms_other=0.3149
gpu_ms_shrub=0.9370
gpu_ms_sprite=0.3345
gpu_ms_tfrag=1.8717
gpu_ms_tie=2.7992
FEATURE lighting-census armed=1 hits=117703
gpu_ms_frames=237
gpu_timer_supported=1
gpu_ms_buckets=6.9099
gpu_ms_etie=0.0000
gpu_ms_generic=0.0064
gpu_ms_hfrag=0.0000
gpu_ms_merc=0.3052
gpu_ms_ocean=0.1782
gpu_ms_other=0.3141
gpu_ms_shrub=0.9598
gpu_ms_sprite=0.3354
gpu_ms_tfrag=1.8836
gpu_ms_tie=2.8814
FEATURE lighting-census armed=1 hits=149083
gpu_ms_frames=297
gpu_timer_supported=1
gpu_ms_buckets=7.0921
gpu_ms_etie=0.0000
gpu_ms_generic=0.0063
gpu_ms_hfrag=0.0000
gpu_ms_merc=0.3104
gpu_ms_ocean=0.2041
gpu_ms_other=0.3344
gpu_ms_shrub=0.9687
gpu_ms_sprite=0.3344
gpu_ms_tfrag=1.8903
gpu_ms_tie=2.9983
[49:46:848] [info] [foliage-wind] verdicts open=11 v1_native_dev=999999 (dead_slots=0 rate_dev=0.000% ref=game wind_steps=304 expected=304 sat=0.000% samples=618048) v2_base_shift_mm=999999 v3_still=999999 v4_divergent=999999 (pairs=29879) v5_peak=999999% (0.000 Hz, fenetre 0 s) v6_base_to_crown=0.100 v7_env_cv=0.000 v8_tip_gradient_min=-1.000 (mesurees=1350 non_mesurables=2336) v9_dir_spread=-1.0 deg (ok=0) instances=3686 shrubs=3489 sol=3127 enfonces=2720 natif_raideur=2067 trees_drawn=6 option_on=0 bend_m=0.000 native_shear_peak=0.0780
FEATURE lighting-census armed=1 hits=180463
gpu_ms_frames=357
gpu_timer_supported=1
wind_bend_mm=0
wind_contact_binding_failures=0
wind_contact_defects=999999
wind_contact_jak_samples=0
wind_contact_object_samples=0
wind_contact_shrub_instances=0
wind_contact_tie_binding_failures=0
wind_contact_tie_instances=148
wind_contact_tie_jak_samples=0
wind_contact_tie_mapping_failures=0
wind_contact_tie_object_samples=0
wind_contact_tie_uploads=0
wind_contact_tie_vertices=5476
wind_contact_uploads=0
wind_native_samples=618048
wind_native_steps_seen=299
wind_native_stock_dev_pct=999999
wind_option_on=0
gpu_ms_buckets=7.0965
gpu_ms_etie=0.0000
gpu_ms_generic=0.0062
gpu_ms_hfrag=0.0000
gpu_ms_merc=0.3115
gpu_ms_ocean=0.1988
gpu_ms_other=0.3316
gpu_ms_shrub=0.9760
gpu_ms_sprite=0.3339
gpu_ms_tfrag=1.8870
gpu_ms_tie=3.0063
wind_native_rate_dev_pct=-1.000
wind_native_sat_pct=0.000
wind_native_wall_dev_pct=26.291
FEATURE lighting-census armed=1 hits=211843
gpu_ms_frames=417
gpu_timer_supported=1
wind_bend_mm=0
wind_contact_binding_failures=0
wind_contact_defects=999999
wind_contact_jak_samples=0
wind_contact_object_samples=0
wind_contact_shrub_instances=0
wind_contact_tie_binding_failures=0
wind_contact_tie_instances=148
wind_contact_tie_jak_samples=0
wind_contact_tie_mapping_failures=0
wind_contact_tie_object_samples=0
wind_contact_tie_uploads=0
wind_contact_tie_vertices=5476
wind_contact_uploads=0
wind_native_samples=618048
wind_native_steps_seen=299
wind_native_stock_dev_pct=999999
wind_option_on=0
gpu_ms_buckets=7.1093
gpu_ms_etie=0.0000
gpu_ms_generic=0.0062
gpu_ms_hfrag=0.0000
gpu_ms_merc=0.3119
gpu_ms_ocean=0.1958
gpu_ms_other=0.3287
gpu_ms_shrub=0.9796
gpu_ms_sprite=0.3331
gpu_ms_tfrag=1.8953
gpu_ms_tie=3.0138
wind_native_rate_dev_pct=-1.000
wind_native_sat_pct=0.000
wind_native_wall_dev_pct=26.291
FEATURE lighting-census armed=1 hits=243223
gpu_ms_frames=477
gpu_timer_supported=1
wind_bend_mm=0
wind_contact_binding_failures=0
wind_contact_defects=999999
wind_contact_jak_samples=0
wind_contact_object_samples=0
wind_contact_shrub_instances=0
wind_contact_tie_binding_failures=0
wind_contact_tie_instances=148
wind_contact_tie_jak_samples=0
wind_contact_tie_mapping_failures=0
wind_contact_tie_object_samples=0
wind_contact_tie_uploads=0
wind_contact_tie_vertices=5476
wind_contact_uploads=0
wind_native_samples=618048
wind_native_steps_seen=299
wind_native_stock_dev_pct=999999
wind_option_on=0
gpu_ms_buckets=7.1458
gpu_ms_etie=0.0000
gpu_ms_generic=0.0062
gpu_ms_hfrag=0.0000
gpu_ms_merc=0.3133
gpu_ms_ocean=0.1949
gpu_ms_other=0.3272
gpu_ms_shrub=0.9849
gpu_ms_sprite=0.3354
gpu_ms_tfrag=1.9155
gpu_ms_tie=3.0235
wind_native_rate_dev_pct=-1.000
wind_native_sat_pct=0.000
wind_native_wall_dev_pct=26.291
FEATURE lighting-census armed=1 hits=274603
gpu_ms_frames=537
gpu_timer_supported=1
wind_bend_mm=0
wind_contact_binding_failures=0
wind_contact_defects=999999
wind_contact_jak_samples=0
wind_contact_object_samples=0
wind_contact_shrub_instances=0
wind_contact_tie_binding_failures=0
wind_contact_tie_instances=148
wind_contact_tie_jak_samples=0
wind_contact_tie_mapping_failures=0
wind_contact_tie_object_samples=0
wind_contact_tie_uploads=0
wind_contact_tie_vertices=5476
wind_contact_uploads=0
wind_native_samples=618048
wind_native_steps_seen=299
wind_native_stock_dev_pct=999999
wind_option_on=0
gpu_ms_buckets=7.2025
gpu_ms_etie=0.0000
gpu_ms_generic=0.0062
gpu_ms_hfrag=0.0000
gpu_ms_merc=0.3149
gpu_ms_ocean=0.1952
gpu_ms_other=0.3275
gpu_ms_shrub=0.9910
gpu_ms_sprite=0.3353
gpu_ms_tfrag=1.9423
gpu_ms_tie=3.0451
wind_native_rate_dev_pct=-1.000
wind_native_sat_pct=0.000
wind_native_wall_dev_pct=26.291
FEATURE lighting-census armed=1 hits=305983
gpu_ms_frames=597
gpu_timer_supported=1
wind_bend_mm=0
wind_contact_binding_failures=0
wind_contact_defects=999999
wind_contact_jak_samples=0
wind_contact_object_samples=0
wind_contact_shrub_instances=0
wind_contact_tie_binding_failures=0
wind_contact_tie_instances=148
wind_contact_tie_jak_samples=0
wind_contact_tie_mapping_failures=0
wind_contact_tie_object_samples=0
wind_contact_tie_uploads=0
wind_contact_tie_vertices=5476
wind_contact_uploads=0
wind_native_samples=618048
wind_native_steps_seen=299
wind_native_stock_dev_pct=999999
wind_option_on=0
gpu_ms_buckets=7.2344
gpu_ms_etie=0.0000
gpu_ms_generic=0.0062
gpu_ms_hfrag=0.0000
gpu_ms_merc=0.3158
gpu_ms_ocean=0.1954
gpu_ms_other=0.3274
gpu_ms_shrub=0.9952
gpu_ms_sprite=0.3355
gpu_ms_tfrag=1.9576
gpu_ms_tie=3.0563
wind_native_rate_dev_pct=-1.000
wind_native_sat_pct=0.000
wind_native_wall_dev_pct=26.291
FEATURE lighting-census armed=1 hits=330852
gpu_ms_frames=657
gpu_timer_supported=1
wind_bend_mm=0
wind_contact_binding_failures=0
wind_contact_defects=999999
wind_contact_jak_samples=0
wind_contact_object_samples=0
wind_contact_shrub_instances=0
wind_contact_tie_binding_failures=0
wind_contact_tie_instances=148
wind_contact_tie_jak_samples=0
wind_contact_tie_mapping_failures=0
wind_contact_tie_object_samples=0
wind_contact_tie_uploads=0
wind_contact_tie_vertices=5476
wind_contact_uploads=0
wind_native_samples=1261848
wind_native_steps_seen=599
wind_native_stock_dev_pct=0
wind_option_on=0
gpu_ms_buckets=7.2551
gpu_ms_etie=0.0000
gpu_ms_generic=0.0063
gpu_ms_hfrag=0.0000
gpu_ms_merc=0.3127
gpu_ms_ocean=0.1943
gpu_ms_other=0.3305
gpu_ms_shrub=0.9947
gpu_ms_sprite=0.3383
gpu_ms_tfrag=2.0542
gpu_ms_tie=2.9789
wind_native_rate_dev_pct=0.000
wind_native_sat_pct=0.000
wind_native_wall_dev_pct=15.038
FEATURE lighting-census armed=1 hits=355752
gpu_ms_frames=717
gpu_timer_supported=1
wind_bend_mm=0
wind_contact_binding_failures=0
wind_contact_defects=999999
wind_contact_jak_samples=0
wind_contact_object_samples=0
wind_contact_shrub_instances=0
wind_contact_tie_binding_failures=0
wind_contact_tie_instances=148
wind_contact_tie_jak_samples=0
wind_contact_tie_mapping_failures=0
wind_contact_tie_object_samples=0
wind_contact_tie_uploads=0
wind_contact_tie_vertices=5476
wind_contact_uploads=0
wind_native_samples=1261848
wind_native_steps_seen=599
wind_native_stock_dev_pct=0
wind_option_on=0
gpu_ms_buckets=7.2913
gpu_ms_etie=0.0000
gpu_ms_generic=0.0063
gpu_ms_hfrag=0.0000
gpu_ms_merc=0.3089
gpu_ms_ocean=0.1939
gpu_ms_other=0.3345
gpu_ms_shrub=0.9949
gpu_ms_sprite=0.3420
gpu_ms_tfrag=2.1501
gpu_ms_tie=2.9150
wind_native_rate_dev_pct=0.000
wind_native_sat_pct=0.000
wind_native_wall_dev_pct=15.038
FEATURE lighting-census armed=1 hits=380652
gpu_ms_frames=777
gpu_timer_supported=1
wind_bend_mm=0
wind_contact_binding_failures=0
wind_contact_defects=999999
wind_contact_jak_samples=0
wind_contact_object_samples=0
wind_contact_shrub_instances=0
wind_contact_tie_binding_failures=0
wind_contact_tie_instances=148
wind_contact_tie_jak_samples=0
wind_contact_tie_mapping_failures=0
wind_contact_tie_object_samples=0
wind_contact_tie_uploads=0
wind_contact_tie_vertices=5476
wind_contact_uploads=0
wind_native_samples=1261848
wind_native_steps_seen=599
wind_native_stock_dev_pct=0
wind_option_on=0
gpu_ms_buckets=7.3196
gpu_ms_etie=0.0000
gpu_ms_generic=0.0064
gpu_ms_hfrag=0.0000
gpu_ms_merc=0.3055
gpu_ms_ocean=0.1936
gpu_ms_other=0.3379
gpu_ms_shrub=0.9949
gpu_ms_sprite=0.3439
gpu_ms_tfrag=2.2320
gpu_ms_tie=2.8596
wind_native_rate_dev_pct=0.000
wind_native_sat_pct=0.000
wind_native_wall_dev_pct=15.038
FEATURE lighting-census armed=1 hits=405552
gpu_ms_frames=837
gpu_timer_supported=1
wind_bend_mm=0
wind_contact_binding_failures=0
wind_contact_defects=999999
wind_contact_jak_samples=0
wind_contact_object_samples=0
wind_contact_shrub_instances=0
wind_contact_tie_binding_failures=0
wind_contact_tie_instances=148
wind_contact_tie_jak_samples=0
wind_contact_tie_mapping_failures=0
wind_contact_tie_object_samples=0
wind_contact_tie_uploads=0
wind_contact_tie_vertices=5476
wind_contact_uploads=0
wind_native_samples=1261848
wind_native_steps_seen=599
wind_native_stock_dev_pct=0
wind_option_on=0
gpu_ms_buckets=7.3318
gpu_ms_etie=0.0000
gpu_ms_generic=0.0064
gpu_ms_hfrag=0.0000
gpu_ms_merc=0.3023
gpu_ms_ocean=0.1931
gpu_ms_other=0.3406
gpu_ms_shrub=0.9938
gpu_ms_sprite=0.3453
gpu_ms_tfrag=2.2941
gpu_ms_tie=2.8101
wind_native_rate_dev_pct=0.000
wind_native_sat_pct=0.000
wind_native_wall_dev_pct=15.038
FEATURE lighting-census armed=1 hits=430452
gpu_ms_frames=897
gpu_timer_supported=1
wind_bend_mm=0
wind_contact_binding_failures=0
wind_contact_defects=999999
wind_contact_jak_samples=0
wind_contact_object_samples=0
wind_contact_shrub_instances=0
wind_contact_tie_binding_failures=0
wind_contact_tie_instances=148
wind_contact_tie_jak_samples=0
wind_contact_tie_mapping_failures=0
wind_contact_tie_object_samples=0
wind_contact_tie_uploads=0
wind_contact_tie_vertices=5476
wind_contact_uploads=0
wind_native_samples=1261848
wind_native_steps_seen=599
wind_native_stock_dev_pct=0
wind_option_on=0
gpu_ms_buckets=7.3254
gpu_ms_etie=0.0000
gpu_ms_generic=0.0064
gpu_ms_hfrag=0.0000
gpu_ms_merc=0.2992
gpu_ms_ocean=0.1919
gpu_ms_other=0.3422
gpu_ms_shrub=0.9917
gpu_ms_sprite=0.3465
gpu_ms_tfrag=2.3372
gpu_ms_tie=2.7642
wind_native_rate_dev_pct=0.000
wind_native_sat_pct=0.000
wind_native_wall_dev_pct=15.038
FEATURE lighting-census armed=1 hits=455350
gpu_ms_frames=957
gpu_timer_supported=1
wind_bend_mm=0
wind_contact_binding_failures=0
wind_contact_defects=999999
wind_contact_jak_samples=0
wind_contact_object_samples=0
wind_contact_shrub_instances=0
wind_contact_tie_binding_failures=0
wind_contact_tie_instances=148
wind_contact_tie_jak_samples=0
wind_contact_tie_mapping_failures=0
wind_contact_tie_object_samples=0
wind_contact_tie_uploads=0
wind_contact_tie_vertices=5476
wind_contact_uploads=0
wind_native_samples=1905648
wind_native_steps_seen=899
wind_native_stock_dev_pct=0
wind_option_on=0
gpu_ms_buckets=7.3247
gpu_ms_etie=0.0000
gpu_ms_generic=0.0064
gpu_ms_hfrag=0.0000
gpu_ms_merc=0.2977
gpu_ms_ocean=0.1912
gpu_ms_other=0.3429
gpu_ms_shrub=0.9895
gpu_ms_sprite=0.3476
gpu_ms_tfrag=2.3791
gpu_ms_tie=2.7241
wind_native_rate_dev_pct=0.000
wind_native_sat_pct=0.000
wind_native_wall_dev_pct=10.550
FEATURE lighting-census armed=1 hits=480250
gpu_ms_frames=1017
gpu_timer_supported=1
wind_bend_mm=0
wind_contact_binding_failures=0
wind_contact_defects=999999
wind_contact_jak_samples=0
wind_contact_object_samples=0
wind_contact_shrub_instances=0
wind_contact_tie_binding_failures=0
wind_contact_tie_instances=148
wind_contact_tie_jak_samples=0
wind_contact_tie_mapping_failures=0
wind_contact_tie_object_samples=0
wind_contact_tie_uploads=0
wind_contact_tie_vertices=5476
wind_contact_uploads=0
wind_native_samples=1905648
wind_native_steps_seen=899
wind_native_stock_dev_pct=0
wind_option_on=0
gpu_ms_buckets=7.3449
gpu_ms_etie=0.0000
gpu_ms_generic=0.0065
gpu_ms_hfrag=0.0000
gpu_ms_merc=0.2958
gpu_ms_ocean=0.1913
gpu_ms_other=0.3453
gpu_ms_shrub=0.9903
gpu_ms_sprite=0.3492
gpu_ms_tfrag=2.4250
gpu_ms_tie=2.6952
wind_native_rate_dev_pct=0.000
wind_native_sat_pct=0.000
wind_native_wall_dev_pct=10.550
FEATURE lighting-census armed=1 hits=505150
gpu_ms_frames=1077
gpu_timer_supported=1
wind_bend_mm=0
wind_contact_binding_failures=0
wind_contact_defects=999999
wind_contact_jak_samples=0
wind_contact_object_samples=0
wind_contact_shrub_instances=0
wind_contact_tie_binding_failures=0
wind_contact_tie_instances=148
wind_contact_tie_jak_samples=0
wind_contact_tie_mapping_failures=0
wind_contact_tie_object_samples=0
wind_contact_tie_uploads=0
wind_contact_tie_vertices=5476
wind_contact_uploads=0
wind_native_samples=1905648
wind_native_steps_seen=899
wind_native_stock_dev_pct=0
wind_option_on=0
gpu_ms_buckets=7.3516
gpu_ms_etie=0.0000
gpu_ms_generic=0.0065
gpu_ms_hfrag=0.0000
gpu_ms_merc=0.2935
gpu_ms_ocean=0.1903
gpu_ms_other=0.3457
gpu_ms_shrub=0.9897
gpu_ms_sprite=0.3501
gpu_ms_tfrag=2.4617
gpu_ms_tie=2.6675
wind_native_rate_dev_pct=0.000
wind_native_sat_pct=0.000
wind_native_wall_dev_pct=10.550
FEATURE lighting-census armed=1 hits=530050
gpu_ms_frames=1137
gpu_timer_supported=1
wind_bend_mm=0
wind_contact_binding_failures=0
wind_contact_defects=999999
wind_contact_jak_samples=0
wind_contact_object_samples=0
wind_contact_shrub_instances=0
wind_contact_tie_binding_failures=0
wind_contact_tie_instances=148
wind_contact_tie_jak_samples=0
wind_contact_tie_mapping_failures=0
wind_contact_tie_object_samples=0
wind_contact_tie_uploads=0
wind_contact_tie_vertices=5476
wind_contact_uploads=0
wind_native_samples=1905648
wind_native_steps_seen=899
wind_native_stock_dev_pct=0
wind_option_on=0
gpu_ms_buckets=7.3523
gpu_ms_etie=0.0000
gpu_ms_generic=0.0065
gpu_ms_hfrag=0.0000
gpu_ms_merc=0.2912
gpu_ms_ocean=0.1890
gpu_ms_other=0.3451
gpu_ms_shrub=0.9884
gpu_ms_sprite=0.3511
gpu_ms_tfrag=2.4909
gpu_ms_tie=2.6436
wind_native_rate_dev_pct=0.000
wind_native_sat_pct=0.000
wind_native_wall_dev_pct=10.550
FEATURE lighting-census armed=1 hits=554950
gpu_ms_frames=1197
gpu_timer_supported=1
wind_bend_mm=0
wind_contact_binding_failures=0
wind_contact_defects=999999
wind_contact_jak_samples=0
wind_contact_object_samples=0
wind_contact_shrub_instances=0
wind_contact_tie_binding_failures=0
wind_contact_tie_instances=148
wind_contact_tie_jak_samples=0
wind_contact_tie_mapping_failures=0
wind_contact_tie_object_samples=0
wind_contact_tie_uploads=0
wind_contact_tie_vertices=5476
wind_contact_uploads=0
wind_native_samples=1905648
wind_native_steps_seen=899
wind_native_stock_dev_pct=0
wind_option_on=0
gpu_ms_buckets=7.3374
gpu_ms_etie=0.0000
gpu_ms_generic=0.0065
gpu_ms_hfrag=0.0000
gpu_ms_merc=0.2887
gpu_ms_ocean=0.1876
gpu_ms_other=0.3442
gpu_ms_shrub=0.9843
gpu_ms_sprite=0.3506
gpu_ms_tfrag=2.5168
gpu_ms_tie=2.6124
wind_native_rate_dev_pct=0.000
wind_native_sat_pct=0.000
wind_native_wall_dev_pct=10.550
FEATURE lighting-census armed=1 hits=579850
gpu_ms_frames=1257
gpu_timer_supported=1
wind_bend_mm=0
wind_contact_binding_failures=0
wind_contact_defects=999999
wind_contact_jak_samples=0
wind_contact_object_samples=0
wind_contact_shrub_instances=0
wind_contact_tie_binding_failures=0
wind_contact_tie_instances=148
wind_contact_tie_jak_samples=0
wind_contact_tie_mapping_failures=0
wind_contact_tie_object_samples=0
wind_contact_tie_uploads=0
wind_contact_tie_vertices=5476
wind_contact_uploads=0
wind_native_samples=2549448
wind_native_steps_seen=1199
wind_native_stock_dev_pct=0
wind_option_on=0
gpu_ms_buckets=7.3311
gpu_ms_etie=0.0000
gpu_ms_generic=0.0065
gpu_ms_hfrag=0.0000
gpu_ms_merc=0.2864
gpu_ms_ocean=0.1866
gpu_ms_other=0.3435
gpu_ms_shrub=0.9811
gpu_ms_sprite=0.3502
gpu_ms_tfrag=2.5474
gpu_ms_tie=2.5831
wind_native_rate_dev_pct=0.000
wind_native_sat_pct=0.000
wind_native_wall_dev_pct=8.503
FEATURE lighting-census armed=1 hits=604750
gpu_ms_frames=1317
gpu_timer_supported=1
wind_bend_mm=0
wind_contact_binding_failures=0
wind_contact_defects=999999
wind_contact_jak_samples=0
wind_contact_object_samples=0
wind_contact_shrub_instances=0
wind_contact_tie_binding_failures=0
wind_contact_tie_instances=148
wind_contact_tie_jak_samples=0
wind_contact_tie_mapping_failures=0
wind_contact_tie_object_samples=0
wind_contact_tie_uploads=0
wind_contact_tie_vertices=5476
wind_contact_uploads=0
wind_native_samples=2549448
wind_native_steps_seen=1199
wind_native_stock_dev_pct=0
wind_option_on=0
gpu_ms_buckets=7.3151
gpu_ms_etie=0.0000
gpu_ms_generic=0.0064
gpu_ms_hfrag=0.0000
gpu_ms_merc=0.2840
gpu_ms_ocean=0.1853
gpu_ms_other=0.3422
gpu_ms_shrub=0.9774
gpu_ms_sprite=0.3496
gpu_ms_tfrag=2.5669
gpu_ms_tie=2.5571
wind_native_rate_dev_pct=0.000
wind_native_sat_pct=0.000
wind_native_wall_dev_pct=8.503
FEATURE lighting-census armed=1 hits=629650
gpu_ms_frames=1377
gpu_timer_supported=1
wind_bend_mm=0
wind_contact_binding_failures=0
wind_contact_defects=999999
wind_contact_jak_samples=0
wind_contact_object_samples=0
wind_contact_shrub_instances=0
wind_contact_tie_binding_failures=0
wind_contact_tie_instances=148
wind_contact_tie_jak_samples=0
wind_contact_tie_mapping_failures=0
wind_contact_tie_object_samples=0
wind_contact_tie_uploads=0
wind_contact_tie_vertices=5476
wind_contact_uploads=0
wind_native_samples=2549448
wind_native_steps_seen=1199
wind_native_stock_dev_pct=0
wind_option_on=0
gpu_ms_buckets=7.3178
gpu_ms_etie=0.0000
gpu_ms_generic=0.0064
gpu_ms_hfrag=0.0000
gpu_ms_merc=0.2824
gpu_ms_ocean=0.1845
gpu_ms_other=0.3422
gpu_ms_shrub=0.9761
gpu_ms_sprite=0.3497
gpu_ms_tfrag=2.5895
gpu_ms_tie=2.5407
wind_native_rate_dev_pct=0.000
wind_native_sat_pct=0.000
wind_native_wall_dev_pct=8.503
FEATURE lighting-census armed=1 hits=654550
gpu_ms_frames=1437
gpu_timer_supported=1
wind_bend_mm=0
wind_contact_binding_failures=0
wind_contact_defects=999999
wind_contact_jak_samples=0
wind_contact_object_samples=0
wind_contact_shrub_instances=0
wind_contact_tie_binding_failures=0
wind_contact_tie_instances=148
wind_contact_tie_jak_samples=0
wind_contact_tie_mapping_failures=0
wind_contact_tie_object_samples=0
wind_contact_tie_uploads=0
wind_contact_tie_vertices=5476
wind_contact_uploads=0
wind_native_samples=2549448
wind_native_steps_seen=1199
wind_native_stock_dev_pct=0
wind_option_on=0
gpu_ms_buckets=7.3043
gpu_ms_etie=0.0000
gpu_ms_generic=0.0064
gpu_ms_hfrag=0.0000
gpu_ms_merc=0.2803
gpu_ms_ocean=0.1834
gpu_ms_other=0.3411
gpu_ms_shrub=0.9725
gpu_ms_sprite=0.3492
gpu_ms_tfrag=2.5944
gpu_ms_tie=2.5312
wind_native_rate_dev_pct=0.000
wind_native_sat_pct=0.000
wind_native_wall_dev_pct=8.503
FEATURE lighting-census armed=1 hits=679450
gpu_ms_frames=1497
gpu_timer_supported=1
wind_bend_mm=0
wind_contact_binding_failures=0
wind_contact_defects=999999
wind_contact_jak_samples=0
wind_contact_object_samples=0
wind_contact_shrub_instances=0
wind_contact_tie_binding_failures=0
wind_contact_tie_instances=148
wind_contact_tie_jak_samples=0
wind_contact_tie_mapping_failures=0
wind_contact_tie_object_samples=0
wind_contact_tie_uploads=0
wind_contact_tie_vertices=5476
wind_contact_uploads=0
wind_native_samples=2549448
wind_native_steps_seen=1199
wind_native_stock_dev_pct=0
wind_option_on=0
gpu_ms_buckets=7.3012
gpu_ms_etie=0.0000
gpu_ms_generic=0.0064
gpu_ms_hfrag=0.0000
gpu_ms_merc=0.2792
gpu_ms_ocean=0.1827
gpu_ms_other=0.3405
gpu_ms_shrub=0.9706
gpu_ms_sprite=0.3490
gpu_ms_tfrag=2.6021
gpu_ms_tie=2.5248
wind_native_rate_dev_pct=0.000
wind_native_sat_pct=0.000
wind_native_wall_dev_pct=8.503
[50:06:928] [info] [foliage-wind] verdicts open=10 v1_native_dev=0 (dead_slots=0 rate_dev=0.000% ref=game wind_steps=1504 expected=1504 sat=0.000% samples=3193248) v2_base_shift_mm=999999 v3_still=999999 v4_divergent=999999 (pairs=29879) v5_peak=999999% (0.000 Hz, fenetre 0 s) v6_base_to_crown=0.100 v7_env_cv=0.000 v8_tip_gradient_min=-1.000 (mesurees=1350 non_mesurables=2336) v9_dir_spread=-1.0 deg (ok=0) instances=3686 shrubs=3489 sol=3127 enfonces=2720 natif_raideur=2067 trees_drawn=6 option_on=0 bend_m=0.000 native_shear_peak=0.2401
FEATURE lighting-census armed=1 hits=704350
gpu_ms_frames=1557
gpu_timer_supported=1
wind_bend_mm=0
wind_contact_binding_failures=0
wind_contact_defects=999999
wind_contact_jak_samples=0
wind_contact_object_samples=0
wind_contact_shrub_instances=0
wind_contact_tie_binding_failures=0
wind_contact_tie_instances=148
wind_contact_tie_jak_samples=0
wind_contact_tie_mapping_failures=0
wind_contact_tie_object_samples=0
wind_contact_tie_uploads=0
wind_contact_tie_vertices=5476
wind_contact_uploads=0
wind_native_samples=3193248
wind_native_steps_seen=1499
wind_native_stock_dev_pct=0
wind_option_on=0
gpu_ms_buckets=7.3004
gpu_ms_etie=0.0000
gpu_ms_generic=0.0064
gpu_ms_hfrag=0.0000
gpu_ms_merc=0.2788
gpu_ms_ocean=0.1820
gpu_ms_other=0.3406
gpu_ms_shrub=0.9729
gpu_ms_sprite=0.3494
gpu_ms_tfrag=2.6085
gpu_ms_tie=2.5160
wind_native_rate_dev_pct=0.000
wind_native_sat_pct=0.000
wind_native_wall_dev_pct=6.919
FEATURE lighting-census armed=1 hits=729250
gpu_ms_frames=1617
gpu_timer_supported=1
wind_bend_mm=0
wind_contact_binding_failures=0
wind_contact_defects=999999
wind_contact_jak_samples=0
wind_contact_object_samples=0
wind_contact_shrub_instances=0
wind_contact_tie_binding_failures=0
wind_contact_tie_instances=148
wind_contact_tie_jak_samples=0
wind_contact_tie_mapping_failures=0
wind_contact_tie_object_samples=0
wind_contact_tie_uploads=0
wind_contact_tie_vertices=5476
wind_contact_uploads=0
wind_native_samples=3193248
wind_native_steps_seen=1499
wind_native_stock_dev_pct=0
wind_option_on=0
gpu_ms_buckets=7.2878
gpu_ms_etie=0.0000
gpu_ms_generic=0.0064
gpu_ms_hfrag=0.0000
gpu_ms_merc=0.2793
gpu_ms_ocean=0.1810
gpu_ms_other=0.3411
gpu_ms_shrub=0.9768
gpu_ms_sprite=0.3493
gpu_ms_tfrag=2.6081
gpu_ms_tie=2.5001
wind_native_rate_dev_pct=0.000
wind_native_sat_pct=0.000
wind_native_wall_dev_pct=6.919
FEATURE lighting-census armed=1 hits=754150
gpu_ms_frames=1677
gpu_timer_supported=1
wind_bend_mm=0
wind_contact_binding_failures=0
wind_contact_defects=999999
wind_contact_jak_samples=0
wind_contact_object_samples=0
wind_contact_shrub_instances=0
wind_contact_tie_binding_failures=0
wind_contact_tie_instances=148
wind_contact_tie_jak_samples=0
wind_contact_tie_mapping_failures=0
wind_contact_tie_object_samples=0
wind_contact_tie_uploads=0
wind_contact_tie_vertices=5476
wind_contact_uploads=0
wind_native_samples=3193248
wind_native_steps_seen=1499
wind_native_stock_dev_pct=0
wind_option_on=0
gpu_ms_buckets=7.2809
gpu_ms_etie=0.0000
gpu_ms_generic=0.0064
gpu_ms_hfrag=0.0000
gpu_ms_merc=0.2792
gpu_ms_ocean=0.1810
gpu_ms_other=0.3413
gpu_ms_shrub=0.9803
gpu_ms_sprite=0.3493
gpu_ms_tfrag=2.6114
gpu_ms_tie=2.4863
wind_native_rate_dev_pct=0.000
wind_native_sat_pct=0.000
wind_native_wall_dev_pct=6.919
FEATURE lighting-census armed=1 hits=779050
gpu_ms_frames=1737
gpu_timer_supported=1
wind_bend_mm=0
wind_contact_binding_failures=0
wind_contact_defects=999999
wind_contact_jak_samples=0
wind_contact_object_samples=0
wind_contact_shrub_instances=0
wind_contact_tie_binding_failures=0
wind_contact_tie_instances=148
wind_contact_tie_jak_samples=0
wind_contact_tie_mapping_failures=0
wind_contact_tie_object_samples=0
wind_contact_tie_uploads=0
wind_contact_tie_vertices=5476
wind_contact_uploads=0
wind_native_samples=3193248
wind_native_steps_seen=1499
wind_native_stock_dev_pct=0
wind_option_on=0
gpu_ms_buckets=7.2768
gpu_ms_etie=0.0000
gpu_ms_generic=0.0064
gpu_ms_hfrag=0.0000
gpu_ms_merc=0.2790
gpu_ms_ocean=0.1802
gpu_ms_other=0.3408
gpu_ms_shrub=0.9810
gpu_ms_sprite=0.3495
gpu_ms_tfrag=2.6123
gpu_ms_tie=2.4821
wind_native_rate_dev_pct=0.000
wind_native_sat_pct=0.000
wind_native_wall_dev_pct=6.919
FEATURE lighting-census armed=1 hits=803950
gpu_ms_frames=1797
gpu_timer_supported=1
wind_bend_mm=0
wind_contact_binding_failures=0
wind_contact_defects=999999
wind_contact_jak_samples=0
wind_contact_object_samples=0
wind_contact_shrub_instances=0
wind_contact_tie_binding_failures=0
wind_contact_tie_instances=148
wind_contact_tie_jak_samples=0
wind_contact_tie_mapping_failures=0
wind_contact_tie_object_samples=0
wind_contact_tie_uploads=0
wind_contact_tie_vertices=5476
wind_contact_uploads=0
wind_native_samples=3193248
wind_native_steps_seen=1499
wind_native_stock_dev_pct=0
wind_option_on=0
gpu_ms_buckets=7.2646
gpu_ms_etie=0.0000
gpu_ms_generic=0.0064
gpu_ms_hfrag=0.0000
gpu_ms_merc=0.2775
gpu_ms_ocean=0.1792
gpu_ms_other=0.3400
gpu_ms_shrub=0.9784
gpu_ms_sprite=0.3489
gpu_ms_tfrag=2.6114
gpu_ms_tie=2.4772
wind_native_rate_dev_pct=0.000
wind_native_sat_pct=0.000
wind_native_wall_dev_pct=6.919
[50:16:407] [info] [foliage-wind] SHRUB native ACTIVE lev=beach matrices=2272 raideur_instances=1083 integrees=1083 ticks=1 wind_time=1802 peak_shear=0.0000 — le ressort de ND tourne sur les buissons (frame 1803)
FEATURE lighting-census armed=1 hits=842072
gpu_ms_frames=1857
gpu_timer_supported=1
wind_bend_mm=0
wind_contact_binding_failures=0
wind_contact_defects=999999
wind_contact_jak_samples=0
wind_contact_object_samples=0
wind_contact_shrub_instances=0
wind_contact_tie_binding_failures=0
wind_contact_tie_instances=468
wind_contact_tie_jak_samples=0
wind_contact_tie_mapping_failures=0
wind_contact_tie_object_samples=0
wind_contact_tie_uploads=0
wind_contact_tie_vertices=20196
wind_contact_uploads=0
wind_native_samples=3838195
wind_native_steps_seen=1798
wind_native_stock_dev_pct=0
wind_option_on=0
gpu_ms_buckets=7.3727
gpu_ms_etie=0.0000
gpu_ms_generic=0.0063
gpu_ms_hfrag=0.0000
gpu_ms_merc=0.2784
gpu_ms_ocean=0.1784
gpu_ms_other=0.4020
gpu_ms_shrub=0.9949
gpu_ms_sprite=0.3478
gpu_ms_tfrag=2.6230
gpu_ms_tie=2.4966
wind_native_rate_dev_pct=0.000
wind_native_sat_pct=0.000
wind_native_wall_dev_pct=5.864
FEATURE lighting-census armed=1 hits=880652
gpu_ms_frames=1917
gpu_timer_supported=1
wind_bend_mm=0
wind_contact_binding_failures=0
wind_contact_defects=999999
wind_contact_jak_samples=0
wind_contact_object_samples=0
wind_contact_shrub_instances=0
wind_contact_tie_binding_failures=0
wind_contact_tie_instances=468
wind_contact_tie_jak_samples=0
wind_contact_tie_mapping_failures=0
wind_contact_tie_object_samples=0
wind_contact_tie_uploads=0
wind_contact_tie_vertices=20196
wind_contact_uploads=0
wind_native_samples=3838195
wind_native_steps_seen=1798
wind_native_stock_dev_pct=0
wind_option_on=0
gpu_ms_buckets=7.5120
gpu_ms_etie=0.0000
gpu_ms_generic=0.0063
gpu_ms_hfrag=0.0000
gpu_ms_merc=0.2812
gpu_ms_ocean=0.1782
gpu_ms_other=0.4715
gpu_ms_shrub=1.0128
gpu_ms_sprite=0.3469
gpu_ms_tfrag=2.6477
gpu_ms_tie=2.5222
wind_native_rate_dev_pct=0.000
wind_native_sat_pct=0.000
wind_native_wall_dev_pct=5.864
FEATURE lighting-census armed=1 hits=919232
gpu_ms_frames=1977
gpu_timer_supported=1
wind_bend_mm=0
wind_contact_binding_failures=0
wind_contact_defects=999999
wind_contact_jak_samples=0
wind_contact_object_samples=0
wind_contact_shrub_instances=0
wind_contact_tie_binding_failures=0
wind_contact_tie_instances=468
wind_contact_tie_jak_samples=0
wind_contact_tie_mapping_failures=0
wind_contact_tie_object_samples=0
wind_contact_tie_uploads=0
wind_contact_tie_vertices=20196
wind_contact_uploads=0
wind_native_samples=3838195
wind_native_steps_seen=1798
wind_native_stock_dev_pct=0
wind_option_on=0
gpu_ms_buckets=7.6224
gpu_ms_etie=0.0000
gpu_ms_generic=0.0063
gpu_ms_hfrag=0.0000
gpu_ms_merc=0.2842
gpu_ms_ocean=0.1776
gpu_ms_other=0.5289
gpu_ms_shrub=1.0286
gpu_ms_sprite=0.3458
gpu_ms_tfrag=2.6624
gpu_ms_tie=2.5435
wind_native_rate_dev_pct=0.000
wind_native_sat_pct=0.000
wind_native_wall_dev_pct=5.864
FEATURE lighting-census armed=1 hits=957812
gpu_ms_frames=2037
gpu_timer_supported=1
wind_bend_mm=0
wind_contact_binding_failures=0
wind_contact_defects=999999
wind_contact_jak_samples=0
wind_contact_object_samples=0
wind_contact_shrub_instances=0
wind_contact_tie_binding_failures=0
wind_contact_tie_instances=468
wind_contact_tie_jak_samples=0
wind_contact_tie_mapping_failures=0
wind_contact_tie_object_samples=0
wind_contact_tie_uploads=0
wind_contact_tie_vertices=20196
wind_contact_uploads=0
wind_native_samples=3838195
wind_native_steps_seen=1798
wind_native_stock_dev_pct=0
wind_option_on=0
gpu_ms_buckets=7.7443
gpu_ms_etie=0.0000
gpu_ms_generic=0.0063
gpu_ms_hfrag=0.0000
gpu_ms_merc=0.2871
gpu_ms_ocean=0.1773
gpu_ms_other=0.6003
gpu_ms_shrub=1.0407
gpu_ms_sprite=0.3458
gpu_ms_tfrag=2.6783
gpu_ms_tie=2.5635
wind_native_rate_dev_pct=0.000
wind_native_sat_pct=0.000
wind_native_wall_dev_pct=5.864
FEATURE lighting-census armed=1 hits=996392
gpu_ms_frames=2097
gpu_timer_supported=1
wind_bend_mm=0
wind_contact_binding_failures=0
wind_contact_defects=999999
wind_contact_jak_samples=0
wind_contact_object_samples=0
wind_contact_shrub_instances=0
wind_contact_tie_binding_failures=0
wind_contact_tie_instances=468
wind_contact_tie_jak_samples=0
wind_contact_tie_mapping_failures=0
wind_contact_tie_object_samples=0
wind_contact_tie_uploads=0
wind_contact_tie_vertices=20196
wind_contact_uploads=0
wind_native_samples=3838195
wind_native_steps_seen=1798
wind_native_stock_dev_pct=0
wind_option_on=0
gpu_ms_buckets=7.8563
gpu_ms_etie=0.0000
gpu_ms_generic=0.0063
gpu_ms_hfrag=0.0000
gpu_ms_merc=0.2894
gpu_ms_ocean=0.1771
gpu_ms_other=0.6651
gpu_ms_shrub=1.0522
gpu_ms_sprite=0.3459
gpu_ms_tfrag=2.6928
gpu_ms_tie=2.5826
wind_native_rate_dev_pct=0.000
wind_native_sat_pct=0.000
wind_native_wall_dev_pct=5.864
FEATURE lighting-census armed=1 hits=1034741
gpu_ms_frames=2157
gpu_timer_supported=1
wind_bend_mm=0
wind_contact_binding_failures=0
wind_contact_defects=999999
wind_contact_jak_samples=0
wind_contact_object_samples=0
wind_contact_shrub_instances=0
wind_contact_tie_binding_failures=0
wind_contact_tie_instances=468
wind_contact_tie_jak_samples=0
wind_contact_tie_mapping_failures=0
wind_contact_tie_object_samples=0
wind_contact_tie_uploads=0
wind_contact_tie_vertices=20196
wind_contact_uploads=0
wind_native_samples=4826095
wind_native_steps_seen=2098
wind_native_stock_dev_pct=0
wind_option_on=0
gpu_ms_buckets=7.9562
gpu_ms_etie=0.0000
gpu_ms_generic=0.0063
gpu_ms_hfrag=0.0000
gpu_ms_merc=0.2912
gpu_ms_ocean=0.1768
gpu_ms_other=0.7230
gpu_ms_shrub=1.0616
gpu_ms_sprite=0.3454
gpu_ms_tfrag=2.7069
gpu_ms_tie=2.6002
wind_native_rate_dev_pct=0.000
wind_native_sat_pct=0.000
wind_native_wall_dev_pct=5.067
FEATURE lighting-census armed=1 hits=1073321
gpu_ms_frames=2217
gpu_timer_supported=1
wind_bend_mm=0
wind_contact_binding_failures=0
wind_contact_defects=999999
wind_contact_jak_samples=0
wind_contact_object_samples=0
wind_contact_shrub_instances=0
wind_contact_tie_binding_failures=0
wind_contact_tie_instances=468
wind_contact_tie_jak_samples=0
wind_contact_tie_mapping_failures=0
wind_contact_tie_object_samples=0
wind_contact_tie_uploads=0
wind_contact_tie_vertices=20196
wind_contact_uploads=0
wind_native_samples=4826095
wind_native_steps_seen=2098
wind_native_stock_dev_pct=0
wind_option_on=0
gpu_ms_buckets=8.0581
gpu_ms_etie=0.0000
gpu_ms_generic=0.0062
gpu_ms_hfrag=0.0000
gpu_ms_merc=0.2931
gpu_ms_ocean=0.1767
gpu_ms_other=0.7778
gpu_ms_shrub=1.0713
gpu_ms_sprite=0.3450
gpu_ms_tfrag=2.7228
gpu_ms_tie=2.6203
wind_native_rate_dev_pct=0.000
wind_native_sat_pct=0.000
wind_native_wall_dev_pct=5.067
FEATURE lighting-census armed=1 hits=1111901
gpu_ms_frames=2277
gpu_timer_supported=1
wind_bend_mm=0
wind_contact_binding_failures=0
wind_contact_defects=999999
wind_contact_jak_samples=0
wind_contact_object_samples=0
wind_contact_shrub_instances=0
wind_contact_tie_binding_failures=0
wind_contact_tie_instances=468
wind_contact_tie_jak_samples=0
wind_contact_tie_mapping_failures=0
wind_contact_tie_object_samples=0
wind_contact_tie_uploads=0
wind_contact_tie_vertices=20196
wind_contact_uploads=0
wind_native_samples=4826095
wind_native_steps_seen=2098
wind_native_stock_dev_pct=0
wind_option_on=0
gpu_ms_buckets=8.1643
gpu_ms_etie=0.0000
gpu_ms_generic=0.0062
gpu_ms_hfrag=0.0000
gpu_ms_merc=0.2947
gpu_ms_ocean=0.1769
gpu_ms_other=0.8335
gpu_ms_shrub=1.0808
gpu_ms_sprite=0.3449
gpu_ms_tfrag=2.7418
gpu_ms_tie=2.6407
wind_native_rate_dev_pct=0.000
wind_native_sat_pct=0.000
wind_native_wall_dev_pct=5.067
REFSET render-config case=origine/h00 chain_lf=2282 options.game_res_w=320
REFSET render-config case=origine/h00 chain_lf=2282 options.game_res_h=180
REFSET render-config case=origine/h00 chain_lf=2282 options.window_framebuffer_width=320
REFSET render-config case=origine/h00 chain_lf=2282 options.window_framebuffer_height=180
REFSET render-config case=origine/h00 chain_lf=2282 options.draw_region_width=320
REFSET render-config case=origine/h00 chain_lf=2282 options.draw_region_height=180
REFSET render-config case=origine/h00 chain_lf=2282 options.msaa_samples=1
REFSET render-config case=origine/h00 chain_lf=2282 options.brightness_contrast_color=0
REFSET render-config case=origine/h00 chain_lf=2282 options.brightness_contrast_alpha=128
REFSET render-config case=origine/h00 chain_lf=2282 options.save_screenshot=1
REFSET render-config case=origine/h00 chain_lf=2282 options.quick_screenshot=0
REFSET render-config case=origine/h00 chain_lf=2282 options.internal_res_screenshot=1
REFSET render-config case=origine/h00 chain_lf=2282 options.gpu_sync=0
REFSET render-config case=origine/h00 chain_lf=2282 options.draw_render_debug_window=0
REFSET render-config case=origine/h00 chain_lf=2282 options.draw_profiler_window=0
REFSET render-config case=origine/h00 chain_lf=2282 options.draw_loader_window=0
REFSET render-config case=origine/h00 chain_lf=2282 options.draw_small_profiler_window=0
REFSET render-config case=origine/h00 chain_lf=2282 options.draw_subtitle_editor_window=0
REFSET render-config case=origine/h00 chain_lf=2282 options.draw_filters_window=0
REFSET render-config case=origine/h00 chain_lf=2282 options.pmode_alp_register=0x1p+0
REFSET render-config case=origine/h00 chain_lf=2282 master_active=0
REFSET render-config case=origine/h00 chain_lf=2282 settings.lod_tfrag=0
REFSET render-config case=origine/h00 chain_lf=2282 settings.lod_tie=0
REFSET render-config case=origine/h00 chain_lf=2282 settings.hack_no_tex=0
REFSET render-config case=origine/h00 chain_lf=2282 settings.collision_enable=0
REFSET render-config case=origine/h00 chain_lf=2282 settings.load_custom_assets=0
REFSET render-config case=origine/h00 chain_lf=2282 settings.recharged_master=1
REFSET render-config case=origine/h00 chain_lf=2282 settings.recharged_lighting=1
REFSET render-config case=origine/h00 chain_lf=2282 settings.recharged_grass=1
REFSET render-config case=origine/h00 chain_lf=2282 settings.recharged_textures=1
REFSET render-config case=origine/h00 chain_lf=2282 settings.recharged_managed_assets=1
REFSET render-config case=origine/h00 chain_lf=2282 settings.recharged_enhanced_models=1
REFSET render-config case=origine/h00 chain_lf=2282 settings.recharged_pbr_enable=1
REFSET render-config case=origine/h00 chain_lf=2282 settings.recharged_modern_materials=0
REFSET render-config case=origine/h00 chain_lf=2282 settings.recharged_rt_light_enable=0
REFSET render-config case=origine/h00 chain_lf=2282 settings.recharged_ao_mode=0
REFSET render-config case=origine/h00 chain_lf=2282 settings.mb_target_active=0
REFSET render-config case=origine/h00 chain_lf=2282 settings.mb_isolate=0
REFSET render-config case=origine/h00 chain_lf=2282 settings.mb_pbr_override=0
REFSET render-config case=origine/h00 chain_lf=2282 settings.target_fps=0x1.ep+5
FEATURE lighting-census armed=1 hits=1150481
gpu_ms_frames=2337
gpu_timer_supported=1
wind_bend_mm=0
wind_contact_binding_failures=0
wind_contact_defects=999999
wind_contact_jak_samples=0
wind_contact_object_samples=0
wind_contact_shrub_instances=0
wind_contact_tie_binding_failures=0
wind_contact_tie_instances=468
wind_contact_tie_jak_samples=0
wind_contact_tie_mapping_failures=0
wind_contact_tie_object_samples=0
wind_contact_tie_uploads=0
wind_contact_tie_vertices=20196
wind_contact_uploads=0
wind_native_samples=4826095
wind_native_steps_seen=2098
wind_native_stock_dev_pct=0
wind_option_on=0
gpu_ms_buckets=8.3015
gpu_ms_etie=0.0000
gpu_ms_generic=0.0074
gpu_ms_hfrag=0.0000
gpu_ms_merc=0.3398
gpu_ms_ocean=0.1779
gpu_ms_other=0.8796
gpu_ms_shrub=1.0889
gpu_ms_sprite=0.3445
gpu_ms_tfrag=2.7599
gpu_ms_tie=2.6585
wind_native_rate_dev_pct=0.000
wind_native_sat_pct=0.000
wind_native_wall_dev_pct=5.067
FEATURE lighting-census armed=1 hits=1189061
gpu_ms_frames=2397
gpu_timer_supported=1
wind_bend_mm=0
wind_contact_binding_failures=0
wind_contact_defects=999999
wind_contact_jak_samples=0
wind_contact_object_samples=0
wind_contact_shrub_instances=0
wind_contact_tie_binding_failures=0
wind_contact_tie_instances=468
wind_contact_tie_jak_samples=0
wind_contact_tie_mapping_failures=0
wind_contact_tie_object_samples=0
wind_contact_tie_uploads=0
wind_contact_tie_vertices=20196
wind_contact_uploads=0
wind_native_samples=4826095
wind_native_steps_seen=2098
wind_native_stock_dev_pct=0
wind_option_on=0
gpu_ms_buckets=8.3807
gpu_ms_etie=0.0000
gpu_ms_generic=0.0074
gpu_ms_hfrag=0.0000
gpu_ms_merc=0.3395
gpu_ms_ocean=0.1777
gpu_ms_other=0.9269
gpu_ms_shrub=1.0941
gpu_ms_sprite=0.3435
gpu_ms_tfrag=2.7748
gpu_ms_tie=2.6720
wind_native_rate_dev_pct=0.000
wind_native_sat_pct=0.000
wind_native_wall_dev_pct=5.067
FEATURE lighting-census armed=1 hits=1227641
gpu_ms_frames=2457
gpu_timer_supported=1
wind_bend_mm=0
wind_contact_binding_failures=0
wind_contact_defects=999999
wind_contact_jak_samples=0
wind_contact_object_samples=0
wind_contact_shrub_instances=0
wind_contact_tie_binding_failures=0
wind_contact_tie_instances=468
wind_contact_tie_jak_samples=0
wind_contact_tie_mapping_failures=0
wind_contact_tie_object_samples=0
wind_contact_tie_uploads=0
wind_contact_tie_vertices=20196
wind_contact_uploads=0
wind_native_samples=5812848
wind_native_steps_seen=2398
wind_native_stock_dev_pct=0
wind_option_on=0
gpu_ms_buckets=8.4586
gpu_ms_etie=0.0000
gpu_ms_generic=0.0073
gpu_ms_hfrag=0.0000
gpu_ms_merc=0.3392
gpu_ms_ocean=0.1779
gpu_ms_other=0.9695
gpu_ms_shrub=1.0992
gpu_ms_sprite=0.3427
gpu_ms_tfrag=2.7917
gpu_ms_tie=2.6864
wind_native_rate_dev_pct=0.000
wind_native_sat_pct=0.000
wind_native_wall_dev_pct=5.314
FEATURE lighting-census armed=1 hits=1266221
gpu_ms_frames=2517
gpu_timer_supported=1
wind_bend_mm=0
wind_contact_binding_failures=0
wind_contact_defects=999999
wind_contact_jak_samples=0
wind_contact_object_samples=0
wind_contact_shrub_instances=0
wind_contact_tie_binding_failures=0
wind_contact_tie_instances=468
wind_contact_tie_jak_samples=0
wind_contact_tie_mapping_failures=0
wind_contact_tie_object_samples=0
wind_contact_tie_uploads=0
wind_contact_tie_vertices=20196
wind_contact_uploads=0
wind_native_samples=5812848
wind_native_steps_seen=2398
wind_native_stock_dev_pct=0
wind_option_on=0
gpu_ms_buckets=8.5336
gpu_ms_etie=0.0000
gpu_ms_generic=0.0073
gpu_ms_hfrag=0.0000
gpu_ms_merc=0.3387
gpu_ms_ocean=0.1778
gpu_ms_other=1.0186
gpu_ms_shrub=1.1033
gpu_ms_sprite=0.3418
gpu_ms_tfrag=2.8040
gpu_ms_tie=2.6975
wind_native_rate_dev_pct=0.000
wind_native_sat_pct=0.000
wind_native_wall_dev_pct=5.314
FEATURE lighting-census armed=1 hits=1304801
gpu_ms_frames=2577
gpu_timer_supported=1
wind_bend_mm=0
wind_contact_binding_failures=0
wind_contact_defects=999999
wind_contact_jak_samples=0
wind_contact_object_samples=0
wind_contact_shrub_instances=0
wind_contact_tie_binding_failures=0
wind_contact_tie_instances=468
wind_contact_tie_jak_samples=0
wind_contact_tie_mapping_failures=0
wind_contact_tie_object_samples=0
wind_contact_tie_uploads=0
wind_contact_tie_vertices=20196
wind_contact_uploads=0
wind_native_samples=5812848
wind_native_steps_seen=2398
wind_native_stock_dev_pct=0
wind_option_on=0
gpu_ms_buckets=8.6066
gpu_ms_etie=0.0000
gpu_ms_generic=0.0073
gpu_ms_hfrag=0.0000
gpu_ms_merc=0.3387
gpu_ms_ocean=0.1778
gpu_ms_other=1.0549
gpu_ms_shrub=1.1092
gpu_ms_sprite=0.3412
gpu_ms_tfrag=2.8203
gpu_ms_tie=2.7127
wind_native_rate_dev_pct=0.000
wind_native_sat_pct=0.000
wind_native_wall_dev_pct=5.314
FEATURE lighting-census armed=1 hits=1343381
gpu_ms_frames=2637
gpu_timer_supported=1
wind_bend_mm=0
wind_contact_binding_failures=0
wind_contact_defects=999999
wind_contact_jak_samples=0
wind_contact_object_samples=0
wind_contact_shrub_instances=0
wind_contact_tie_binding_failures=0
wind_contact_tie_instances=468
wind_contact_tie_jak_samples=0
wind_contact_tie_mapping_failures=0
wind_contact_tie_object_samples=0
wind_contact_tie_uploads=0
wind_contact_tie_vertices=20196
wind_contact_uploads=0
wind_native_samples=5812848
wind_native_steps_seen=2398
wind_native_stock_dev_pct=0
wind_option_on=0
gpu_ms_buckets=8.6794
gpu_ms_etie=0.0000
gpu_ms_generic=0.0072
gpu_ms_hfrag=0.0000
gpu_ms_merc=0.3387
gpu_ms_ocean=0.1778
gpu_ms_other=1.0889
gpu_ms_shrub=1.1153
gpu_ms_sprite=0.3406
gpu_ms_tfrag=2.8372
gpu_ms_tie=2.7291
wind_native_rate_dev_pct=0.000
wind_native_sat_pct=0.000
wind_native_wall_dev_pct=5.314
FEATURE lighting-census armed=1 hits=1381961
gpu_ms_frames=2697
gpu_timer_supported=1
wind_bend_mm=0
wind_contact_binding_failures=0
wind_contact_defects=999999
wind_contact_jak_samples=0
wind_contact_object_samples=0
wind_contact_shrub_instances=0
wind_contact_tie_binding_failures=0
wind_contact_tie_instances=468
wind_contact_tie_jak_samples=0
wind_contact_tie_mapping_failures=0
wind_contact_tie_object_samples=0
wind_contact_tie_uploads=0
wind_contact_tie_vertices=20196
wind_contact_uploads=0
wind_native_samples=5812848
wind_native_steps_seen=2398
wind_native_stock_dev_pct=0
wind_option_on=0
gpu_ms_buckets=8.7457
gpu_ms_etie=0.0000
gpu_ms_generic=0.0072
gpu_ms_hfrag=0.0000
gpu_ms_merc=0.3384
gpu_ms_ocean=0.1778
gpu_ms_other=1.1281
gpu_ms_shrub=1.1196
gpu_ms_sprite=0.3398
gpu_ms_tfrag=2.8498
gpu_ms_tie=2.7405
wind_native_rate_dev_pct=0.000
wind_native_sat_pct=0.000
wind_native_wall_dev_pct=5.314
[50:31:795] [info] [foliage-wind] verdicts open=10 v1_native_dev=0 (dead_slots=0 rate_dev=0.000% ref=game wind_steps=2704 expected=2704 sat=0.000% samples=6800748) v2_base_shift_mm=999999 v3_still=999999 v4_divergent=999999 (pairs=40316) v5_peak=999999% (0.000 Hz, fenetre 0 s) v6_base_to_crown=0.100 v7_env_cv=0.000 v8_tip_gradient_min=-1.000 (mesurees=2199 non_mesurables=3903) v9_dir_spread=-1.0 deg (ok=0) instances=6102 shrubs=5761 sol=5010 enfonces=4473 natif_raideur=3150 trees_drawn=9 option_on=0 bend_m=0.000 native_shear_peak=0.2456
FEATURE lighting-census armed=1 hits=1420541
gpu_ms_frames=2757
gpu_timer_supported=1
wind_bend_mm=0
wind_contact_binding_failures=0
wind_contact_defects=999999
wind_contact_jak_samples=0
wind_contact_object_samples=0
wind_contact_shrub_instances=0
wind_contact_tie_binding_failures=0
wind_contact_tie_instances=468
wind_contact_tie_jak_samples=0
wind_contact_tie_mapping_failures=0
wind_contact_tie_object_samples=0
wind_contact_tie_uploads=0
wind_contact_tie_vertices=20196
wind_contact_uploads=0
wind_native_samples=6800748
wind_native_steps_seen=2698
wind_native_stock_dev_pct=0
wind_option_on=0
gpu_ms_buckets=8.8079
gpu_ms_etie=0.0000
gpu_ms_generic=0.0072
gpu_ms_hfrag=0.0000
gpu_ms_merc=0.3384
gpu_ms_ocean=0.1779
gpu_ms_other=1.1594
gpu_ms_shrub=1.1248
gpu_ms_sprite=0.3394
gpu_ms_tfrag=2.8633
gpu_ms_tie=2.7531
wind_native_rate_dev_pct=0.000
wind_native_sat_pct=0.000
wind_native_wall_dev_pct=4.751
FEATURE lighting-census armed=1 hits=1459121
gpu_ms_frames=2817
gpu_timer_supported=1
wind_bend_mm=0
wind_contact_binding_failures=0
wind_contact_defects=999999
wind_contact_jak_samples=0
wind_contact_object_samples=0
wind_contact_shrub_instances=0
wind_contact_tie_binding_failures=0
wind_contact_tie_instances=468
wind_contact_tie_jak_samples=0
wind_contact_tie_mapping_failures=0
wind_contact_tie_object_samples=0
wind_contact_tie_uploads=0
wind_contact_tie_vertices=20196
wind_contact_uploads=0
wind_native_samples=6800748
wind_native_steps_seen=2698
wind_native_stock_dev_pct=0
wind_option_on=0
gpu_ms_buckets=8.8620
gpu_ms_etie=0.0000
gpu_ms_generic=0.0071
gpu_ms_hfrag=0.0000
gpu_ms_merc=0.3384
gpu_ms_ocean=0.1779
gpu_ms_other=1.1844
gpu_ms_shrub=1.1297
gpu_ms_sprite=0.3389
gpu_ms_tfrag=2.8759
gpu_ms_tie=2.7653
wind_native_rate_dev_pct=0.000
wind_native_sat_pct=0.000
wind_native_wall_dev_pct=4.751
FEATURE lighting-census armed=1 hits=1497701
gpu_ms_frames=2877
gpu_timer_supported=1
wind_bend_mm=0
wind_contact_binding_failures=0
wind_contact_defects=999999
wind_contact_jak_samples=0
wind_contact_object_samples=0
wind_contact_shrub_instances=0
wind_contact_tie_binding_failures=0
wind_contact_tie_instances=468
wind_contact_tie_jak_samples=0
wind_contact_tie_mapping_failures=0
wind_contact_tie_object_samples=0
wind_contact_tie_uploads=0
wind_contact_tie_vertices=20196
wind_contact_uploads=0
wind_native_samples=6800748
wind_native_steps_seen=2698
wind_native_stock_dev_pct=0
wind_option_on=0
gpu_ms_buckets=8.9093
gpu_ms_etie=0.0000
gpu_ms_generic=0.0071
gpu_ms_hfrag=0.0000
gpu_ms_merc=0.3382
gpu_ms_ocean=0.1778
gpu_ms_other=1.2076
gpu_ms_shrub=1.1337
gpu_ms_sprite=0.3383
gpu_ms_tfrag=2.8868
gpu_ms_tie=2.7755
wind_native_rate_dev_pct=0.000
wind_native_sat_pct=0.000
wind_native_wall_dev_pct=4.751
FEATURE lighting-census armed=1 hits=1536281
gpu_ms_frames=2937
gpu_timer_supported=1
wind_bend_mm=0
wind_contact_binding_failures=0
wind_contact_defects=999999
wind_contact_jak_samples=0
wind_contact_object_samples=0
wind_contact_shrub_instances=0
wind_contact_tie_binding_failures=0
wind_contact_tie_instances=468
wind_contact_tie_jak_samples=0
wind_contact_tie_mapping_failures=0
wind_contact_tie_object_samples=0
wind_contact_tie_uploads=0
wind_contact_tie_vertices=20196
wind_contact_uploads=0
wind_native_samples=6800748
wind_native_steps_seen=2698
wind_native_stock_dev_pct=0
wind_option_on=0
gpu_ms_buckets=8.9614
gpu_ms_etie=0.0000
gpu_ms_generic=0.0071
gpu_ms_hfrag=0.0000
gpu_ms_merc=0.3379
gpu_ms_ocean=0.1777
gpu_ms_other=1.2399
gpu_ms_shrub=1.1369
gpu_ms_sprite=0.3376
gpu_ms_tfrag=2.8972
gpu_ms_tie=2.7829
wind_native_rate_dev_pct=0.000
wind_native_sat_pct=0.000
wind_native_wall_dev_pct=4.751
FEATURE lighting-census armed=1 hits=1574861
gpu_ms_frames=2997
gpu_timer_supported=1
wind_bend_mm=0
wind_contact_binding_failures=0
wind_contact_defects=999999
wind_contact_jak_samples=0
wind_contact_object_samples=0
wind_contact_shrub_instances=0
wind_contact_tie_binding_failures=0
wind_contact_tie_instances=468
wind_contact_tie_jak_samples=0
wind_contact_tie_mapping_failures=0
wind_contact_tie_object_samples=0
wind_contact_tie_uploads=0
wind_contact_tie_vertices=20196
wind_contact_uploads=0
wind_native_samples=6800748
wind_native_steps_seen=2698
wind_native_stock_dev_pct=0
wind_option_on=0
gpu_ms_buckets=9.0172
gpu_ms_etie=0.0000
gpu_ms_generic=0.0070
gpu_ms_hfrag=0.0000
gpu_ms_merc=0.3382
gpu_ms_ocean=0.1778
gpu_ms_other=1.2643
gpu_ms_shrub=1.1426
gpu_ms_sprite=0.3375
gpu_ms_tfrag=2.9098
gpu_ms_tie=2.7957
wind_native_rate_dev_pct=0.000
wind_native_sat_pct=0.000
wind_native_wall_dev_pct=4.751
FEATURE lighting-census armed=1 hits=1613441
gpu_ms_frames=3057
gpu_timer_supported=1
wind_bend_mm=0
wind_contact_binding_failures=0
wind_contact_defects=999999
wind_contact_jak_samples=0
wind_contact_object_samples=0
wind_contact_shrub_instances=0
wind_contact_tie_binding_failures=0
wind_contact_tie_instances=468
wind_contact_tie_jak_samples=0
wind_contact_tie_mapping_failures=0
wind_contact_tie_object_samples=0
wind_contact_tie_uploads=0
wind_contact_tie_vertices=20196
wind_contact_uploads=0
wind_native_samples=7788648
wind_native_steps_seen=2998
wind_native_stock_dev_pct=0
wind_option_on=0
gpu_ms_buckets=9.0708
gpu_ms_etie=0.0000
gpu_ms_generic=0.0070
gpu_ms_hfrag=0.0000
gpu_ms_merc=0.3382
gpu_ms_ocean=0.1779
gpu_ms_other=1.2915
gpu_ms_shrub=1.1464
gpu_ms_sprite=0.3371
gpu_ms_tfrag=2.9225
gpu_ms_tie=2.8060
wind_native_rate_dev_pct=0.000
wind_native_sat_pct=0.884
wind_native_wall_dev_pct=4.297
FEATURE lighting-census armed=1 hits=1652021
gpu_ms_frames=3117
gpu_timer_supported=1
wind_bend_mm=0
wind_contact_binding_failures=0
wind_contact_defects=999999
wind_contact_jak_samples=0
wind_contact_object_samples=0
wind_contact_shrub_instances=0
wind_contact_tie_binding_failures=0
wind_contact_tie_instances=468
wind_contact_tie_jak_samples=0
wind_contact_tie_mapping_failures=0
wind_contact_tie_object_samples=0
wind_contact_tie_uploads=0
wind_contact_tie_vertices=20196
wind_contact_uploads=0
wind_native_samples=7788648
wind_native_steps_seen=2998
wind_native_stock_dev_pct=0
wind_option_on=0
gpu_ms_buckets=9.1195
gpu_ms_etie=0.0000
gpu_ms_generic=0.0070
gpu_ms_hfrag=0.0000
gpu_ms_merc=0.3379
gpu_ms_ocean=0.1778
gpu_ms_other=1.3206
gpu_ms_shrub=1.1496
gpu_ms_sprite=0.3366
gpu_ms_tfrag=2.9316
gpu_ms_tie=2.8142
wind_native_rate_dev_pct=0.000
wind_native_sat_pct=0.884
wind_native_wall_dev_pct=4.297
FEATURE lighting-census armed=1 hits=1690601
gpu_ms_frames=3177
gpu_timer_supported=1
wind_bend_mm=0
wind_contact_binding_failures=0
wind_contact_defects=999999
wind_contact_jak_samples=0
wind_contact_object_samples=0
wind_contact_shrub_instances=0
wind_contact_tie_binding_failures=0
wind_contact_tie_instances=468
wind_contact_tie_jak_samples=0
wind_contact_tie_mapping_failures=0
wind_contact_tie_object_samples=0
wind_contact_tie_uploads=0
wind_contact_tie_vertices=20196
wind_contact_uploads=0
wind_native_samples=7788648
wind_native_steps_seen=2998
wind_native_stock_dev_pct=0
wind_option_on=0
gpu_ms_buckets=9.1562
gpu_ms_etie=0.0000
gpu_ms_generic=0.0070
gpu_ms_hfrag=0.0000
gpu_ms_merc=0.3378
gpu_ms_ocean=0.1778
gpu_ms_other=1.3380
gpu_ms_shrub=1.1529
gpu_ms_sprite=0.3361
gpu_ms_tfrag=2.9406
gpu_ms_tie=2.8219
wind_native_rate_dev_pct=0.000
wind_native_sat_pct=0.884
wind_native_wall_dev_pct=4.297
FEATURE lighting-census armed=1 hits=1729181
gpu_ms_frames=3237
gpu_timer_supported=1
wind_bend_mm=0
wind_contact_binding_failures=0
wind_contact_defects=999999
wind_contact_jak_samples=0
wind_contact_object_samples=0
wind_contact_shrub_instances=0
wind_contact_tie_binding_failures=0
wind_contact_tie_instances=468
wind_contact_tie_jak_samples=0
wind_contact_tie_mapping_failures=0
wind_contact_tie_object_samples=0
wind_contact_tie_uploads=0
wind_contact_tie_vertices=20196
wind_contact_uploads=0
wind_native_samples=7788648
wind_native_steps_seen=2998
wind_native_stock_dev_pct=0
wind_option_on=0
gpu_ms_buckets=9.1963
gpu_ms_etie=0.0000
gpu_ms_generic=0.0069
gpu_ms_hfrag=0.0000
gpu_ms_merc=0.3376
gpu_ms_ocean=0.1776
gpu_ms_other=1.3624
gpu_ms_shrub=1.1558
gpu_ms_sprite=0.3356
gpu_ms_tfrag=2.9477
gpu_ms_tie=2.8287
wind_native_rate_dev_pct=0.000
wind_native_sat_pct=0.884
wind_native_wall_dev_pct=4.297
FEATURE lighting-census armed=1 hits=1767761
gpu_ms_frames=3297
gpu_timer_supported=1
wind_bend_mm=0
wind_contact_binding_failures=0
wind_contact_defects=999999
wind_contact_jak_samples=0
wind_contact_object_samples=0
wind_contact_shrub_instances=0
wind_contact_tie_binding_failures=0
wind_contact_tie_instances=468
wind_contact_tie_jak_samples=0
wind_contact_tie_mapping_failures=0
wind_contact_tie_object_samples=0
wind_contact_tie_uploads=0
wind_contact_tie_vertices=20196
wind_contact_uploads=0
wind_native_samples=7788648
wind_native_steps_seen=2998
wind_native_stock_dev_pct=0
wind_option_on=0
gpu_ms_buckets=9.2367
gpu_ms_etie=0.0000
gpu_ms_generic=0.0069
gpu_ms_hfrag=0.0000
gpu_ms_merc=0.3370
gpu_ms_ocean=0.1774
gpu_ms_other=1.3925
gpu_ms_shrub=1.1575
gpu_ms_sprite=0.3347
gpu_ms_tfrag=2.9532
gpu_ms_tie=2.8334
wind_native_rate_dev_pct=0.000
wind_native_sat_pct=0.884
wind_native_wall_dev_pct=4.297
FEATURE lighting-census armed=1 hits=1806341
gpu_ms_frames=3357
gpu_timer_supported=1
wind_bend_mm=0
wind_contact_binding_failures=0
wind_contact_defects=999999
wind_contact_jak_samples=0
wind_contact_object_samples=0
wind_contact_shrub_instances=0
wind_contact_tie_binding_failures=0
wind_contact_tie_instances=468
wind_contact_tie_jak_samples=0
wind_contact_tie_mapping_failures=0
wind_contact_tie_object_samples=0
wind_contact_tie_uploads=0
wind_contact_tie_vertices=20196
wind_contact_uploads=0
wind_native_samples=8776548
wind_native_steps_seen=3298
wind_native_stock_dev_pct=0
wind_option_on=0
gpu_ms_buckets=9.2749
gpu_ms_etie=0.0000
gpu_ms_generic=0.0069
gpu_ms_hfrag=0.0000
gpu_ms_merc=0.3365
gpu_ms_ocean=0.1771
gpu_ms_other=1.4205
gpu_ms_shrub=1.1592
gpu_ms_sprite=0.3339
gpu_ms_tfrag=2.9593
gpu_ms_tie=2.8377
wind_native_rate_dev_pct=0.000
wind_native_sat_pct=0.785
wind_native_wall_dev_pct=3.921
FEATURE lighting-census armed=1 hits=1844921
gpu_ms_frames=3417
gpu_timer_supported=1
wind_bend_mm=0
wind_contact_binding_failures=0
wind_contact_defects=999999
wind_contact_jak_samples=0
wind_contact_object_samples=0
wind_contact_shrub_instances=0
wind_contact_tie_binding_failures=0
wind_contact_tie_instances=468
wind_contact_tie_jak_samples=0
wind_contact_tie_mapping_failures=0
wind_contact_tie_object_samples=0
wind_contact_tie_uploads=0
wind_contact_tie_vertices=20196
wind_contact_uploads=0
wind_native_samples=8776548
wind_native_steps_seen=3298
wind_native_stock_dev_pct=0
wind_option_on=0
gpu_ms_buckets=9.3131
gpu_ms_etie=0.0000
gpu_ms_generic=0.0068
gpu_ms_hfrag=0.0000
gpu_ms_merc=0.3363
gpu_ms_ocean=0.1770
gpu_ms_other=1.4447
gpu_ms_shrub=1.1613
gpu_ms_sprite=0.3334
gpu_ms_tfrag=2.9660
gpu_ms_tie=2.8438
wind_native_rate_dev_pct=0.000
wind_native_sat_pct=0.785
wind_native_wall_dev_pct=3.921
FEATURE lighting-census armed=1 hits=1883501
gpu_ms_frames=3477
gpu_timer_supported=1
wind_bend_mm=0
wind_contact_binding_failures=0
wind_contact_defects=999999
wind_contact_jak_samples=0
wind_contact_object_samples=0
wind_contact_shrub_instances=0
wind_contact_tie_binding_failures=0
wind_contact_tie_instances=468
wind_contact_tie_jak_samples=0
wind_contact_tie_mapping_failures=0
wind_contact_tie_object_samples=0
wind_contact_tie_uploads=0
wind_contact_tie_vertices=20196
wind_contact_uploads=0
wind_native_samples=8776548
wind_native_steps_seen=3298
wind_native_stock_dev_pct=0
wind_option_on=0
gpu_ms_buckets=9.3492
gpu_ms_etie=0.0000
gpu_ms_generic=0.0068
gpu_ms_hfrag=0.0000
gpu_ms_merc=0.3359
gpu_ms_ocean=0.1769
gpu_ms_other=1.4707
gpu_ms_shrub=1.1630
gpu_ms_sprite=0.3329
gpu_ms_tfrag=2.9713
gpu_ms_tie=2.8480
wind_native_rate_dev_pct=0.000
wind_native_sat_pct=0.785
wind_native_wall_dev_pct=3.921
FEATURE lighting-census armed=1 hits=1922081
gpu_ms_frames=3537
gpu_timer_supported=1
wind_bend_mm=0
wind_contact_binding_failures=0
wind_contact_defects=999999
wind_contact_jak_samples=0
wind_contact_object_samples=0
wind_contact_shrub_instances=0
wind_contact_tie_binding_failures=0
wind_contact_tie_instances=468
wind_contact_tie_jak_samples=0
wind_contact_tie_mapping_failures=0
wind_contact_tie_object_samples=0
wind_contact_tie_uploads=0
wind_contact_tie_vertices=20196
wind_contact_uploads=0
wind_native_samples=8776548
wind_native_steps_seen=3298
wind_native_stock_dev_pct=0
wind_option_on=0
gpu_ms_buckets=9.3828
gpu_ms_etie=0.0000
gpu_ms_generic=0.0068
gpu_ms_hfrag=0.0000
gpu_ms_merc=0.3354
gpu_ms_ocean=0.1768
gpu_ms_other=1.4973
gpu_ms_shrub=1.1645
gpu_ms_sprite=0.3322
gpu_ms_tfrag=2.9749
gpu_ms_tie=2.8514
wind_native_rate_dev_pct=0.000
wind_native_sat_pct=0.785
wind_native_wall_dev_pct=3.921
FEATURE lighting-census armed=1 hits=1960661
gpu_ms_frames=3597
gpu_timer_supported=1
wind_bend_mm=0
wind_contact_binding_failures=0
wind_contact_defects=999999
wind_contact_jak_samples=0
wind_contact_object_samples=0
wind_contact_shrub_instances=0
wind_contact_tie_binding_failures=0
wind_contact_tie_instances=468
wind_contact_tie_jak_samples=0
wind_contact_tie_mapping_failures=0
wind_contact_tie_object_samples=0
wind_contact_tie_uploads=0
wind_contact_tie_vertices=20196
wind_contact_uploads=0
wind_native_samples=8776548
wind_native_steps_seen=3298
wind_native_stock_dev_pct=0
wind_option_on=0
gpu_ms_buckets=9.4186
gpu_ms_etie=0.0000
gpu_ms_generic=0.0068
gpu_ms_hfrag=0.0000
gpu_ms_merc=0.3352
gpu_ms_ocean=0.1767
gpu_ms_other=1.5189
gpu_ms_shrub=1.1669
gpu_ms_sprite=0.3318
gpu_ms_tfrag=2.9814
gpu_ms_tie=2.8574
wind_native_rate_dev_pct=0.000
wind_native_sat_pct=0.785
wind_native_wall_dev_pct=3.921
FEATURE lighting-census armed=1 hits=1999241
gpu_ms_frames=3657
gpu_timer_supported=1
wind_bend_mm=0
wind_contact_binding_failures=0
wind_contact_defects=999999
wind_contact_jak_samples=0
wind_contact_object_samples=0
wind_contact_shrub_instances=0
wind_contact_tie_binding_failures=0
wind_contact_tie_instances=468
wind_contact_tie_jak_samples=0
wind_contact_tie_mapping_failures=0
wind_contact_tie_object_samples=0
wind_contact_tie_uploads=0
wind_contact_tie_vertices=20196
wind_contact_uploads=0
wind_native_samples=9764448
wind_native_steps_seen=3598
wind_native_stock_dev_pct=0
wind_option_on=0
gpu_ms_buckets=9.4502
gpu_ms_etie=0.0000
gpu_ms_generic=0.0068
gpu_ms_hfrag=0.0000
gpu_ms_merc=0.3354
gpu_ms_ocean=0.1767
gpu_ms_other=1.5282
gpu_ms_shrub=1.1710
gpu_ms_sprite=0.3318
gpu_ms_tfrag=2.9897
gpu_ms_tie=2.8670
wind_native_rate_dev_pct=0.000
wind_native_sat_pct=0.705
wind_native_wall_dev_pct=3.606
FEATURE lighting-census armed=1 hits=2037821
gpu_ms_frames=3717
gpu_timer_supported=1
wind_bend_mm=0
wind_contact_binding_failures=0
wind_contact_defects=999999
wind_contact_jak_samples=0
wind_contact_object_samples=0
wind_contact_shrub_instances=0
wind_contact_tie_binding_failures=0
wind_contact_tie_instances=468
wind_contact_tie_jak_samples=0
wind_contact_tie_mapping_failures=0
wind_contact_tie_object_samples=0
wind_contact_tie_uploads=0
wind_contact_tie_vertices=20196
wind_contact_uploads=0
wind_native_samples=9764448
wind_native_steps_seen=3598
wind_native_stock_dev_pct=0
wind_option_on=0
gpu_ms_buckets=9.4862
gpu_ms_etie=0.0000
gpu_ms_generic=0.0067
gpu_ms_hfrag=0.0000
gpu_ms_merc=0.3357
gpu_ms_ocean=0.1769
gpu_ms_other=1.5411
gpu_ms_shrub=1.1745
gpu_ms_sprite=0.3317
gpu_ms_tfrag=2.9997
gpu_ms_tie=2.8762
wind_native_rate_dev_pct=0.000
wind_native_sat_pct=0.705
wind_native_wall_dev_pct=3.606
