out/jak1/iso/ENGINE.CGO: OK
out/jak1/iso/GAME.CGO: OK
out/jak1/iso/KERNEL.CGO: OK
out/jak1/iso/BEA.DGO: OK
out/jak1/iso/CIT.DGO: OK
out/jak1/iso/DAR.DGO: OK
out/jak1/iso/DEM.DGO: OK
out/jak1/iso/FIC.DGO: OK
out/jak1/iso/FIN.DGO: OK
out/jak1/iso/INT.DGO: OK
out/jak1/iso/JUB.DGO: OK
out/jak1/iso/JUN.DGO: OK
out/jak1/iso/LAV.DGO: OK
out/jak1/iso/MAI.DGO: OK
out/jak1/iso/MIS.DGO: OK
out/jak1/iso/OGR.DGO: OK
out/jak1/iso/ROB.DGO: OK
out/jak1/iso/ROL.DGO: OK
out/jak1/iso/SNO.DGO: OK
out/jak1/iso/SUB.DGO: OK
out/jak1/iso/SUN.DGO: OK
out/jak1/iso/SWA.DGO: OK
out/jak1/iso/TIT.DGO: OK
out/jak1/iso/TRA.DGO: OK
out/jak1/iso/TSZ.DGO: OK
out/jak1/iso/VI1.DGO: OK
out/jak1/iso/VI2.DGO: OK
out/jak1/iso/VI3.DGO: OK
